Component: ARM Compiler 5.06 update 7 (build 960) Tool: armlink [4d3601]

==============================================================================

Section Cross References

    startup_stm32f407xx.o(RESET) refers to startup_stm32f407xx.o(STACK) for __initial_sp
    startup_stm32f407xx.o(RESET) refers to startup_stm32f407xx.o(.text) for Reset_Handler
    startup_stm32f407xx.o(RESET) refers to stm32f4xx_it.o(i.NMI_Handler) for NMI_Handler
    startup_stm32f407xx.o(RESET) refers to stm32f4xx_it.o(i.HardFault_Handler) for HardFault_Handler
    startup_stm32f407xx.o(RESET) refers to stm32f4xx_it.o(i.MemManage_Handler) for MemManage_Handler
    startup_stm32f407xx.o(RESET) refers to stm32f4xx_it.o(i.BusFault_Handler) for BusFault_Handler
    startup_stm32f407xx.o(RESET) refers to stm32f4xx_it.o(i.UsageFault_Handler) for UsageFault_Handler
    startup_stm32f407xx.o(RESET) refers to stm32f4xx_it.o(i.SVC_Handler) for SVC_Handler
    startup_stm32f407xx.o(RESET) refers to stm32f4xx_it.o(i.DebugMon_Handler) for DebugMon_Handler
    startup_stm32f407xx.o(RESET) refers to stm32f4xx_it.o(i.PendSV_Handler) for PendSV_Handler
    startup_stm32f407xx.o(RESET) refers to stm32f4xx_it.o(i.SysTick_Handler) for SysTick_Handler
    startup_stm32f407xx.o(RESET) refers to stm32f4xx_it.o(i.EXTI2_IRQHandler) for EXTI2_IRQHandler
    startup_stm32f407xx.o(RESET) refers to stm32f4xx_it.o(i.EXTI3_IRQHandler) for EXTI3_IRQHandler
    startup_stm32f407xx.o(RESET) refers to stm32f4xx_it.o(i.EXTI4_IRQHandler) for EXTI4_IRQHandler
    startup_stm32f407xx.o(RESET) refers to stm32f4xx_it.o(i.CAN1_RX0_IRQHandler) for CAN1_RX0_IRQHandler
    startup_stm32f407xx.o(RESET) refers to stm32f4xx_it.o(i.EXTI9_5_IRQHandler) for EXTI9_5_IRQHandler
    startup_stm32f407xx.o(RESET) refers to stm32f4xx_it.o(i.TIM2_IRQHandler) for TIM2_IRQHandler
    startup_stm32f407xx.o(RESET) refers to stm32f4xx_it.o(i.TIM3_IRQHandler) for TIM3_IRQHandler
    startup_stm32f407xx.o(RESET) refers to stm32f4xx_it.o(i.TIM4_IRQHandler) for TIM4_IRQHandler
    startup_stm32f407xx.o(RESET) refers to stm32f4xx_it.o(i.DMA2_Stream0_IRQHandler) for DMA2_Stream0_IRQHandler
    startup_stm32f407xx.o(.text) refers to system_stm32f4xx.o(i.SystemInit) for SystemInit
    startup_stm32f407xx.o(.text) refers to entry.o(.ARM.Collect$$$$00000000) for __main
    main.o(i.CAN_Txsetup) refers to stm32f4xx_hal_can.o(i.HAL_CAN_Start) for HAL_CAN_Start
    main.o(i.CAN_Txsetup) refers to can.o(.bss) for hcan1
    main.o(i.CAN_Txsetup) refers to main.o(.bss) for .bss
    main.o(i.CAN_Txsetup) refers to main.o(.data) for .data
    main.o(i.CAN_filterConfig) refers to stm32f4xx_hal_can.o(i.HAL_CAN_ConfigFilter) for HAL_CAN_ConfigFilter
    main.o(i.CAN_filterConfig) refers to stm32f4xx_hal_can.o(i.HAL_CAN_ActivateNotification) for HAL_CAN_ActivateNotification
    main.o(i.CAN_filterConfig) refers to can.o(.bss) for hcan1
    main.o(i.HAL_CAN_RxFifo0MsgPendingCallback) refers to stm32f4xx_hal_can.o(i.HAL_CAN_GetRxMessage) for HAL_CAN_GetRxMessage
    main.o(i.HAL_CAN_RxFifo0MsgPendingCallback) refers to stm32f4xx_hal_gpio.o(i.HAL_GPIO_WritePin) for HAL_GPIO_WritePin
    main.o(i.HAL_CAN_RxFifo0MsgPendingCallback) refers to main.o(.data) for .data
    main.o(i.HAL_CAN_RxFifo0MsgPendingCallback) refers to main.o(.bss) for .bss
    main.o(i.HAL_TIM_IC_CaptureCallback) refers to stm32f4xx_hal_tim.o(i.HAL_TIM_ReadCapturedValue) for HAL_TIM_ReadCapturedValue
    main.o(i.HAL_TIM_IC_CaptureCallback) refers to stm32f4xx_hal_rcc.o(i.HAL_RCC_GetPCLK1Freq) for HAL_RCC_GetPCLK1Freq
    main.o(i.HAL_TIM_IC_CaptureCallback) refers to main.o(.data) for .data
    main.o(i.HAL_TIM_PeriodElapsedCallback) refers to stm32f4xx_hal_can.o(i.HAL_CAN_AddTxMessage) for HAL_CAN_AddTxMessage
    main.o(i.HAL_TIM_PeriodElapsedCallback) refers to stm32f4xx_hal_gpio.o(i.HAL_GPIO_WritePin) for HAL_GPIO_WritePin
    main.o(i.HAL_TIM_PeriodElapsedCallback) refers to main.o(i.torque_to_can) for torque_to_can
    main.o(i.HAL_TIM_PeriodElapsedCallback) refers to stm32f4xx_hal_iwdg.o(i.HAL_IWDG_Refresh) for HAL_IWDG_Refresh
    main.o(i.HAL_TIM_PeriodElapsedCallback) refers to stm32f4xx_hal_gpio.o(i.HAL_GPIO_TogglePin) for HAL_GPIO_TogglePin
    main.o(i.HAL_TIM_PeriodElapsedCallback) refers to main.o(i.check_safety) for check_safety
    main.o(i.HAL_TIM_PeriodElapsedCallback) refers to main.o(.bss) for .bss
    main.o(i.HAL_TIM_PeriodElapsedCallback) refers to main.o(.data) for .data
    main.o(i.HAL_TIM_PeriodElapsedCallback) refers to can.o(.bss) for hcan1
    main.o(i.HAL_TIM_PeriodElapsedCallback) refers to iwdg.o(.bss) for hiwdg
    main.o(i.MX_NVIC_Init) refers to stm32f4xx_hal_cortex.o(i.HAL_NVIC_SetPriority) for HAL_NVIC_SetPriority
    main.o(i.MX_NVIC_Init) refers to stm32f4xx_hal_cortex.o(i.HAL_NVIC_EnableIRQ) for HAL_NVIC_EnableIRQ
    main.o(i.SystemClock_Config) refers to memseta.o(.text) for __aeabi_memclr4
[...]
    ../Drivers/STM32F4xx_HAL_Driver/Src/stm32f4xx_hal.c 0x00000000   Number         0  stm32f4xx_hal.o ABSOLUTE
    ../Drivers/STM32F4xx_HAL_Driver/Src/stm32f4xx_hal_adc.c 0x00000000   Number         0  stm32f4xx_hal_adc.o ABSOLUTE
    ../Drivers/STM32F4xx_HAL_Driver/Src/stm32f4xx_hal_adc_ex.c 0x00000000   Number         0  stm32f4xx_hal_adc_ex.o ABSOLUTE
    ../Drivers/STM32F4xx_HAL_Driver/Src/stm32f4xx_hal_can.c 0x00000000   Number         0  stm32f4xx_hal_can.o ABSOLUTE
    ../Drivers/STM32F4xx_HAL_Driver/Src/stm32f4xx_hal_cortex.c 0x00000000   Number         0  stm32f4xx_hal_cortex.o ABSOLUTE
    ../Drivers/STM32F4xx_HAL_Driver/Src/stm32f4xx_hal_dma.c 0x00000000   Number         0  stm32f4xx_hal_dma.o ABSOLUTE
    ../Drivers/STM32F4xx_HAL_Driver/Src/stm32f4xx_hal_dma_ex.c 0x00000000   Number         0  stm32f4xx_hal_dma_ex.o ABSOLUTE
    ../Drivers/STM32F4xx_HAL_Driver/Src/stm32f4xx_hal_exti.c 0x00000000   Number         0  stm32f4xx_hal_exti.o ABSOLUTE
    ../Drivers/STM32F4xx_HAL_Driver/Src/stm32f4xx_hal_flash.c 0x00000000   Number         0  stm32f4xx_hal_flash.o ABSOLUTE
    ../Drivers/STM32F4xx_HAL_Driver/Src/stm32f4xx_hal_flash_ex.c 0x00000000   Number         0  stm32f4xx_hal_flash_ex.o ABSOLUTE
    ../Drivers/STM32F4xx_HAL_Driver/Src/stm32f4xx_hal_flash_ramfunc.c 0x00000000   Number         0  stm32f4xx_hal_flash_ramfunc.o ABSOLUTE
    ../Drivers/STM32F4xx_HAL_Driver/Src/stm32f4xx_hal_gpio.c 0x00000000   Number         0  stm32f4xx_hal_gpio.o ABSOLUTE
    ../Drivers/STM32F4xx_HAL_Driver/Src/stm32f4xx_hal_iwdg.c 0x00000000   Number         0  stm32f4xx_hal_iwdg.o ABSOLUTE
    ../Drivers/STM32F4xx_HAL_Driver/Src/stm32f4xx_hal_pwr.c 0x00000000   Number         0  stm32f4xx_hal_pwr.o ABSOLUTE
    ../Drivers/STM32F4xx_HAL_Driver/Src/stm32f4xx_hal_pwr_ex.c 0x00000000   Number         0  stm32f4xx_hal_pwr_ex.o ABSOLUTE
    ../Drivers/STM32F4xx_HAL_Driver/Src/stm32f4xx_hal_rcc.c 0x00000000   Number         0  stm32f4xx_hal_rcc.o ABSOLUTE
    ../Drivers/STM32F4xx_HAL_Driver/Src/stm32f4xx_hal_rcc_ex.c 0x00000000   Number         0  stm32f4xx_hal_rcc_ex.o ABSOLUTE
    ../Drivers/STM32F4xx_HAL_Driver/Src/stm32f4xx_hal_spi.c 0x00000000   Number         0  stm32f4xx_hal_spi.o ABSOLUTE
    ../Drivers/STM32F4xx_HAL_Driver/Src/stm32f4xx_hal_tim.c 0x00000000   Number         0  stm32f4xx_hal_tim.o ABSOLUTE
    ../Drivers/STM32F4xx_HAL_Driver/Src/stm32f4xx_hal_tim_ex.c 0x00000000   Number         0  stm32f4xx_hal_tim_ex.o ABSOLUTE
    ../Drivers/STM32F4xx_HAL_Driver/Src/stm32f4xx_ll_adc.c 0x00000000   Number         0  stm32f4xx_ll_adc.o ABSOLUTE
    ../clib/microlib/division.c              0x00000000   Number         0  uldiv.o ABSOLUTE
    ../clib/microlib/init/entry.s            0x00000000   Number         0  entry5.o ABSOLUTE
    ../clib/microlib/init/entry.s            0x00000000   Number         0  entry9a.o ABSOLUTE
    ../clib/microlib/init/entry.s            0x00000000   Number         0  entry10a.o ABSOLUTE
    ../clib/microlib/init/entry.s            0x00000000   Number         0  entry.o ABSOLUTE
    ../clib/microlib/init/entry.s            0x00000000   Number         0  entry8b.o ABSOLUTE
    ../clib/microlib/init/entry.s            0x00000000   Number         0  entry2.o ABSOLUTE
    ../clib/microlib/init/entry.s            0x00000000   Number         0  entry7a.o ABSOLUTE
    ../clib/microlib/init/entry.s            0x00000000   Number         0  entry7b.o ABSOLUTE
    ../clib/microlib/init/entry.s            0x00000000   Number         0  entry12b.o ABSOLUTE
    ../clib/microlib/init/entry.s            0x00000000   Number         0  entry12a.o ABSOLUTE
    ../clib/microlib/init/entry.s            0x00000000   Number         0  entry11b.o ABSOLUTE
    ../clib/microlib/init/entry.s            0x00000000   Number         0  entry11a.o ABSOLUTE
    ../clib/microlib/init/entry.s            0x00000000   Number         0  entry8a.o ABSOLUTE
    ../clib/microlib/init/entry.s            0x00000000   Number         0  entry10b.o ABSOLUTE
    ../clib/microlib/init/entry.s            0x00000000   Number         0  entry9b.o ABSOLUTE
    ../clib/microlib/longlong.c              0x00000000   Number         0  llsshr.o ABSOLUTE
    ../clib/microlib/longlong.c              0x00000000   Number         0  llshl.o ABSOLUTE
    ../clib/microlib/longlong.c              0x00000000   Number         0  llushr.o ABSOLUTE
    ../clib/microlib/string/memset.c         0x00000000   Number         0  memseta.o ABSOLUTE
    ../clib/microlib/stubs.s                 0x00000000   Number         0  iusefp.o ABSOLUTE
    ../fplib/microlib/fpadd.c                0x00000000   Number         0  dadd.o ABSOLUTE
    ../fplib/microlib/fpdiv.c                0x00000000   Number         0  ddiv.o ABSOLUTE
    ../fplib/microlib/fpepilogue.c           0x00000000   Number         0  depilogue.o ABSOLUTE
    ../fplib/microlib/fpfix.c                0x00000000   Number         0  dfixui.o ABSOLUTE
    ../fplib/microlib/fpflt.c                0x00000000   Number         0  dfltui.o ABSOLUTE
    ../fplib/microlib/fpmul.c                0x00000000   Number         0  dmul.o ABSOLUTE
    ..\Core\Src\adc.c                        0x00000000   Number         0  adc.o ABSOLUTE
    ..\Core\Src\can.c                        0x00000000   Number         0  can.o ABSOLUTE
    ..\Core\Src\dma.c                        0x00000000   Number         0  dma.o ABSOLUTE
    ..\Core\Src\gpio.c                       0x00000000   Number         0  gpio.o ABSOLUTE
    ..\Core\Src\iwdg.c                       0x00000000   Number         0  iwdg.o ABSOLUTE
    ..\Core\Src\main.c                       0x00000000   Number         0  main.o ABSOLUTE
    ..\Core\Src\spi.c                        0x00000000   Number         0  spi.o ABSOLUTE
    ..\Core\Src\stm32f4xx_hal_msp.c          0x00000000   Number         0  stm32f4xx_hal_msp.o ABSOLUTE
    ..\Core\Src\stm32f4xx_it.c               0x00000000   Number         0  stm32f4xx_it.o ABSOLUTE
    ..\Core\Src\system_stm32f4xx.c           0x00000000   Number         0  system_stm32f4xx.o ABSOLUTE
    ..\Core\Src\tim.c                        0x00000000   Number         0  tim.o ABSOLUTE
    ..\Drivers\STM32F4xx_HAL_Driver\Src\stm32f4xx_hal.c 0x00000000   Number         0  stm32f4xx_hal.o ABSOLUTE
    ..\Drivers\STM32F4xx_HAL_Driver\Src\stm32f4xx_hal_adc.c 0x00000000   Number         0  stm32f4xx_hal_adc.o ABSOLUTE
    ..\Drivers\STM32F4xx_HAL_Driver\Src\stm32f4xx_hal_adc_ex.c 0x00000000   Number         0  stm32f4xx_hal_adc_ex.o ABSOLUTE
    ..\Drivers\STM32F4xx_HAL_Driver\Src\stm32f4xx_hal_can.c 0x00000000   Number         0  stm32f4xx_hal_can.o ABSOLUTE
    ..\Drivers\STM32F4xx_HAL_Driver\Src\stm32f4xx_hal_cortex.c 0x00000000   Number         0  stm32f4xx_hal_cortex.o ABSOLUTE
    ..\Drivers\STM32F4xx_HAL_Driver\Src\stm32f4xx_hal_dma.c 0x00000000   Number         0  stm32f4xx_hal_dma.o ABSOLUTE
    ..\Drivers\STM32F4xx_HAL_Driver\Src\stm32f4xx_hal_dma_ex.c 0x00000000   Number         0  stm32f4xx_hal_dma_ex.o ABSOLUTE
    ..\Drivers\STM32F4xx_HAL_Driver\Src\stm32f4xx_hal_exti.c 0x00000000   Number         0  stm32f4xx_hal_exti.o ABSOLUTE
    ..\Drivers\STM32F4xx_HAL_Driver\Src\stm32f4xx_hal_flash.c 0x00000000   Number         0  stm32f4xx_hal_flash.o ABSOLUTE
    ..\Drivers\STM32F4xx_HAL_Driver\Src\stm32f4xx_hal_flash_ex.c 0x00000000   Number         0  stm32f4xx_hal_flash_ex.o ABSOLUTE
    ..\Drivers\STM32F4xx_HAL_Driver\Src\stm32f4xx_hal_flash_ramfunc.c 0x00000000   Number         0  stm32f4xx_hal_flash_ramfunc.o ABSOLUTE
    ..\Drivers\STM32F4xx_HAL_Driver\Src\stm32f4xx_hal_gpio.c 0x00000000   Number         0  stm32f4xx_hal_gpio.o ABSOLUTE
    ..\Drivers\STM32F4xx_HAL_Driver\Src\stm32f4xx_hal_iwdg.c 0x00000000   Number         0  stm32f4xx_hal_iwdg.o ABSOLUTE
    ..\Drivers\STM32F4xx_HAL_Driver\Src\stm32f4xx_hal_pwr.c 0x00000000   Number         0  stm32f4xx_hal_pwr.o ABSOLUTE
    ..\Drivers\STM32F4xx_HAL_Driver\Src\stm32f4xx_hal_pwr_ex.c 0x00000000   Number         0  stm32f4xx_hal_pwr_ex.o ABSOLUTE
    ..\Drivers\STM32F4xx_HAL_Driver\Src\stm32f4xx_hal_rcc.c 0x00000000   Number         0  stm32f4xx_hal_rcc.o ABSOLUTE
    ..\Drivers\STM32F4xx_HAL_Driver\Src\stm32f4xx_hal_rcc_ex.c 0x00000000   Number         0  stm32f4xx_hal_rcc_ex.o ABSOLUTE
    ..\Drivers\STM32F4xx_HAL_Driver\Src\stm32f4xx_hal_spi.c 0x00000000   Number         0  stm32f4xx_hal_spi.o ABSOLUTE
    ..\Drivers\STM32F4xx_HAL_Driver\Src\stm32f4xx_hal_tim.c 0x00000000   Number         0  stm32f4xx_hal_tim.o ABSOLUTE
    ..\Drivers\STM32F4xx_HAL_Driver\Src\stm32f4xx_hal_tim_ex.c 0x00000000   Number         0  stm32f4xx_hal_tim_ex.o ABSOLUTE
    cdrcmple.s                               0x00000000   Number         0  cdrcmple.o ABSOLUTE
    dc.s                                     0x00000000   Number         0  dc.o ABSOLUTE
    handlers.s                               0x00000000   Number         0  handlers.o ABSOLUTE
    init.s                                   0x00000000   Number         0  init.o ABSOLUTE
    startup_stm32f407xx.s                    0x00000000   Number         0  startup_stm32f407xx.o ABSOLUTE
    RESET                                    0x08000000   Section      392  startup_stm32f407xx.o(RESET)
    .ARM.Collect$$$$00000000                 0x08000188   Section        0  entry.o(.ARM.Collect$$$$00000000)
    .ARM.Collect$$$$00000001                 0x08000188   Section        4  entry2.o(.ARM.Collect$$$$00000001)
    .ARM.Collect$$$$00000004                 0x0800018c   Section        4  entry5.o(.ARM.Collect$$$$00000004)
    .ARM.Collect$$$$00000008                 0x08000190   Section        0  entry7b.o(.ARM.Collect$$$$00000008)
    .ARM.Collect$$$$0000000A                 0x08000190   Section        0  entry8b.o(.ARM.Collect$$$$0000000A)
    .ARM.Collect$$$$0000000B                 0x08000190   Section        8  entry9a.o(.ARM.Collect$$$$0000000B)
    .ARM.Collect$$$$0000000E                 0x08000198   Section        4  entry12b.o(.ARM.Collect$$$$0000000E)
    .ARM.Collect$$$$0000000F                 0x0800019c   Section        0  entry10a.o(.ARM.Collect$$$$0000000F)
    .ARM.Collect$$$$00000011                 0x0800019c   Section        0  entry11a.o(.ARM.Collect$$$$00000011)
    .ARM.Collect$$$$00002712                 0x0800019c   Section        4  entry2.o(.ARM.Collect$$$$00002712)
    __lit__00000000                          0x0800019c   Data           4  entry2.o(.ARM.Collect$$$$00002712)
    .text                                    0x080001a0   Section       36  startup_stm32f407xx.o(.text)
    $v0                                      0x080001a0   Number         0  startup_stm32f407xx.o(.text)
    .text                                    0x080001c4   Section        0  uldiv.o(.text)
    .text                                    0x08000226   Section        0  memseta.o(.text)
    .text                                    0x0800024a   Section        0  dmul.o(.text)
    .text                                    0x0800032e   Section        0  ddiv.o(.text)
    .text                                    0x0800040c   Section        0  dfltui.o(.text)
    .text                                    0x08000426   Section        0  dfixui.o(.text)
    .text                                    0x08000458   Section       48  cdrcmple.o(.text)
    .text                                    0x08000488   Section        0  llshl.o(.text)
    .text                                    0x080004a6   Section        0  llushr.o(.text)
    .text                                    0x080004c6   Section        0  iusefp.o(.text)
    .text                                    0x080004c6   Section        0  depilogue.o(.text)
    .text                                    0x08000580   Section       36  init.o(.text)
    i.ADC_DMAConvCplt                        0x080005a4   Section        0  stm32f4xx_hal_adc.o(i.ADC_DMAConvCplt)
    ADC_DMAConvCplt                          0x080005a5   Thumb Code   110  stm32f4xx_hal_adc.o(i.ADC_DMAConvCplt)
    i.ADC_DMAError                           0x08000612   Section        0  stm32f4xx_hal_adc.o(i.ADC_DMAError)
    ADC_DMAError                             0x08000613   Thumb Code    22  stm32f4xx_hal_adc.o(i.ADC_DMAError)
    i.ADC_DMAHalfConvCplt                    0x08000628   Section        0  stm32f4xx_hal_adc.o(i.ADC_DMAHalfConvCplt)
    ADC_DMAHalfConvCplt                      0x08000629   Thumb Code    10  stm32f4xx_hal_adc.o(i.ADC_DMAHalfConvCplt)
    i.ADC_Init                               0x08000634   Section        0  stm32f4xx_hal_adc.o(i.ADC_Init)
    ADC_Init                                 0x08000635   Thumb Code   284  stm32f4xx_hal_adc.o(i.ADC_Init)
    i.BusFault_Handler                       0x0800075c   Section        0  stm32f4xx_it.o(i.BusFault_Handler)
    i.CAN1_RX0_IRQHandler                    0x08000760   Section        0  stm32f4xx_it.o(i.CAN1_RX0_IRQHandler)
    i.CAN_Txsetup                            0x0800076c   Section        0  main.o(i.CAN_Txsetup)
    i.CAN_filterConfig                       0x08000814   Section        0  main.o(i.CAN_filterConfig)
    i.DMA2_Stream0_IRQHandler                0x08000858   Section        0  stm32f4xx_it.o(i.DMA2_Stream0_IRQHandler)
    i.DMA_CalcBaseAndBitshift                0x08000864   Section        0  stm32f4xx_hal_dma.o(i.DMA_CalcBaseAndBitshift)
    DMA_CalcBaseAndBitshift                  0x08000865   Thumb Code    34  stm32f4xx_hal_dma.o(i.DMA_CalcBaseAndBitshift)
    i.DMA_CheckFifoParam                     0x0800088c   Section        0  stm32f4xx_hal_dma.o(i.DMA_CheckFifoParam)
    DMA_CheckFifoParam                       0x0800088d   Thumb Code    84  stm32f4xx_hal_dma.o(i.DMA_CheckFifoParam)
    i.DMA_SetConfig                          0x080008e0   Section        0  stm32f4xx_hal_dma.o(i.DMA_SetConfig)
    DMA_SetConfig                            0x080008e1   Thumb Code    40  stm32f4xx_hal_dma.o(i.DMA_SetConfig)
    i.DebugMon_Handler                       0x08000908   Section        0  stm32f4xx_it.o(i.DebugMon_Handler)
    i.EXTI2_IRQHandler                       0x0800090a   Section        0  stm32f4xx_it.o(i.EXTI2_IRQHandler)
    i.EXTI3_IRQHandler                       0x08000910   Section        0  stm32f4xx_it.o(i.EXTI3_IRQHandler)
    i.EXTI4_IRQHandler                       0x08000916   Section        0  stm32f4xx_it.o(i.EXTI4_IRQHandler)
    i.EXTI9_5_IRQHandler                     0x0800091c   Section        0  stm32f4xx_it.o(i.EXTI9_5_IRQHandler)
    i.Error_Handler                          0x08000922   Section        0  main.o(i.Error_Handler)
    i.HAL_ADC_ConfigChannel                  0x08000928   Section        0  stm32f4xx_hal_adc.o(i.HAL_ADC_ConfigChannel)
    i.HAL_ADC_ConvCpltCallback               0x08000a74   Section        0  stm32f4xx_hal_adc.o(i.HAL_ADC_ConvCpltCallback)
    i.HAL_ADC_ConvHalfCpltCallback           0x08000a76   Section        0  stm32f4xx_hal_adc.o(i.HAL_ADC_ConvHalfCpltCallback)
    i.HAL_ADC_ErrorCallback                  0x08000a78   Section        0  stm32f4xx_hal_adc.o(i.HAL_ADC_ErrorCallback)
    i.HAL_ADC_Init                           0x08000a7a   Section        0  stm32f4xx_hal_adc.o(i.HAL_ADC_Init)
    i.HAL_ADC_MspInit                        0x08000ad0   Section        0  adc.o(i.HAL_ADC_MspInit)
    i.HAL_ADC_Start_DMA                      0x08000b88   Section        0  stm32f4xx_hal_adc.o(i.HAL_ADC_Start_DMA)
    i.HAL_CAN_ActivateNotification           0x08000cdc   Section        0  stm32f4xx_hal_can.o(i.HAL_CAN_ActivateNotification)
    i.HAL_CAN_AddTxMessage                   0x08000d00   Section        0  stm32f4xx_hal_can.o(i.HAL_CAN_AddTxMessage)
    i.HAL_CAN_ConfigFilter                   0x08000ddc   Section        0  stm32f4xx_hal_can.o(i.HAL_CAN_ConfigFilter)
    i.HAL_CAN_ErrorCallback                  0x08000ee8   Section        0  stm32f4xx_hal_can.o(i.HAL_CAN_ErrorCallback)
    i.HAL_CAN_GetRxMessage                   0x08000eea   Section        0  stm32f4xx_hal_can.o(i.HAL_CAN_GetRxMessage)
    i.HAL_CAN_IRQHandler                     0x08000fd2   Section        0  stm32f4xx_hal_can.o(i.HAL_CAN_IRQHandler)
    i.HAL_CAN_Init                           0x080011ce   Section        0  stm32f4xx_hal_can.o(i.HAL_CAN_Init)
    i.HAL_CAN_MspInit                        0x080012e8   Section        0  can.o(i.HAL_CAN_MspInit)
    i.HAL_CAN_RxFifo0FullCallback            0x08001350   Section        0  stm32f4xx_hal_can.o(i.HAL_CAN_RxFifo0FullCallback)
    i.HAL_CAN_RxFifo0MsgPendingCallback      0x08001354   Section        0  main.o(i.HAL_CAN_RxFifo0MsgPendingCallback)
    i.HAL_CAN_RxFifo1FullCallback            0x0800141c   Section        0  stm32f4xx_hal_can.o(i.HAL_CAN_RxFifo1FullCallback)
    i.HAL_CAN_RxFifo1MsgPendingCallback      0x0800141e   Section        0  stm32f4xx_hal_can.o(i.HAL_CAN_RxFifo1MsgPendingCallback)
    i.HAL_CAN_SleepCallback                  0x08001420   Section        0  stm32f4xx_hal_can.o(i.HAL_CAN_SleepCallback)
    i.HAL_CAN_Start                          0x08001424   Section        0  stm32f4xx_hal_can.o(i.HAL_CAN_Start)
    i.HAL_CAN_TxMailbox0AbortCallback        0x0800147c   Section        0  stm32f4xx_hal_can.o(i.HAL_CAN_TxMailbox0AbortCallback)
    i.HAL_CAN_TxMailbox0CompleteCallback     0x0800147e   Section        0  stm32f4xx_hal_can.o(i.HAL_CAN_TxMailbox0CompleteCallback)
    i.HAL_CAN_TxMailbox1AbortCallback        0x08001480   Section        0  stm32f4xx_hal_can.o(i.HAL_CAN_TxMailbox1AbortCallback)
    i.HAL_CAN_TxMailbox1CompleteCallback     0x08001482   Section        0  stm32f4xx_hal_can.o(i.HAL_CAN_TxMailbox1CompleteCallback)
    i.HAL_CAN_TxMailbox2AbortCallback        0x08001484   Section        0  stm32f4xx_hal_can.o(i.HAL_CAN_TxMailbox2AbortCallback)
    i.HAL_CAN_TxMailbox2CompleteCallback     0x08001486   Section        0  stm32f4xx_hal_can.o(i.HAL_CAN_TxMailbox2CompleteCallback)
    i.HAL_CAN_WakeUpFromRxMsgCallback        0x08001488   Section        0  stm32f4xx_hal_can.o(i.HAL_CAN_WakeUpFromRxMsgCallback)
    i.HAL_DMA_IRQHandler                     0x0800148c   Section        0  stm32f4xx_hal_dma.o(i.HAL_DMA_IRQHandler)
    i.HAL_DMA_Init                           0x0800162c   Section        0  stm32f4xx_hal_dma.o(i.HAL_DMA_Init)
    i.HAL_DMA_Start_IT                       0x08001700   Section        0  stm32f4xx_hal_dma.o(i.HAL_DMA_Start_IT)
    i.HAL_Delay                              0x08001770   Section        0  stm32f4xx_hal.o(i.HAL_Delay)
    i.HAL_GPIO_EXTI_Callback                 0x08001794   Section        0  gpio.o(i.HAL_GPIO_EXTI_Callback)
    i.HAL_GPIO_EXTI_IRQHandler               0x08001870   Section        0  stm32f4xx_hal_gpio.o(i.HAL_GPIO_EXTI_IRQHandler)
    i.HAL_GPIO_Init                          0x08001888   Section        0  stm32f4xx_hal_gpio.o(i.HAL_GPIO_Init)
    i.HAL_GPIO_ReadPin                       0x08001a74   Section        0  stm32f4xx_hal_gpio.o(i.HAL_GPIO_ReadPin)
    i.HAL_GPIO_TogglePin                     0x08001a7e   Section        0  stm32f4xx_hal_gpio.o(i.HAL_GPIO_TogglePin)
    i.HAL_GPIO_WritePin                      0x08001a8e   Section        0  stm32f4xx_hal_gpio.o(i.HAL_GPIO_WritePin)
    i.HAL_GetTick                            0x08001a98   Section        0  stm32f4xx_hal.o(i.HAL_GetTick)
    i.HAL_IWDG_Init                          0x08001aa4   Section        0  stm32f4xx_hal_iwdg.o(i.HAL_IWDG_Init)
    i.HAL_IWDG_Refresh                       0x08001afe   Section        0  stm32f4xx_hal_iwdg.o(i.HAL_IWDG_Refresh)
    i.HAL_IncTick                            0x08001b0c   Section        0  stm32f4xx_hal.o(i.HAL_IncTick)
    i.HAL_Init                               0x08001b1c   Section        0  stm32f4xx_hal.o(i.HAL_Init)
    i.HAL_InitTick                           0x08001b50   Section        0  stm32f4xx_hal.o(i.HAL_InitTick)
    i.HAL_MspInit                            0x08001b90   Section        0  stm32f4xx_hal_msp.o(i.HAL_MspInit)
    i.HAL_NVIC_EnableIRQ                     0x08001bc4   Section        0  stm32f4xx_hal_cortex.o(i.HAL_NVIC_EnableIRQ)
    i.HAL_NVIC_SetPriority                   0x08001be0   Section        0  stm32f4xx_hal_cortex.o(i.HAL_NVIC_SetPriority)
    i.HAL_NVIC_SetPriorityGrouping           0x08001c20   Section        0  stm32f4xx_hal_cortex.o(i.HAL_NVIC_SetPriorityGrouping)
    i.HAL_RCC_ClockConfig                    0x08001c44   Section        0  stm32f4xx_hal_rcc.o(i.HAL_RCC_ClockConfig)
    i.HAL_RCC_GetPCLK1Freq                   0x08001d78   Section        0  stm32f4xx_hal_rcc.o(i.HAL_RCC_GetPCLK1Freq)
    i.HAL_RCC_GetSysClockFreq                0x08001d98   Section        0  stm32f4xx_hal_rcc.o(i.HAL_RCC_GetSysClockFreq)
    i.HAL_RCC_OscConfig                      0x08001df8   Section        0  stm32f4xx_hal_rcc.o(i.HAL_RCC_OscConfig)
    i.HAL_SPI_Init                           0x08002164   Section        0  stm32f4xx_hal_spi.o(i.HAL_SPI_Init)
    i.HAL_SPI_MspInit                        0x08002220   Section        0  spi.o(i.HAL_SPI_MspInit)
    i.HAL_SPI_Transmit                       0x080022b0   Section        0  stm32f4xx_hal_spi.o(i.HAL_SPI_Transmit)
    i.HAL_SYSTICK_Config                     0x08002416   Section        0  stm32f4xx_hal_cortex.o(i.HAL_SYSTICK_Config)
    i.HAL_TIMEx_BreakCallback                0x0800243e   Section        0  stm32f4xx_hal_tim_ex.o(i.HAL_TIMEx_BreakCallback)
    i.HAL_TIMEx_CommutCallback               0x08002440   Section        0  stm32f4xx_hal_tim_ex.o(i.HAL_TIMEx_CommutCallback)
    i.HAL_TIMEx_ConfigBreakDeadTime          0x08002442   Section        0  stm32f4xx_hal_tim_ex.o(i.HAL_TIMEx_ConfigBreakDeadTime)
    i.HAL_TIMEx_MasterConfigSynchronization  0x08002498   Section        0  stm32f4xx_hal_tim_ex.o(i.HAL_TIMEx_MasterConfigSynchronization)
    i.HAL_TIM_Base_Init                      0x08002528   Section        0  stm32f4xx_hal_tim.o(i.HAL_TIM_Base_Init)
    i.HAL_TIM_Base_MspInit                   0x08002584   Section        0  tim.o(i.HAL_TIM_Base_MspInit)
    i.HAL_TIM_Base_Start_IT                  0x08002674   Section        0  stm32f4xx_hal_tim.o(i.HAL_TIM_Base_Start_IT)
    i.HAL_TIM_ConfigClockSource              0x080026f4   Section        0  stm32f4xx_hal_tim.o(i.HAL_TIM_ConfigClockSource)
    i.HAL_TIM_IC_CaptureCallback             0x080027cc   Section        0  main.o(i.HAL_TIM_IC_CaptureCallback)
    i.HAL_TIM_IC_ConfigChannel               0x080028e4   Section        0  stm32f4xx_hal_tim.o(i.HAL_TIM_IC_ConfigChannel)
    i.HAL_TIM_IC_Init                        0x080029f2   Section        0  stm32f4xx_hal_tim.o(i.HAL_TIM_IC_Init)
    i.HAL_TIM_IC_MspInit                     0x08002a4c   Section        0  stm32f4xx_hal_tim.o(i.HAL_TIM_IC_MspInit)
    i.HAL_TIM_IC_Start_IT                    0x08002a50   Section        0  stm32f4xx_hal_tim.o(i.HAL_TIM_IC_Start_IT)
    i.HAL_TIM_IRQHandler                     0x08002b58   Section        0  stm32f4xx_hal_tim.o(i.HAL_TIM_IRQHandler)
    i.HAL_TIM_MspPostInit                    0x08002cc0   Section        0  tim.o(i.HAL_TIM_MspPostInit)
    i.HAL_TIM_OC_DelayElapsedCallback        0x08002d14   Section        0  stm32f4xx_hal_tim.o(i.HAL_TIM_OC_DelayElapsedCallback)
    i.HAL_TIM_PWM_ConfigChannel              0x08002d16   Section        0  stm32f4xx_hal_tim.o(i.HAL_TIM_PWM_ConfigChannel)
    i.HAL_TIM_PWM_Init                       0x08002ddc   Section        0  stm32f4xx_hal_tim.o(i.HAL_TIM_PWM_Init)
    i.HAL_TIM_PWM_MspInit                    0x08002e36   Section        0  stm32f4xx_hal_tim.o(i.HAL_TIM_PWM_MspInit)
    i.HAL_TIM_PWM_PulseFinishedCallback      0x08002e38   Section        0  stm32f4xx_hal_tim.o(i.HAL_TIM_PWM_PulseFinishedCallback)
    i.HAL_TIM_PWM_Start                      0x08002e3c   Section        0  stm32f4xx_hal_tim.o(i.HAL_TIM_PWM_Start)
    i.HAL_TIM_PeriodElapsedCallback          0x08002f04   Section        0  main.o(i.HAL_TIM_PeriodElapsedCallback)
    i.HAL_TIM_ReadCapturedValue              0x08003020   Section        0  stm32f4xx_hal_tim.o(i.HAL_TIM_ReadCapturedValue)
    i.HAL_TIM_SlaveConfigSynchro             0x0800304a   Section        0  stm32f4xx_hal_tim.o(i.HAL_TIM_SlaveConfigSynchro)
    i.HAL_TIM_TriggerCallback                0x080030a0   Section        0  stm32f4xx_hal_tim.o(i.HAL_TIM_TriggerCallback)
    i.HardFault_Handler                      0x080030a2   Section        0  stm32f4xx_it.o(i.HardFault_Handler)
    i.MX_ADC1_Init                           0x080030a4   Section        0  adc.o(i.MX_ADC1_Init)
    i.MX_CAN1_Init                           0x0800315c   Section        0  can.o(i.MX_CAN1_Init)
    i.MX_DMA_Init                            0x080031a0   Section        0  dma.o(i.MX_DMA_Init)
    i.MX_GPIO_Init                           0x080031bc   Section        0  gpio.o(i.MX_GPIO_Init)
    i.MX_IWDG_Init                           0x080032f0   Section        0  iwdg.o(i.MX_IWDG_Init)
    i.MX_NVIC_Init                           0x0800331c   Section        0  main.o(i.MX_NVIC_Init)
    MX_NVIC_Init                             0x0800331d   Thumb Code   118  main.o(i.MX_NVIC_Init)
    i.MX_SPI2_Init                           0x08003394   Section        0  spi.o(i.MX_SPI2_Init)
    i.MX_TIM1_Init                           0x080033dc   Section        0  tim.o(i.MX_TIM1_Init)
    i.MX_TIM2_Init                           0x080034a4   Section        0  tim.o(i.MX_TIM2_Init)
    i.MX_TIM3_Init                           0x0800350c   Section        0  tim.o(i.MX_TIM3_Init)
    i.MX_TIM4_Init                           0x080035e4   Section        0  tim.o(i.MX_TIM4_Init)
    i.MemManage_Handler                      0x080036bc   Section        0  stm32f4xx_it.o(i.MemManage_Handler)
    i.NMI_Handler                            0x080036be   Section        0  stm32f4xx_it.o(i.NMI_Handler)
    i.PendSV_Handler                         0x080036c0   Section        0  stm32f4xx_it.o(i.PendSV_Handler)
    i.SPI_EndRxTxTransaction                 0x080036c4   Section        0  stm32f4xx_hal_spi.o(i.SPI_EndRxTxTransaction)
    SPI_EndRxTxTransaction                   0x080036c5   Thumb Code    80  stm32f4xx_hal_spi.o(i.SPI_EndRxTxTransaction)
    i.SPI_WaitFlagStateUntilTimeout          0x0800371c   Section        0  stm32f4xx_hal_spi.o(i.SPI_WaitFlagStateUntilTimeout)
    SPI_WaitFlagStateUntilTimeout            0x0800371d   Thumb Code   180  stm32f4xx_hal_spi.o(i.SPI_WaitFlagStateUntilTimeout)
    i.SVC_Handler                            0x080037d4   Section        0  stm32f4xx_it.o(i.SVC_Handler)
    i.SysTick_Handler                        0x080037d6   Section        0  stm32f4xx_it.o(i.SysTick_Handler)
    i.SystemClock_Config                     0x080037dc   Section        0  main.o(i.SystemClock_Config)
    i.SystemInit                             0x08003874   Section        0  system_stm32f4xx.o(i.SystemInit)
    i.TIM2_IRQHandler                        0x08003884   Section        0  stm32f4xx_it.o(i.TIM2_IRQHandler)
    i.TIM3_IRQHandler                        0x08003890   Section        0  stm32f4xx_it.o(i.TIM3_IRQHandler)
    i.TIM4_IRQHandler                        0x0800389c   Section        0  stm32f4xx_it.o(i.TIM4_IRQHandler)
    i.TIM_Base_SetConfig                     0x080038a8   Section        0  stm32f4xx_hal_tim.o(i.TIM_Base_SetConfig)
    i.TIM_CCxChannelCmd                      0x08003970   Section        0  stm32f4xx_hal_tim.o(i.TIM_CCxChannelCmd)
    i.TIM_ETR_SetConfig                      0x0800398a   Section        0  stm32f4xx_hal_tim.o(i.TIM_ETR_SetConfig)
    i.TIM_ITRx_SetConfig                     0x0800399e   Section        0  stm32f4xx_hal_tim.o(i.TIM_ITRx_SetConfig)
    TIM_ITRx_SetConfig                       0x0800399f   Thumb Code    16  stm32f4xx_hal_tim.o(i.TIM_ITRx_SetConfig)
    i.TIM_OC1_SetConfig                      0x080039b0   Section        0  stm32f4xx_hal_tim.o(i.TIM_OC1_SetConfig)
    TIM_OC1_SetConfig                        0x080039b1   Thumb Code    88  stm32f4xx_hal_tim.o(i.TIM_OC1_SetConfig)
    i.TIM_OC2_SetConfig                      0x08003a10   Section        0  stm32f4xx_hal_tim.o(i.TIM_OC2_SetConfig)
    i.TIM_OC3_SetConfig                      0x08003a7c   Section        0  stm32f4xx_hal_tim.o(i.TIM_OC3_SetConfig)
    TIM_OC3_SetConfig                        0x08003a7d   Thumb Code    96  stm32f4xx_hal_tim.o(i.TIM_OC3_SetConfig)
    i.TIM_OC4_SetConfig                      0x08003ae4   Section        0  stm32f4xx_hal_tim.o(i.TIM_OC4_SetConfig)
    TIM_OC4_SetConfig                        0x08003ae5   Thumb Code    70  stm32f4xx_hal_tim.o(i.TIM_OC4_SetConfig)
    i.TIM_SlaveTimer_SetConfig               0x08003b34   Section        0  stm32f4xx_hal_tim.o(i.TIM_SlaveTimer_SetConfig)
    TIM_SlaveTimer_SetConfig                 0x08003b35   Thumb Code   134  stm32f4xx_hal_tim.o(i.TIM_SlaveTimer_SetConfig)
    i.TIM_TI1_ConfigInputStage               0x08003bba   Section        0  stm32f4xx_hal_tim.o(i.TIM_TI1_ConfigInputStage)
    TIM_TI1_ConfigInputStage                 0x08003bbb   Thumb Code    34  stm32f4xx_hal_tim.o(i.TIM_TI1_ConfigInputStage)
    i.TIM_TI1_SetConfig                      0x08003bdc   Section        0  stm32f4xx_hal_tim.o(i.TIM_TI1_SetConfig)
    i.TIM_TI2_ConfigInputStage               0x08003c5c   Section        0  stm32f4xx_hal_tim.o(i.TIM_TI2_ConfigInputStage)
    TIM_TI2_ConfigInputStage                 0x08003c5d   Thumb Code    36  stm32f4xx_hal_tim.o(i.TIM_TI2_ConfigInputStage)
    i.TIM_TI2_SetConfig                      0x08003c80   Section        0  stm32f4xx_hal_tim.o(i.TIM_TI2_SetConfig)
    TIM_TI2_SetConfig                        0x08003c81   Thumb Code    54  stm32f4xx_hal_tim.o(i.TIM_TI2_SetConfig)
    i.UsageFault_Handler                     0x08003cb6   Section        0  stm32f4xx_it.o(i.UsageFault_Handler)
    i.__NVIC_SetPriority                     0x08003cb8   Section        0  stm32f4xx_hal_cortex.o(i.__NVIC_SetPriority)
    __NVIC_SetPriority                       0x08003cb9   Thumb Code    32  stm32f4xx_hal_cortex.o(i.__NVIC_SetPriority)
    i.__scatterload_copy                     0x08003cd8   Section       14  handlers.o(i.__scatterload_copy)
    i.__scatterload_null                     0x08003ce6   Section        2  handlers.o(i.__scatterload_null)
    i.__scatterload_zeroinit                 0x08003ce8   Section       14  handlers.o(i.__scatterload_zeroinit)
    i.adxl_init                              0x08003cf6   Section        0  main.o(i.adxl_init)
    i.adxl_write                             0x08003d14   Section        0  main.o(i.adxl_write)
    i.check_safety                           0x08003d54   Section        0  main.o(i.check_safety)
    i.driving_mode                           0x08003ddc   Section        0  main.o(i.driving_mode)
    i.main                                   0x08003e58   Section        0  main.o(i.main)
    i.map                                    0x08003ff0   Section        0  main.o(i.map)
    i.torque_command                         0x08004014   Section        0  main.o(i.torque_command)
    i.torque_to_can                          0x08004090   Section        0  main.o(i.torque_to_can)
    .constdata                               0x080040c8   Section        8  stm32f4xx_hal_dma.o(.constdata)
    flagBitshiftOffset                       0x080040c8   Data           8  stm32f4xx_hal_dma.o(.constdata)
    .constdata                               0x080040d0   Section       16  system_stm32f4xx.o(.constdata)
    .constdata                               0x080040e0   Section        8  system_stm32f4xx.o(.constdata)
    .data                                    0x20000000   Section      176  main.o(.data)
    .data                                    0x200000b0   Section       12  stm32f4xx_hal.o(.data)
    .data                                    0x200000bc   Section        4  system_stm32f4xx.o(.data)
    .bss                                     0x200000c0   Section      136  main.o(.bss)
    TxMessage_right                          0x200000cc   Data          24  main.o(.bss)
    TxMessage_left                           0x200000e4   Data          24  main.o(.bss)
    TxMessage_R_clear                        0x200000fc   Data          24  main.o(.bss)
    TxMessage_L_clear                        0x20000114   Data          24  main.o(.bss)
    RxMessage                                0x2000012c   Data          28  main.o(.bss)
    .bss                                     0x20000148   Section      168  adc.o(.bss)
    .bss                                     0x200001f0   Section       40  can.o(.bss)
    .bss                                     0x20000218   Section       12  iwdg.o(.bss)
    .bss                                     0x20000224   Section       88  spi.o(.bss)
    .bss                                     0x2000027c   Section      288  tim.o(.bss)
    STACK                                    0x200003a0   Section     1024  startup_stm32f407xx.o(STACK)

    Global Symbols

    Symbol Name                              Value     Ov Type        Size  Object(Section)

    BuildAttributes$$THM_ISAv4$E$P$D$K$B$S$7EM$VFPi3$EXTD16$VFPS$VFMA$PE$A:L22UL41UL21$X:L11$S22US41US21$IEEE1$IW$USESV6$~STKCKD$USESV7$~SHL$OSPACE$ROPI$EBA8$MICROLIB$REQ8$PRES8$EABIv2 0x00000000   Number         0  anon$$obj.o ABSOLUTE
    __ARM_use_no_argv                        0x00000000   Number         0  main.o ABSOLUTE
    __arm_fini_                               - Undefined Weak Reference
    __cpp_initialize__aeabi_                  - Undefined Weak Reference
    __cxa_finalize                            - Undefined Weak Reference
    __decompress                              - Undefined Weak Reference
    _clock_init                               - Undefined Weak Reference
    _microlib_exit                            - Undefined Weak Reference
    __Vectors_Size                           0x00000188   Number         0  startup_stm32f407xx.o ABSOLUTE
    __Vectors                                0x08000000   Data           4  startup_stm32f407xx.o(RESET)
    __Vectors_End                            0x08000188   Data           0  startup_stm32f407xx.o(RESET)
    __main                                   0x08000189   Thumb Code     0  entry.o(.ARM.Collect$$$$00000000)
    _main_stk                                0x08000189   Thumb Code     0  entry2.o(.ARM.Collect$$$$00000001)
    _main_scatterload                        0x0800018d   Thumb Code     0  entry5.o(.ARM.Collect$$$$00000004)
    __main_after_scatterload                 0x08000191   Thumb Code     0  entry5.o(.ARM.Collect$$$$00000004)
    _main_clock                              0x08000191   Thumb Code     0  entry7b.o(.ARM.Collect$$$$00000008)
    _main_cpp_init                           0x08000191   Thumb Code     0  entry8b.o(.ARM.Collect$$$$0000000A)
    _main_init                               0x08000191   Thumb Code     0  entry9a.o(.ARM.Collect$$$$0000000B)
    __rt_lib_shutdown_fini                   0x08000199   Thumb Code     0  entry12b.o(.ARM.Collect$$$$0000000E)
    __rt_final_cpp                           0x0800019d   Thumb Code     0  entry10a.o(.ARM.Collect$$$$0000000F)
    __rt_final_exit                          0x0800019d   Thumb Code     0  entry11a.o(.ARM.Collect$$$$00000011)
    Reset_Handler                            0x080001a1   Thumb Code     8  startup_stm32f407xx.o(.text)
    ADC_IRQHandler                           0x080001bb   Thumb Code     0  startup_stm32f407xx.o(.text)
    CAN1_RX1_IRQHandler                      0x080001bb   Thumb Code     0  startup_stm32f407xx.o(.text)
    CAN1_SCE_IRQHandler                      0x080001bb   Thumb Code     0  startup_stm32f407xx.o(.text)
    CAN1_TX_IRQHandler                       0x080001bb   Thumb Code     0  startup_stm32f407xx.o(.text)
    CAN2_RX0_IRQHandler                      0x080001bb   Thumb Code     0  startup_stm32f407xx.o(.text)
    CAN2_RX1_IRQHandler                      0x080001bb   Thumb Code     0  startup_stm32f407xx.o(.text)
    CAN2_SCE_IRQHandler                      0x080001bb   Thumb Code     0  startup_stm32f407xx.o(.text)
    CAN2_TX_IRQHandler                       0x080001bb   Thumb Code     0  startup_stm32f407xx.o(.text)
    DCMI_IRQHandler                          0x080001bb   Thumb Code     0  startup_stm32f407xx.o(.text)
    DMA1_Stream0_IRQHandler                  0x080001bb   Thumb Code     0  startup_stm32f407xx.o(.text)
    DMA1_Stream1_IRQHandler                  0x080001bb   Thumb Code     0  startup_stm32f407xx.o(.text)
    DMA1_Stream2_IRQHandler                  0x080001bb   Thumb Code     0  startup_stm32f407xx.o(.text)
    DMA1_Stream3_IRQHandler                  0x080001bb   Thumb Code     0  startup_stm32f407xx.o(.text)
    DMA1_Stream4_IRQHandler                  0x080001bb   Thumb Code     0  startup_stm32f407xx.o(.text)
    DMA1_Stream5_IRQHandler                  0x080001bb   Thumb Code     0  startup_stm32f407xx.o(.text)
    DMA1_Stream6_IRQHandler                  0x080001bb   Thumb Code     0  startup_stm32f407xx.o(.text)
    DMA1_Stream7_IRQHandler                  0x080001bb   Thumb Code     0  startup_stm32f407xx.o(.text)
    DMA2_Stream1_IRQHandler                  0x080001bb   Thumb Code     0  startup_stm32f407xx.o(.text)
    DMA2_Stream2_IRQHandler                  0x080001bb   Thumb Code     0  startup_stm32f407xx.o(.text)
    DMA2_Stream3_IRQHandler                  0x080001bb   Thumb Code     0  startup_stm32f407xx.o(.text)
    DMA2_Stream4_IRQHandler                  0x080001bb   Thumb Code     0  startup_stm32f407xx.o(.text)
    DMA2_Stream5_IRQHandler                  0x080001bb   Thumb Code     0  startup_stm32f407xx.o(.text)
    DMA2_Stream6_IRQHandler                  0x080001bb   Thumb Code     0  startup_stm32f407xx.o(.text)
    DMA2_Stream7_IRQHandler                  0x080001bb   Thumb Code     0  startup_stm32f407xx.o(.text)
    ETH_IRQHandler                           0x080001bb   Thumb Code     0  startup_stm32f407xx.o(.text)
    ETH_WKUP_IRQHandler                      0x080001bb   Thumb Code     0  startup_stm32f407xx.o(.text)
    EXTI0_IRQHandler                         0x080001bb   Thumb Code     0  startup_stm32f407xx.o(.text)
    EXTI15_10_IRQHandler                     0x080001bb   Thumb Code     0  startup_stm32f407xx.o(.text)
    EXTI1_IRQHandler                         0x080001bb   Thumb Code     0  startup_stm32f407xx.o(.text)
    FLASH_IRQHandler                         0x080001bb   Thumb Code     0  startup_stm32f407xx.o(.text)
    FMC_IRQHandler                           0x080001bb   Thumb Code     0  startup_stm32f407xx.o(.text)
    FPU_IRQHandler                           0x080001bb   Thumb Code     0  startup_stm32f407xx.o(.text)
    HASH_RNG_IRQHandler                      0x080001bb   Thumb Code     0  startup_stm32f407xx.o(.text)
    I2C1_ER_IRQHandler                       0x080001bb   Thumb Code     0  startup_stm32f407xx.o(.text)
    I2C1_EV_IRQHandler                       0x080001bb   Thumb Code     0  startup_stm32f407xx.o(.text)
    I2C2_ER_IRQHandler                       0x080001bb   Thumb Code     0  startup_stm32f407xx.o(.text)
    I2C2_EV_IRQHandler                       0x080001bb   Thumb Code     0  startup_stm32f407xx.o(.text)
    I2C3_ER_IRQHandler                       0x080001bb   Thumb Code     0  startup_stm32f407xx.o(.text)
    I2C3_EV_IRQHandler                       0x080001bb   Thumb Code     0  startup_stm32f407xx.o(.text)
    OTG_FS_IRQHandler                        0x080001bb   Thumb Code     0  startup_stm32f407xx.o(.text)
    OTG_FS_WKUP_IRQHandler                   0x080001bb   Thumb Code     0  startup_stm32f407xx.o(.text)
    OTG_HS_EP1_IN_IRQHandler                 0x080001bb   Thumb Code     0  startup_stm32f407xx.o(.text)
    OTG_HS_EP1_OUT_IRQHandler                0x080001bb   Thumb Code     0  startup_stm32f407xx.o(.text)
    OTG_HS_IRQHandler                        0x080001bb   Thumb Code     0  startup_stm32f407xx.o(.text)
    OTG_HS_WKUP_IRQHandler                   0x080001bb   Thumb Code     0  startup_stm32f407xx.o(.text)
    PVD_IRQHandler                           0x080001bb   Thumb Code     0  startup_stm32f407xx.o(.text)
    RCC_IRQHandler                           0x080001bb   Thumb Code     0  startup_stm32f407xx.o(.text)
    RTC_Alarm_IRQHandler                     0x080001bb   Thumb Code     0  startup_stm32f407xx.o(.text)
    RTC_WKUP_IRQHandler                      0x080001bb   Thumb Code     0  startup_stm32f407xx.o(.text)
    SDIO_IRQHandler                          0x080001bb   Thumb Code     0  startup_stm32f407xx.o(.text)
    SPI1_IRQHandler                          0x080001bb   Thumb Code     0  startup_stm32f407xx.o(.text)
    SPI2_IRQHandler                          0x080001bb   Thumb Code     0  startup_stm32f407xx.o(.text)
    SPI3_IRQHandler                          0x080001bb   Thumb Code     0  startup_stm32f407xx.o(.text)
    TAMP_STAMP_IRQHandler                    0x080001bb   Thumb Code     0  startup_stm32f407xx.o(.text)
    TIM1_BRK_TIM9_IRQHandler                 0x080001bb   Thumb Code     0  startup_stm32f407xx.o(.text)
    TIM1_CC_IRQHandler                       0x080001bb   Thumb Code     0  startup_stm32f407xx.o(.text)
    TIM1_TRG_COM_TIM11_IRQHandler            0x080001bb   Thumb Code     0  startup_stm32f407xx.o(.text)
    TIM1_UP_TIM10_IRQHandler                 0x080001bb   Thumb Code     0  startup_stm32f407xx.o(.text)
    TIM5_IRQHandler                          0x080001bb   Thumb Code     0  startup_stm32f407xx.o(.text)
    TIM6_DAC_IRQHandler                      0x080001bb   Thumb Code     0  startup_stm32f407xx.o(.text)
    TIM7_IRQHandler                          0x080001bb   Thumb Code     0  startup_stm32f407xx.o(.text)
    TIM8_BRK_TIM12_IRQHandler                0x080001bb   Thumb Code     0  startup_stm32f407xx.o(.text)
    TIM8_CC_IRQHandler                       0x080001bb   Thumb Code     0  startup_stm32f407xx.o(.text)
    TIM8_TRG_COM_TIM14_IRQHandler            0x080001bb   Thumb Code     0  startup_stm32f407xx.o(.text)
    TIM8_UP_TIM13_IRQHandler                 0x080001bb   Thumb Code     0  startup_stm32f407xx.o(.text)
    UART4_IRQHandler                         0x080001bb   Thumb Code     0  startup_stm32f407xx.o(.text)
    UART5_IRQHandler                         0x080001bb   Thumb Code     0  startup_stm32f407xx.o(.text)
    USART1_IRQHandler                        0x080001bb   Thumb Code     0  startup_stm32f407xx.o(.text)
    USART2_IRQHandler                        0x080001bb   Thumb Code     0  startup_stm32f407xx.o(.text)
    USART3_IRQHandler                        0x080001bb   Thumb Code     0  startup_stm32f407xx.o(.text)
    USART6_IRQHandler                        0x080001bb   Thumb Code     0  startup_stm32f407xx.o(.text)
    WWDG_IRQHandler                          0x080001bb   Thumb Code     0  startup_stm32f407xx.o(.text)
    __aeabi_uldivmod                         0x080001c5   Thumb Code    98  uldiv.o(.text)
    __aeabi_memset                           0x08000227   Thumb Code    14  memseta.o(.text)
    __aeabi_memset4                          0x08000227   Thumb Code     0  memseta.o(.text)
    __aeabi_memset8                          0x08000227   Thumb Code     0  memseta.o(.text)
    __aeabi_memclr                           0x08000235   Thumb Code     4  memseta.o(.text)
    __aeabi_memclr4                          0x08000235   Thumb Code     0  memseta.o(.text)
    __aeabi_memclr8                          0x08000235   Thumb Code     0  memseta.o(.text)
    _memset$wrapper                          0x08000239   Thumb Code    18  memseta.o(.text)
    __aeabi_dmul                             0x0800024b   Thumb Code   228  dmul.o(.text)
    __aeabi_ddiv                             0x0800032f   Thumb Code   222  ddiv.o(.text)
    __aeabi_ui2d                             0x0800040d   Thumb Code    26  dfltui.o(.text)
    __aeabi_d2uiz                            0x08000427   Thumb Code    50  dfixui.o(.text)
    __aeabi_cdrcmple                         0x08000459   Thumb Code    48  cdrcmple.o(.text)
    __aeabi_llsl                             0x08000489   Thumb Code    30  llshl.o(.text)
    _ll_shift_l                              0x08000489   Thumb Code     0  llshl.o(.text)
    __aeabi_llsr                             0x080004a7   Thumb Code    32  llushr.o(.text)
    _ll_ushift_r                             0x080004a7   Thumb Code     0  llushr.o(.text)
    __I$use$fp                               0x080004c7   Thumb Code     0  iusefp.o(.text)
    _double_round                            0x080004c7   Thumb Code    30  depilogue.o(.text)
    _double_epilogue                         0x080004e5   Thumb Code   156  depilogue.o(.text)
    __scatterload                            0x08000581   Thumb Code    28  init.o(.text)
    __scatterload_rt2                        0x08000581   Thumb Code     0  init.o(.text)
    BusFault_Handler                         0x0800075d   Thumb Code     2  stm32f4xx_it.o(i.BusFault_Handler)
    CAN1_RX0_IRQHandler                      0x08000761   Thumb Code     6  stm32f4xx_it.o(i.CAN1_RX0_IRQHandler)
    CAN_Txsetup                              0x0800076d   Thumb Code   156  main.o(i.CAN_Txsetup)
    CAN_filterConfig                         0x08000815   Thumb Code    64  main.o(i.CAN_filterConfig)
    DMA2_Stream0_IRQHandler                  0x08000859   Thumb Code     6  stm32f4xx_it.o(i.DMA2_Stream0_IRQHandler)
    DebugMon_Handler                         0x08000909   Thumb Code     2  stm32f4xx_it.o(i.DebugMon_Handler)
    EXTI2_IRQHandler                         0x0800090b   Thumb Code     6  stm32f4xx_it.o(i.EXTI2_IRQHandler)
    EXTI3_IRQHandler                         0x08000911   Thumb Code     6  stm32f4xx_it.o(i.EXTI3_IRQHandler)
    EXTI4_IRQHandler                         0x08000917   Thumb Code     6  stm32f4xx_it.o(i.EXTI4_IRQHandler)
    EXTI9_5_IRQHandler                       0x0800091d   Thumb Code     6  stm32f4xx_it.o(i.EXTI9_5_IRQHandler)
    Error_Handler                            0x08000923   Thumb Code     4  main.o(i.Error_Handler)
    HAL_ADC_ConfigChannel                    0x08000929   Thumb Code   316  stm32f4xx_hal_adc.o(i.HAL_ADC_ConfigChannel)
    HAL_ADC_ConvCpltCallback                 0x08000a75   Thumb Code     2  stm32f4xx_hal_adc.o(i.HAL_ADC_ConvCpltCallback)
    HAL_ADC_ConvHalfCpltCallback             0x08000a77   Thumb Code     2  stm32f4xx_hal_adc.o(i.HAL_ADC_ConvHalfCpltCallback)
    HAL_ADC_ErrorCallback                    0x08000a79   Thumb Code     2  stm32f4xx_hal_adc.o(i.HAL_ADC_ErrorCallback)
    HAL_ADC_Init                             0x08000a7b   Thumb Code    84  stm32f4xx_hal_adc.o(i.HAL_ADC_Init)
    HAL_ADC_MspInit                          0x08000ad1   Thumb Code   160  adc.o(i.HAL_ADC_MspInit)
    HAL_ADC_Start_DMA                        0x08000b89   Thumb Code   302  stm32f4xx_hal_adc.o(i.HAL_ADC_Start_DMA)
    HAL_CAN_ActivateNotification             0x08000cdd   Thumb Code    36  stm32f4xx_hal_can.o(i.HAL_CAN_ActivateNotification)
    HAL_CAN_AddTxMessage                     0x08000d01   Thumb Code   220  stm32f4xx_hal_can.o(i.HAL_CAN_AddTxMessage)
    HAL_CAN_ConfigFilter                     0x08000ddd   Thumb Code   262  stm32f4xx_hal_can.o(i.HAL_CAN_ConfigFilter)
    HAL_CAN_ErrorCallback                    0x08000ee9   Thumb Code     2  stm32f4xx_hal_can.o(i.HAL_CAN_ErrorCallback)
    HAL_CAN_GetRxMessage                     0x08000eeb   Thumb Code   232  stm32f4xx_hal_can.o(i.HAL_CAN_GetRxMessage)
    HAL_CAN_IRQHandler                       0x08000fd3   Thumb Code   508  stm32f4xx_hal_can.o(i.HAL_CAN_IRQHandler)
    HAL_CAN_Init                             0x080011cf   Thumb Code   282  stm32f4xx_hal_can.o(i.HAL_CAN_Init)
    HAL_CAN_MspInit                          0x080012e9   Thumb Code    90  can.o(i.HAL_CAN_MspInit)
    HAL_CAN_RxFifo0FullCallback              0x08001351   Thumb Code     2  stm32f4xx_hal_can.o(i.HAL_CAN_RxFifo0FullCallback)
    HAL_CAN_RxFifo0MsgPendingCallback        0x08001355   Thumb Code   188  main.o(i.HAL_CAN_RxFifo0MsgPendingCallback)
    HAL_CAN_RxFifo1FullCallback              0x0800141d   Thumb Code     2  stm32f4xx_hal_can.o(i.HAL_CAN_RxFifo1FullCallback)
    HAL_CAN_RxFifo1MsgPendingCallback        0x0800141f   Thumb Code     2  stm32f4xx_hal_can.o(i.HAL_CAN_RxFifo1MsgPendingCallback)
    HAL_CAN_SleepCallback                    0x08001421   Thumb Code     2  stm32f4xx_hal_can.o(i.HAL_CAN_SleepCallback)
    HAL_CAN_Start                            0x08001425   Thumb Code    88  stm32f4xx_hal_can.o(i.HAL_CAN_Start)
    HAL_CAN_TxMailbox0AbortCallback          0x0800147d   Thumb Code     2  stm32f4xx_hal_can.o(i.HAL_CAN_TxMailbox0AbortCallback)
    HAL_CAN_TxMailbox0CompleteCallback       0x0800147f   Thumb Code     2  stm32f4xx_hal_can.o(i.HAL_CAN_TxMailbox0CompleteCallback)
    HAL_CAN_TxMailbox1AbortCallback          0x08001481   Thumb Code     2  stm32f4xx_hal_can.o(i.HAL_CAN_TxMailbox1AbortCallback)
    HAL_CAN_TxMailbox1CompleteCallback       0x08001483   Thumb Code     2  stm32f4xx_hal_can.o(i.HAL_CAN_TxMailbox1CompleteCallback)
    HAL_CAN_TxMailbox2AbortCallback          0x08001485   Thumb Code     2  stm32f4xx_hal_can.o(i.HAL_CAN_TxMailbox2AbortCallback)
    HAL_CAN_TxMailbox2CompleteCallback       0x08001487   Thumb Code     2  stm32f4xx_hal_can.o(i.HAL_CAN_TxMailbox2CompleteCallback)
    HAL_CAN_WakeUpFromRxMsgCallback          0x08001489   Thumb Code     2  stm32f4xx_hal_can.o(i.HAL_CAN_WakeUpFromRxMsgCallback)
    HAL_DMA_IRQHandler                       0x0800148d   Thumb Code   412  stm32f4xx_hal_dma.o(i.HAL_DMA_IRQHandler)
    HAL_DMA_Init                             0x0800162d   Thumb Code   206  stm32f4xx_hal_dma.o(i.HAL_DMA_Init)
    HAL_DMA_Start_IT                         0x08001701   Thumb Code   110  stm32f4xx_hal_dma.o(i.HAL_DMA_Start_IT)
    HAL_Delay                                0x08001771   Thumb Code    32  stm32f4xx_hal.o(i.HAL_Delay)
    HAL_GPIO_EXTI_Callback                   0x08001795   Thumb Code   178  gpio.o(i.HAL_GPIO_EXTI_Callback)
    HAL_GPIO_EXTI_IRQHandler                 0x08001871   Thumb Code    18  stm32f4xx_hal_gpio.o(i.HAL_GPIO_EXTI_IRQHandler)
    HAL_GPIO_Init                            0x08001889   Thumb Code   448  stm32f4xx_hal_gpio.o(i.HAL_GPIO_Init)
    HAL_GPIO_ReadPin                         0x08001a75   Thumb Code    10  stm32f4xx_hal_gpio.o(i.HAL_GPIO_ReadPin)
    HAL_GPIO_TogglePin                       0x08001a7f   Thumb Code    16  stm32f4xx_hal_gpio.o(i.HAL_GPIO_TogglePin)
    HAL_GPIO_WritePin                        0x08001a8f   Thumb Code    10  stm32f4xx_hal_gpio.o(i.HAL_GPIO_WritePin)
    HAL_GetTick                              0x08001a99   Thumb Code     6  stm32f4xx_hal.o(i.HAL_GetTick)
    HAL_IWDG_Init                            0x08001aa5   Thumb Code    90  stm32f4xx_hal_iwdg.o(i.HAL_IWDG_Init)
    HAL_IWDG_Refresh                         0x08001aff   Thumb Code    12  stm32f4xx_hal_iwdg.o(i.HAL_IWDG_Refresh)
    HAL_IncTick                              0x08001b0d   Thumb Code    12  stm32f4xx_hal.o(i.HAL_IncTick)
    HAL_Init                                 0x08001b1d   Thumb Code    48  stm32f4xx_hal.o(i.HAL_Init)
    HAL_InitTick                             0x08001b51   Thumb Code    54  stm32f4xx_hal.o(i.HAL_InitTick)
    HAL_MspInit                              0x08001b91   Thumb Code    48  stm32f4xx_hal_msp.o(i.HAL_MspInit)
    HAL_NVIC_EnableIRQ                       0x08001bc5   Thumb Code    26  stm32f4xx_hal_cortex.o(i.HAL_NVIC_EnableIRQ)
    HAL_NVIC_SetPriority                     0x08001be1   Thumb Code    60  stm32f4xx_hal_cortex.o(i.HAL_NVIC_SetPriority)
    HAL_NVIC_SetPriorityGrouping             0x08001c21   Thumb Code    26  stm32f4xx_hal_cortex.o(i.HAL_NVIC_SetPriorityGrouping)
    HAL_RCC_ClockConfig                      0x08001c45   Thumb Code   288  stm32f4xx_hal_rcc.o(i.HAL_RCC_ClockConfig)
    HAL_RCC_GetPCLK1Freq                     0x08001d79   Thumb Code    20  stm32f4xx_hal_rcc.o(i.HAL_RCC_GetPCLK1Freq)
    HAL_RCC_GetSysClockFreq                  0x08001d99   Thumb Code    88  stm32f4xx_hal_rcc.o(i.HAL_RCC_GetSysClockFreq)
    HAL_RCC_OscConfig                        0x08001df9   Thumb Code   856  stm32f4xx_hal_rcc.o(i.HAL_RCC_OscConfig)
    HAL_SPI_Init                             0x08002165   Thumb Code   188  stm32f4xx_hal_spi.o(i.HAL_SPI_Init)
    HAL_SPI_MspInit                          0x08002221   Thumb Code   128  spi.o(i.HAL_SPI_MspInit)
    HAL_SPI_Transmit                         0x080022b1   Thumb Code   358  stm32f4xx_hal_spi.o(i.HAL_SPI_Transmit)
    HAL_SYSTICK_Config                       0x08002417   Thumb Code    40  stm32f4xx_hal_cortex.o(i.HAL_SYSTICK_Config)
    HAL_TIMEx_BreakCallback                  0x0800243f   Thumb Code     2  stm32f4xx_hal_tim_ex.o(i.HAL_TIMEx_BreakCallback)
    HAL_TIMEx_CommutCallback                 0x08002441   Thumb Code     2  stm32f4xx_hal_tim_ex.o(i.HAL_TIMEx_CommutCallback)
    HAL_TIMEx_ConfigBreakDeadTime            0x08002443   Thumb Code    84  stm32f4xx_hal_tim_ex.o(i.HAL_TIMEx_ConfigBreakDeadTime)
    HAL_TIMEx_MasterConfigSynchronization    0x08002499   Thumb Code   116  stm32f4xx_hal_tim_ex.o(i.HAL_TIMEx_MasterConfigSynchronization)
    HAL_TIM_Base_Init                        0x08002529   Thumb Code    90  stm32f4xx_hal_tim.o(i.HAL_TIM_Base_Init)
    HAL_TIM_Base_MspInit                     0x08002585   Thumb Code   214  tim.o(i.HAL_TIM_Base_MspInit)
    HAL_TIM_Base_Start_IT                    0x08002675   Thumb Code   100  stm32f4xx_hal_tim.o(i.HAL_TIM_Base_Start_IT)
    HAL_TIM_ConfigClockSource                0x080026f5   Thumb Code   214  stm32f4xx_hal_tim.o(i.HAL_TIM_ConfigClockSource)
    HAL_TIM_IC_CaptureCallback               0x080027cd   Thumb Code   266  main.o(i.HAL_TIM_IC_CaptureCallback)
    HAL_TIM_IC_ConfigChannel                 0x080028e5   Thumb Code   270  stm32f4xx_hal_tim.o(i.HAL_TIM_IC_ConfigChannel)
    HAL_TIM_IC_Init                          0x080029f3   Thumb Code    90  stm32f4xx_hal_tim.o(i.HAL_TIM_IC_Init)
    HAL_TIM_IC_MspInit                       0x08002a4d   Thumb Code     2  stm32f4xx_hal_tim.o(i.HAL_TIM_IC_MspInit)
    HAL_TIM_IC_Start_IT                      0x08002a51   Thumb Code   236  stm32f4xx_hal_tim.o(i.HAL_TIM_IC_Start_IT)
    HAL_TIM_IRQHandler                       0x08002b59   Thumb Code   358  stm32f4xx_hal_tim.o(i.HAL_TIM_IRQHandler)
    HAL_TIM_MspPostInit                      0x08002cc1   Thumb Code    72  tim.o(i.HAL_TIM_MspPostInit)
    HAL_TIM_OC_DelayElapsedCallback          0x08002d15   Thumb Code     2  stm32f4xx_hal_tim.o(i.HAL_TIM_OC_DelayElapsedCallback)
    HAL_TIM_PWM_ConfigChannel                0x08002d17   Thumb Code   198  stm32f4xx_hal_tim.o(i.HAL_TIM_PWM_ConfigChannel)
    HAL_TIM_PWM_Init                         0x08002ddd   Thumb Code    90  stm32f4xx_hal_tim.o(i.HAL_TIM_PWM_Init)
    HAL_TIM_PWM_MspInit                      0x08002e37   Thumb Code     2  stm32f4xx_hal_tim.o(i.HAL_TIM_PWM_MspInit)
    HAL_TIM_PWM_PulseFinishedCallback        0x08002e39   Thumb Code     2  stm32f4xx_hal_tim.o(i.HAL_TIM_PWM_PulseFinishedCallback)
    HAL_TIM_PWM_Start                        0x08002e3d   Thumb Code   172  stm32f4xx_hal_tim.o(i.HAL_TIM_PWM_Start)
    HAL_TIM_PeriodElapsedCallback            0x08002f05   Thumb Code   260  main.o(i.HAL_TIM_PeriodElapsedCallback)
    HAL_TIM_ReadCapturedValue                0x08003021   Thumb Code    42  stm32f4xx_hal_tim.o(i.HAL_TIM_ReadCapturedValue)
    HAL_TIM_SlaveConfigSynchro               0x0800304b   Thumb Code    86  stm32f4xx_hal_tim.o(i.HAL_TIM_SlaveConfigSynchro)
    HAL_TIM_TriggerCallback                  0x080030a1   Thumb Code     2  stm32f4xx_hal_tim.o(i.HAL_TIM_TriggerCallback)
    HardFault_Handler                        0x080030a3   Thumb Code     2  stm32f4xx_it.o(i.HardFault_Handler)
    MX_ADC1_Init                             0x080030a5   Thumb Code   172  adc.o(i.MX_ADC1_Init)
    MX_CAN1_Init                             0x0800315d   Thumb Code    60  can.o(i.MX_CAN1_Init)
    MX_DMA_Init                              0x080031a1   Thumb Code    22  dma.o(i.MX_DMA_Init)
    MX_GPIO_Init                             0x080031bd   Thumb Code   282  gpio.o(i.MX_GPIO_Init)
    MX_IWDG_Init                             0x080032f1   Thumb Code    36  iwdg.o(i.MX_IWDG_Init)
    MX_SPI2_Init                             0x08003395   Thumb Code    64  spi.o(i.MX_SPI2_Init)
    MX_TIM1_Init                             0x080033dd   Thumb Code   192  tim.o(i.MX_TIM1_Init)
    MX_TIM2_Init                             0x080034a5   Thumb Code    98  tim.o(i.MX_TIM2_Init)
    MX_TIM3_Init                             0x0800350d   Thumb Code   206  tim.o(i.MX_TIM3_Init)
    MX_TIM4_Init                             0x080035e5   Thumb Code   206  tim.o(i.MX_TIM4_Init)
    MemManage_Handler                        0x080036bd   Thumb Code     2  stm32f4xx_it.o(i.MemManage_Handler)
    NMI_Handler                              0x080036bf   Thumb Code     2  stm32f4xx_it.o(i.NMI_Handler)
    PendSV_Handler                           0x080036c1   Thumb Code     2  stm32f4xx_it.o(i.PendSV_Handler)
    SVC_Handler                              0x080037d5   Thumb Code     2  stm32f4xx_it.o(i.SVC_Handler)
    SysTick_Handler                          0x080037d7   Thumb Code     4  stm32f4xx_it.o(i.SysTick_Handler)
    SystemClock_Config                       0x080037dd   Thumb Code   144  main.o(i.SystemClock_Config)
    SystemInit                               0x08003875   Thumb Code    12  system_stm32f4xx.o(i.SystemInit)
    TIM2_IRQHandler                          0x08003885   Thumb Code     6  stm32f4xx_it.o(i.TIM2_IRQHandler)
    TIM3_IRQHandler                          0x08003891   Thumb Code     6  stm32f4xx_it.o(i.TIM3_IRQHandler)
    TIM4_IRQHandler                          0x0800389d   Thumb Code     6  stm32f4xx_it.o(i.TIM4_IRQHandler)
    TIM_Base_SetConfig                       0x080038a9   Thumb Code   156  stm32f4xx_hal_tim.o(i.TIM_Base_SetConfig)
    TIM_CCxChannelCmd                        0x08003971   Thumb Code    26  stm32f4xx_hal_tim.o(i.TIM_CCxChannelCmd)
    TIM_ETR_SetConfig                        0x0800398b   Thumb Code    20  stm32f4xx_hal_tim.o(i.TIM_ETR_SetConfig)
    TIM_OC2_SetConfig                        0x08003a11   Thumb Code    98  stm32f4xx_hal_tim.o(i.TIM_OC2_SetConfig)
    TIM_TI1_SetConfig                        0x08003bdd   Thumb Code   100  stm32f4xx_hal_tim.o(i.TIM_TI1_SetConfig)
    UsageFault_Handler                       0x08003cb7   Thumb Code     2  stm32f4xx_it.o(i.UsageFault_Handler)
    __scatterload_copy                       0x08003cd9   Thumb Code    14  handlers.o(i.__scatterload_copy)
    __scatterload_null                       0x08003ce7   Thumb Code     2  handlers.o(i.__scatterload_null)
    __scatterload_zeroinit                   0x08003ce9   Thumb Code    14  handlers.o(i.__scatterload_zeroinit)
    adxl_init                                0x08003cf7   Thumb Code    30  main.o(i.adxl_init)
    adxl_write                               0x08003d15   Thumb Code    54  main.o(i.adxl_write)
    check_safety                             0x08003d55   Thumb Code   110  main.o(i.check_safety)
    driving_mode                             0x08003ddd   Thumb Code   114  main.o(i.driving_mode)
    main                                     0x08003e59   Thumb Code   362  main.o(i.main)
    map                                      0x08003ff1   Thumb Code    36  main.o(i.map)
    torque_command                           0x08004015   Thumb Code   102  main.o(i.torque_command)
    torque_to_can                            0x08004091   Thumb Code    52  main.o(i.torque_to_can)
    AHBPrescTable                            0x080040d0   Data          16  system_stm32f4xx.o(.constdata)
    APBPrescTable                            0x080040e0   Data           8  system_stm32f4xx.o(.constdata)
    Region$$Table$$Base                      0x080040e8   Number         0  anon$$obj.o(Region$$Table)
    Region$$Table$$Limit                     0x08004108   Number         0  anon$$obj.o(Region$$Table)
    cycle                                    0x20000000   Data           1  main.o(.data)
    pedals                                   0x20000001   Data           1  main.o(.data)
    rtd_io                                   0x20000002   Data           1  main.o(.data)
    error                                    0x20000003   Data           1  main.o(.data)
    inverter_error_L                         0x20000004   Data           1  main.o(.data)
    inverter_error_R                         0x20000005   Data           1  main.o(.data)
    inverter_connect_L                       0x20000006   Data           1  main.o(.data)
    inverter_connect_R                       0x20000007   Data           1  main.o(.data)
    rtd_start                                0x20000008   Data           1  main.o(.data)
    precharge_io                             0x20000009   Data           1  main.o(.data)
    reset_io                                 0x2000000a   Data           1  main.o(.data)
    clear_fault_io                           0x2000000b   Data           1  main.o(.data)
    direction                                0x2000000c   Data           1  main.o(.data)
    errorNumber                              0x2000000d   Data           1  main.o(.data)
    APPS                                     0x2000000e   Data           2  main.o(.data)
    rpm_right                                0x20000010   Data           2  main.o(.data)
    rpm_left                                 0x20000012   Data           2  main.o(.data)
    torque_ub                                0x20000014   Data           2  main.o(.data)
    commanded_torque                         0x20000016   Data           2  main.o(.data)
    torque_right                             0x20000018   Data           2  main.o(.data)
    torque_left                              0x2000001a   Data           2  main.o(.data)
    inverter_alive_counter_R                 0x2000001c   Data           2  main.o(.data)
    inverter_alive_counter_L                 0x2000001e   Data           2  main.o(.data)
    Received_ID                              0x20000020   Data           2  main.o(.data)
    duration                                 0x20000024   Data           4  main.o(.data)
    TxMailbox                                0x20000028   Data           4  main.o(.data)
    startTime                                0x2000002c   Data           4  main.o(.data)
    IC_Val1                                  0x20000030   Data           4  main.o(.data)
    IC_Val2                                  0x20000034   Data           4  main.o(.data)
    Frequency_3                              0x20000038   Data           4  main.o(.data)
    Duty_Cycle_3                             0x2000003c   Data           4  main.o(.data)
    Frequency_3_                             0x20000040   Data           4  main.o(.data)
    Duty_Cycle_3_                            0x20000044   Data           4  main.o(.data)
    Frequency_4                              0x20000048   Data           4  main.o(.data)
    Duty_Cycle_4                             0x2000004c   Data           4  main.o(.data)
    Frequency_4_                             0x20000050   Data           4  main.o(.data)
    Duty_Cycle_4_                            0x20000054   Data           4  main.o(.data)
    data_rec                                 0x20000058   Data           6  main.o(.data)
    TxData_R                                 0x2000005e   Data           8  main.o(.data)
    TxData_L                                 0x20000066   Data           8  main.o(.data)
    RxData_R                                 0x2000006e   Data           8  main.o(.data)
    RxData_L                                 0x20000076   Data           8  main.o(.data)
    TxData_clear                             0x2000007e   Data           8  main.o(.data)
    RxData                                   0x20000086   Data           8  main.o(.data)
    beta                                     0x20000090   Data           8  main.o(.data)
    gamma                                    0x20000098   Data           8  main.o(.data)
    steer_map                                0x200000a0   Data           8  main.o(.data)
    speed_map                                0x200000a8   Data           8  main.o(.data)
    uwTickFreq                               0x200000b0   Data           1  stm32f4xx_hal.o(.data)
    uwTickPrio                               0x200000b4   Data           4  stm32f4xx_hal.o(.data)
    uwTick                                   0x200000b8   Data           4  stm32f4xx_hal.o(.data)
    SystemCoreClock                          0x200000bc   Data           4  system_stm32f4xx.o(.data)
    adcArr                                   0x200000c0   Data          10  main.o(.bss)
    hadc1                                    0x20000148   Data          72  adc.o(.bss)
    hdma_adc1                                0x20000190   Data          96  adc.o(.bss)
    hcan1                                    0x200001f0   Data          40  can.o(.bss)
    hiwdg                                    0x20000218   Data          12  iwdg.o(.bss)
    hspi2                                    0x20000224   Data          88  spi.o(.bss)
    htim1                                    0x2000027c   Data          72  tim.o(.bss)
    htim2                                    0x200002c4   Data          72  tim.o(.bss)
    htim3                                    0x2000030c   Data          72  tim.o(.bss)
    htim4                                    0x20000354   Data          72  tim.o(.bss)
    __initial_sp                             0x200007a0   Data           0  startup_stm32f407xx.o(STACK)



==============================================================================

Memory Map of the image

  Image Entry point : 0x08000189

  Load Region LR_IROM1 (Base: 0x08000000, Size: 0x000041c8, Max: 0x00100000, ABSOLUTE)

    Execution Region ER_IROM1 (Exec base: 0x08000000, Load base: 0x08000000, Size: 0x00004108, Max: 0x00100000, ABSOLUTE)

    Exec Addr    Load Addr    Size         Type   Attr      Idx    E Section Name        Object

    0x08000000   0x08000000   0x00000188   Data   RO            3    RESET               startup_stm32f407xx.o
    0x08000188   0x08000188   0x00000000   Code   RO         4015  * .ARM.Collect$$$$00000000  mc_w.l(entry.o)
    0x08000188   0x08000188   0x00000004   Code   RO         4034    .ARM.Collect$$$$00000001  mc_w.l(entry2.o)
    0x0800018c   0x0800018c   0x00000004   Code   RO         4037    .ARM.Collect$$$$00000004  mc_w.l(entry5.o)
    0x08000190   0x08000190   0x00000000   Code   RO         4039    .ARM.Collect$$$$00000008  mc_w.l(entry7b.o)
    0x08000190   0x08000190   0x00000000   Code   RO         4041    .ARM.Collect$$$$0000000A  mc_w.l(entry8b.o)
    0x08000190   0x08000190   0x00000008   Code   RO         4042    .ARM.Collect$$$$0000000B  mc_w.l(entry9a.o)
    0x08000198   0x08000198   0x00000004   Code   RO         4049    .ARM.Collect$$$$0000000E  mc_w.l(entry12b.o)
    0x0800019c   0x0800019c   0x00000000   Code   RO         4044    .ARM.Collect$$$$0000000F  mc_w.l(entry10a.o)
    0x0800019c   0x0800019c   0x00000000   Code   RO         4046    .ARM.Collect$$$$00000011  mc_w.l(entry11a.o)
    0x0800019c   0x0800019c   0x00000004   Code   RO         4035    .ARM.Collect$$$$00002712  mc_w.l(entry2.o)
    0x080001a0   0x080001a0   0x00000024   Code   RO            4    .text               startup_stm32f407xx.o
    0x080001c4   0x080001c4   0x00000062   Code   RO         4018    .text               mc_w.l(uldiv.o)
    0x08000226   0x08000226   0x00000024   Code   RO         4020    .text               mc_w.l(memseta.o)
    0x0800024a   0x0800024a   0x000000e4   Code   RO         4024    .text               mf_w.l(dmul.o)
    0x0800032e   0x0800032e   0x000000de   Code   RO         4026    .text               mf_w.l(ddiv.o)
    0x0800040c   0x0800040c   0x0000001a   Code   RO         4028    .text               mf_w.l(dfltui.o)
    0x08000426   0x08000426   0x00000032   Code   RO         4030    .text               mf_w.l(dfixui.o)
    0x08000458   0x08000458   0x00000030   Code   RO         4032    .text               mf_w.l(cdrcmple.o)
    0x08000488   0x08000488   0x0000001e   Code   RO         4050    .text               mc_w.l(llshl.o)
    0x080004a6   0x080004a6   0x00000020   Code   RO         4052    .text               mc_w.l(llushr.o)
    0x080004c6   0x080004c6   0x00000000   Code   RO         4056    .text               mc_w.l(iusefp.o)
    0x080004c6   0x080004c6   0x000000ba   Code   RO         4057    .text               mf_w.l(depilogue.o)
    0x08000580   0x08000580   0x00000024   Code   RO         4059    .text               mc_w.l(init.o)
    0x080005a4   0x080005a4   0x0000006e   Code   RO         1011    i.ADC_DMAConvCplt   stm32f4xx_hal_adc.o
    0x08000612   0x08000612   0x00000016   Code   RO         1012    i.ADC_DMAError      stm32f4xx_hal_adc.o
    0x08000628   0x08000628   0x0000000a   Code   RO         1013    i.ADC_DMAHalfConvCplt  stm32f4xx_hal_adc.o
    0x08000632   0x08000632   0x00000002   PAD
    0x08000634   0x08000634   0x00000128   Code   RO         1014    i.ADC_Init          stm32f4xx_hal_adc.o
    0x0800075c   0x0800075c   0x00000002   Code   RO          857    i.BusFault_Handler  stm32f4xx_it.o
    0x0800075e   0x0800075e   0x00000002   PAD
    0x08000760   0x08000760   0x0000000c   Code   RO          858    i.CAN1_RX0_IRQHandler  stm32f4xx_it.o
    0x0800076c   0x0800076c   0x000000a8   Code   RO           13    i.CAN_Txsetup       main.o
    0x08000814   0x08000814   0x00000044   Code   RO           14    i.CAN_filterConfig  main.o
    0x08000858   0x08000858   0x0000000c   Code   RO          859    i.DMA2_Stream0_IRQHandler  stm32f4xx_it.o
    0x08000864   0x08000864   0x00000028   Code   RO         1748    i.DMA_CalcBaseAndBitshift  stm32f4xx_hal_dma.o
    0x0800088c   0x0800088c   0x00000054   Code   RO         1749    i.DMA_CheckFifoParam  stm32f4xx_hal_dma.o
    0x080008e0   0x080008e0   0x00000028   Code   RO         1750    i.DMA_SetConfig     stm32f4xx_hal_dma.o
    0x08000908   0x08000908   0x00000002   Code   RO          860    i.DebugMon_Handler  stm32f4xx_it.o
    0x0800090a   0x0800090a   0x00000006   Code   RO          861    i.EXTI2_IRQHandler  stm32f4xx_it.o
    0x08000910   0x08000910   0x00000006   Code   RO          862    i.EXTI3_IRQHandler  stm32f4xx_it.o
    0x08000916   0x08000916   0x00000006   Code   RO          863    i.EXTI4_IRQHandler  stm32f4xx_it.o
    0x0800091c   0x0800091c   0x00000006   Code   RO          864    i.EXTI9_5_IRQHandler  stm32f4xx_it.o
    0x08000922   0x08000922   0x00000004   Code   RO           15    i.Error_Handler     main.o
    0x08000926   0x08000926   0x00000002   PAD
    0x08000928   0x08000928   0x0000014c   Code   RO         1016    i.HAL_ADC_ConfigChannel  stm32f4xx_hal_adc.o
    0x08000a74   0x08000a74   0x00000002   Code   RO         1017    i.HAL_ADC_ConvCpltCallback  stm32f4xx_hal_adc.o
    0x08000a76   0x08000a76   0x00000002   Code   RO         1018    i.HAL_ADC_ConvHalfCpltCallback  stm32f4xx_hal_adc.o
    0x08000a78   0x08000a78   0x00000002   Code   RO         1020    i.HAL_ADC_ErrorCallback  stm32f4xx_hal_adc.o
    0x08000a7a   0x08000a7a   0x00000054   Code   RO         1025    i.HAL_ADC_Init      stm32f4xx_hal_adc.o
    0x08000ace   0x08000ace   0x00000002   PAD
    0x08000ad0   0x08000ad0   0x000000b8   Code   RO          504    i.HAL_ADC_MspInit   adc.o
    0x08000b88   0x08000b88   0x00000154   Code   RO         1032    i.HAL_ADC_Start_DMA  stm32f4xx_hal_adc.o
    0x08000cdc   0x08000cdc   0x00000024   Code   RO         2422    i.HAL_CAN_ActivateNotification  stm32f4xx_hal_can.o
    0x08000d00   0x08000d00   0x000000dc   Code   RO         2423    i.HAL_CAN_AddTxMessage  stm32f4xx_hal_can.o
    0x08000ddc   0x08000ddc   0x0000010c   Code   RO         2424    i.HAL_CAN_ConfigFilter  stm32f4xx_hal_can.o
    0x08000ee8   0x08000ee8   0x00000002   Code   RO         2427    i.HAL_CAN_ErrorCallback  stm32f4xx_hal_can.o
    0x08000eea   0x08000eea   0x000000e8   Code   RO         2430    i.HAL_CAN_GetRxMessage  stm32f4xx_hal_can.o
    0x08000fd2   0x08000fd2   0x000001fc   Code   RO         2434    i.HAL_CAN_IRQHandler  stm32f4xx_hal_can.o
    0x080011ce   0x080011ce   0x0000011a   Code   RO         2435    i.HAL_CAN_Init      stm32f4xx_hal_can.o
    0x080012e8   0x080012e8   0x00000068   Code   RO          651    i.HAL_CAN_MspInit   can.o
    0x08001350   0x08001350   0x00000002   Code   RO         2442    i.HAL_CAN_RxFifo0FullCallback  stm32f4xx_hal_can.o
    0x08001352   0x08001352   0x00000002   PAD
    0x08001354   0x08001354   0x000000c8   Code   RO           16    i.HAL_CAN_RxFifo0MsgPendingCallback  main.o
    0x0800141c   0x0800141c   0x00000002   Code   RO         2444    i.HAL_CAN_RxFifo1FullCallback  stm32f4xx_hal_can.o
    0x0800141e   0x0800141e   0x00000002   Code   RO         2445    i.HAL_CAN_RxFifo1MsgPendingCallback  stm32f4xx_hal_can.o
    0x08001420   0x08001420   0x00000002   Code   RO         2446    i.HAL_CAN_SleepCallback  stm32f4xx_hal_can.o
    0x08001422   0x08001422   0x00000002   PAD
    0x08001424   0x08001424   0x00000058   Code   RO         2447    i.HAL_CAN_Start     stm32f4xx_hal_can.o
    0x0800147c   0x0800147c   0x00000002   Code   RO         2449    i.HAL_CAN_TxMailbox0AbortCallback  stm32f4xx_hal_can.o
    0x0800147e   0x0800147e   0x00000002   Code   RO         2450    i.HAL_CAN_TxMailbox0CompleteCallback  stm32f4xx_hal_can.o
    0x08001480   0x08001480   0x00000002   Code   RO         2451    i.HAL_CAN_TxMailbox1AbortCallback  stm32f4xx_hal_can.o
    0x08001482   0x08001482   0x00000002   Code   RO         2452    i.HAL_CAN_TxMailbox1CompleteCallback  stm32f4xx_hal_can.o
    0x08001484   0x08001484   0x00000002   Code   RO         2453    i.HAL_CAN_TxMailbox2AbortCallback  stm32f4xx_hal_can.o
    0x08001486   0x08001486   0x00000002   Code   RO         2454    i.HAL_CAN_TxMailbox2CompleteCallback  stm32f4xx_hal_can.o
    0x08001488   0x08001488   0x00000002   Code   RO         2456    i.HAL_CAN_WakeUpFromRxMsgCallback  stm32f4xx_hal_can.o
    0x0800148a   0x0800148a   0x00000002   PAD
    0x0800148c   0x0800148c   0x000001a0   Code   RO         1756    i.HAL_DMA_IRQHandler  stm32f4xx_hal_dma.o
    0x0800162c   0x0800162c   0x000000d4   Code   RO         1757    i.HAL_DMA_Init      stm32f4xx_hal_dma.o
    0x08001700   0x08001700   0x0000006e   Code   RO         1761    i.HAL_DMA_Start_IT  stm32f4xx_hal_dma.o
    0x0800176e   0x0800176e   0x00000002   PAD
    0x08001770   0x08001770   0x00000024   Code   RO         2170    i.HAL_Delay         stm32f4xx_hal.o
    0x08001794   0x08001794   0x000000dc   Code   RO          364    i.HAL_GPIO_EXTI_Callback  gpio.o
    0x08001870   0x08001870   0x00000018   Code   RO         1643    i.HAL_GPIO_EXTI_IRQHandler  stm32f4xx_hal_gpio.o
    0x08001888   0x08001888   0x000001ec   Code   RO         1644    i.HAL_GPIO_Init     stm32f4xx_hal_gpio.o
    0x08001a74   0x08001a74   0x0000000a   Code   RO         1646    i.HAL_GPIO_ReadPin  stm32f4xx_hal_gpio.o
    0x08001a7e   0x08001a7e   0x00000010   Code   RO         1647    i.HAL_GPIO_TogglePin  stm32f4xx_hal_gpio.o
    0x08001a8e   0x08001a8e   0x0000000a   Code   RO         1648    i.HAL_GPIO_WritePin  stm32f4xx_hal_gpio.o
    0x08001a98   0x08001a98   0x0000000c   Code   RO         2176    i.HAL_GetTick       stm32f4xx_hal.o
    0x08001aa4   0x08001aa4   0x0000005a   Code   RO         2655    i.HAL_IWDG_Init     stm32f4xx_hal_iwdg.o
    0x08001afe   0x08001afe   0x0000000c   Code   RO         2656    i.HAL_IWDG_Refresh  stm32f4xx_hal_iwdg.o
    0x08001b0a   0x08001b0a   0x00000002   PAD
    0x08001b0c   0x08001b0c   0x00000010   Code   RO         2182    i.HAL_IncTick       stm32f4xx_hal.o
    0x08001b1c   0x08001b1c   0x00000034   Code   RO         2183    i.HAL_Init          stm32f4xx_hal.o
    0x08001b50   0x08001b50   0x00000040   Code   RO         2184    i.HAL_InitTick      stm32f4xx_hal.o
    0x08001b90   0x08001b90   0x00000034   Code   RO          987    i.HAL_MspInit       stm32f4xx_hal_msp.o
    0x08001bc4   0x08001bc4   0x0000001a   Code   RO         2033    i.HAL_NVIC_EnableIRQ  stm32f4xx_hal_cortex.o
    0x08001bde   0x08001bde   0x00000002   PAD
    0x08001be0   0x08001be0   0x00000040   Code   RO         2039    i.HAL_NVIC_SetPriority  stm32f4xx_hal_cortex.o
    0x08001c20   0x08001c20   0x00000024   Code   RO         2040    i.HAL_NVIC_SetPriorityGrouping  stm32f4xx_hal_cortex.o
    0x08001c44   0x08001c44   0x00000134   Code   RO         1290    i.HAL_RCC_ClockConfig  stm32f4xx_hal_rcc.o
    0x08001d78   0x08001d78   0x00000020   Code   RO         1297    i.HAL_RCC_GetPCLK1Freq  stm32f4xx_hal_rcc.o
    0x08001d98   0x08001d98   0x00000060   Code   RO         1299    i.HAL_RCC_GetSysClockFreq  stm32f4xx_hal_rcc.o
    0x08001df8   0x08001df8   0x0000036c   Code   RO         1302    i.HAL_RCC_OscConfig  stm32f4xx_hal_rcc.o
    0x08002164   0x08002164   0x000000bc   Code   RO         2696    i.HAL_SPI_Init      stm32f4xx_hal_spi.o
    0x08002220   0x08002220   0x00000090   Code   RO          750    i.HAL_SPI_MspInit   spi.o
    0x080022b0   0x080022b0   0x00000166   Code   RO         2704    i.HAL_SPI_Transmit  stm32f4xx_hal_spi.o
    0x08002416   0x08002416   0x00000028   Code   RO         2044    i.HAL_SYSTICK_Config  stm32f4xx_hal_cortex.o
    0x0800243e   0x0800243e   0x00000002   Code   RO         3713    i.HAL_TIMEx_BreakCallback  stm32f4xx_hal_tim_ex.o
    0x08002440   0x08002440   0x00000002   Code   RO         3714    i.HAL_TIMEx_CommutCallback  stm32f4xx_hal_tim_ex.o
    0x08002442   0x08002442   0x00000054   Code   RO         3716    i.HAL_TIMEx_ConfigBreakDeadTime  stm32f4xx_hal_tim_ex.o
    0x08002496   0x08002496   0x00000002   PAD
    0x08002498   0x08002498   0x00000090   Code   RO         3732    i.HAL_TIMEx_MasterConfigSynchronization  stm32f4xx_hal_tim_ex.o
    0x08002528   0x08002528   0x0000005a   Code   RO         3009    i.HAL_TIM_Base_Init  stm32f4xx_hal_tim.o
    0x08002582   0x08002582   0x00000002   PAD
    0x08002584   0x08002584   0x000000f0   Code   RO          792    i.HAL_TIM_Base_MspInit  tim.o
    0x08002674   0x08002674   0x00000080   Code   RO         3014    i.HAL_TIM_Base_Start_IT  stm32f4xx_hal_tim.o
    0x080026f4   0x080026f4   0x000000d6   Code   RO         3018    i.HAL_TIM_ConfigClockSource  stm32f4xx_hal_tim.o
    0x080027ca   0x080027ca   0x00000002   PAD
    0x080027cc   0x080027cc   0x00000118   Code   RO           17    i.HAL_TIM_IC_CaptureCallback  main.o
    0x080028e4   0x080028e4   0x0000010e   Code   RO         3045    i.HAL_TIM_IC_ConfigChannel  stm32f4xx_hal_tim.o
    0x080029f2   0x080029f2   0x0000005a   Code   RO         3048    i.HAL_TIM_IC_Init   stm32f4xx_hal_tim.o
    0x08002a4c   0x08002a4c   0x00000002   Code   RO         3050    i.HAL_TIM_IC_MspInit  stm32f4xx_hal_tim.o
    0x08002a4e   0x08002a4e   0x00000002   PAD
    0x08002a50   0x08002a50   0x00000108   Code   RO         3053    i.HAL_TIM_IC_Start_IT  stm32f4xx_hal_tim.o
    0x08002b58   0x08002b58   0x00000166   Code   RO         3057    i.HAL_TIM_IRQHandler  stm32f4xx_hal_tim.o
    0x08002cbe   0x08002cbe   0x00000002   PAD
    0x08002cc0   0x08002cc0   0x00000054   Code   RO          793    i.HAL_TIM_MspPostInit  tim.o
    0x08002d14   0x08002d14   0x00000002   Code   RO         3060    i.HAL_TIM_OC_DelayElapsedCallback  stm32f4xx_hal_tim.o
    0x08002d16   0x08002d16   0x000000c6   Code   RO         3081    i.HAL_TIM_PWM_ConfigChannel  stm32f4xx_hal_tim.o
    0x08002ddc   0x08002ddc   0x0000005a   Code   RO         3084    i.HAL_TIM_PWM_Init  stm32f4xx_hal_tim.o
    0x08002e36   0x08002e36   0x00000002   Code   RO         3086    i.HAL_TIM_PWM_MspInit  stm32f4xx_hal_tim.o
    0x08002e38   0x08002e38   0x00000002   Code   RO         3087    i.HAL_TIM_PWM_PulseFinishedCallback  stm32f4xx_hal_tim.o
    0x08002e3a   0x08002e3a   0x00000002   PAD
    0x08002e3c   0x08002e3c   0x000000c8   Code   RO         3089    i.HAL_TIM_PWM_Start  stm32f4xx_hal_tim.o
    0x08002f04   0x08002f04   0x0000011c   Code   RO           18    i.HAL_TIM_PeriodElapsedCallback  main.o
    0x08003020   0x08003020   0x0000002a   Code   RO         3097    i.HAL_TIM_ReadCapturedValue  stm32f4xx_hal_tim.o
    0x0800304a   0x0800304a   0x00000056   Code   RO         3098    i.HAL_TIM_SlaveConfigSynchro  stm32f4xx_hal_tim.o
    0x080030a0   0x080030a0   0x00000002   Code   RO         3100    i.HAL_TIM_TriggerCallback  stm32f4xx_hal_tim.o
    0x080030a2   0x080030a2   0x00000002   Code   RO          865    i.HardFault_Handler  stm32f4xx_it.o
    0x080030a4   0x080030a4   0x000000b8   Code   RO          505    i.MX_ADC1_Init      adc.o
    0x0800315c   0x0800315c   0x00000044   Code   RO          652    i.MX_CAN1_Init      can.o
    0x080031a0   0x080031a0   0x0000001c   Code   RO          692    i.MX_DMA_Init       dma.o
    0x080031bc   0x080031bc   0x00000134   Code   RO          365    i.MX_GPIO_Init      gpio.o
    0x080032f0   0x080032f0   0x0000002c   Code   RO          719    i.MX_IWDG_Init      iwdg.o
    0x0800331c   0x0800331c   0x00000076   Code   RO           19    i.MX_NVIC_Init      main.o
    0x08003392   0x08003392   0x00000002   PAD
    0x08003394   0x08003394   0x00000048   Code   RO          751    i.MX_SPI2_Init      spi.o
    0x080033dc   0x080033dc   0x000000c8   Code   RO          794    i.MX_TIM1_Init      tim.o
    0x080034a4   0x080034a4   0x00000068   Code   RO          795    i.MX_TIM2_Init      tim.o
    0x0800350c   0x0800350c   0x000000d8   Code   RO          796    i.MX_TIM3_Init      tim.o
    0x080035e4   0x080035e4   0x000000d8   Code   RO          797    i.MX_TIM4_Init      tim.o
    0x080036bc   0x080036bc   0x00000002   Code   RO          866    i.MemManage_Handler  stm32f4xx_it.o
    0x080036be   0x080036be   0x00000002   Code   RO          867    i.NMI_Handler       stm32f4xx_it.o
    0x080036c0   0x080036c0   0x00000002   Code   RO          868    i.PendSV_Handler    stm32f4xx_it.o
    0x080036c2   0x080036c2   0x00000002   PAD
    0x080036c4   0x080036c4   0x00000058   Code   RO         2734    i.SPI_EndRxTxTransaction  stm32f4xx_hal_spi.o
    0x0800371c   0x0800371c   0x000000b8   Code   RO         2739    i.SPI_WaitFlagStateUntilTimeout  stm32f4xx_hal_spi.o
    0x080037d4   0x080037d4   0x00000002   Code   RO          869    i.SVC_Handler       stm32f4xx_it.o
    0x080037d6   0x080037d6   0x00000004   Code   RO          870    i.SysTick_Handler   stm32f4xx_it.o
    0x080037da   0x080037da   0x00000002   PAD
    0x080037dc   0x080037dc   0x00000098   Code   RO           20    i.SystemClock_Config  main.o
    0x08003874   0x08003874   0x00000010   Code   RO         3981    i.SystemInit        system_stm32f4xx.o
    0x08003884   0x08003884   0x0000000c   Code   RO          871    i.TIM2_IRQHandler   stm32f4xx_it.o
    0x08003890   0x08003890   0x0000000c   Code   RO          872    i.TIM3_IRQHandler   stm32f4xx_it.o
    0x0800389c   0x0800389c   0x0000000c   Code   RO          873    i.TIM4_IRQHandler   stm32f4xx_it.o
    0x080038a8   0x080038a8   0x000000c8   Code   RO         3102    i.TIM_Base_SetConfig  stm32f4xx_hal_tim.o
    0x08003970   0x08003970   0x0000001a   Code   RO         3103    i.TIM_CCxChannelCmd  stm32f4xx_hal_tim.o
    0x0800398a   0x0800398a   0x00000014   Code   RO         3113    i.TIM_ETR_SetConfig  stm32f4xx_hal_tim.o
    0x0800399e   0x0800399e   0x00000010   Code   RO         3114    i.TIM_ITRx_SetConfig  stm32f4xx_hal_tim.o
    0x080039ae   0x080039ae   0x00000002   PAD
    0x080039b0   0x080039b0   0x00000060   Code   RO         3115    i.TIM_OC1_SetConfig  stm32f4xx_hal_tim.o
    0x08003a10   0x08003a10   0x0000006c   Code   RO         3116    i.TIM_OC2_SetConfig  stm32f4xx_hal_tim.o
    0x08003a7c   0x08003a7c   0x00000068   Code   RO         3117    i.TIM_OC3_SetConfig  stm32f4xx_hal_tim.o
    0x08003ae4   0x08003ae4   0x00000050   Code   RO         3118    i.TIM_OC4_SetConfig  stm32f4xx_hal_tim.o
    0x08003b34   0x08003b34   0x00000086   Code   RO         3119    i.TIM_SlaveTimer_SetConfig  stm32f4xx_hal_tim.o
    0x08003bba   0x08003bba   0x00000022   Code   RO         3120    i.TIM_TI1_ConfigInputStage  stm32f4xx_hal_tim.o
    0x08003bdc   0x08003bdc   0x00000080   Code   RO         3121    i.TIM_TI1_SetConfig  stm32f4xx_hal_tim.o
    0x08003c5c   0x08003c5c   0x00000024   Code   RO         3122    i.TIM_TI2_ConfigInputStage  stm32f4xx_hal_tim.o
    0x08003c80   0x08003c80   0x00000036   Code   RO         3123    i.TIM_TI2_SetConfig  stm32f4xx_hal_tim.o
    0x08003cb6   0x08003cb6   0x00000002   Code   RO          874    i.UsageFault_Handler  stm32f4xx_it.o
    0x08003cb8   0x08003cb8   0x00000020   Code   RO         2046    i.__NVIC_SetPriority  stm32f4xx_hal_cortex.o
    0x08003cd8   0x08003cd8   0x0000000e   Code   RO         4063    i.__scatterload_copy  mc_w.l(handlers.o)
    0x08003ce6   0x08003ce6   0x00000002   Code   RO         4064    i.__scatterload_null  mc_w.l(handlers.o)
    0x08003ce8   0x08003ce8   0x0000000e   Code   RO         4065    i.__scatterload_zeroinit  mc_w.l(handlers.o)
    0x08003cf6   0x08003cf6   0x0000001e   Code   RO           25    i.adxl_init         main.o
    0x08003d14   0x08003d14   0x00000040   Code   RO           27    i.adxl_write        main.o
    0x08003d54   0x08003d54   0x00000088   Code   RO           31    i.check_safety      main.o
    0x08003ddc   0x08003ddc   0x0000007c   Code   RO           32    i.driving_mode      main.o
    0x08003e58   0x08003e58   0x00000198   Code   RO           34    i.main              main.o
    0x08003ff0   0x08003ff0   0x00000024   Code   RO           35    i.map               main.o
    0x08004014   0x08004014   0x0000007c   Code   RO           38    i.torque_command    main.o
    0x08004090   0x08004090   0x00000038   Code   RO           39    i.torque_to_can     main.o
    0x080040c8   0x080040c8   0x00000008   Data   RO         1763    .constdata          stm32f4xx_hal_dma.o
    0x080040d0   0x080040d0   0x00000010   Data   RO         3982    .constdata          system_stm32f4xx.o
    0x080040e0   0x080040e0   0x00000008   Data   RO         3983    .constdata          system_stm32f4xx.o
    0x080040e8   0x080040e8   0x00000020   Data   RO         4061    Region$$Table       anon$$obj.o


    Execution Region RW_IRAM2 (Exec base: 0x10000000, Load base: 0x080041c8, Size: 0x00000000, Max: 0x00010000, ABSOLUTE)

    **** No section assigned to this execution region ****


    Execution Region RW_IRAM1 (Exec base: 0x20000000, Load base: 0x08004108, Size: 0x000007a0, Max: 0x00020000, ABSOLUTE)

    Exec Addr    Load Addr    Size         Type   Attr      Idx    E Section Name        Object

    0x20000000   0x08004108   0x000000b0   Data   RW           47    .data               main.o
    0x200000b0   0x080041b8   0x0000000c   Data   RW         2190    .data               stm32f4xx_hal.o
    0x200000bc   0x080041c4   0x00000004   Data   RW         3984    .data               system_stm32f4xx.o
    0x200000c0        -       0x00000088   Zero   RW           40    .bss                main.o
    0x20000148        -       0x000000a8   Zero   RW          506    .bss                adc.o
    0x200001f0        -       0x00000028   Zero   RW          653    .bss                can.o
    0x20000218        -       0x0000000c   Zero   RW          720    .bss                iwdg.o
    0x20000224        -       0x00000058   Zero   RW          752    .bss                spi.o
    0x2000027c        -       0x00000120   Zero   RW          798    .bss                tim.o
    0x2000039c   0x080041c8   0x00000004   PAD
    0x200003a0        -       0x00000400   Zero   RW            1    STACK               startup_stm32f407xx.o


==============================================================================

Image component sizes


      Code (inc. data)   RO Data    RW Data    ZI Data      Debug   Object Name

       368         36          0          0        168     710419   adc.o
       172         22          0          0         40       1793   can.o
        28          6          0          0          0        806   dma.o
       528         68          0          0          0       6082   gpio.o
        44          8          0          0         12        775   iwdg.o
      2252        198          0        176        136     700479   main.o
       216         24          0          0         88       1849   spi.o
        36          8        392          0       1024        872   startup_stm32f407xx.o
       180         28          0         12          0       9613   stm32f4xx_hal.o
      1200         66          0          0          0       7729   stm32f4xx_hal_adc.o
      1658          6          0          0          0      14783   stm32f4xx_hal_can.o
       198         14          0          0          0      34103   stm32f4xx_hal_cortex.o
       902         16          8          0          0       5991   stm32f4xx_hal_dma.o
       552         50          0          0          0       4275   stm32f4xx_hal_gpio.o
       102          0          0          0          0       1927   stm32f4xx_hal_iwdg.o
        52          4          0          0          0        918   stm32f4xx_hal_msp.o
      1312         60          0          0          0       4773   stm32f4xx_hal_rcc.o
       818         12          0          0          0       4738   stm32f4xx_hal_spi.o
      3076        200          0          0          0      24478   stm32f4xx_hal_tim.o
       232         28          0          0          0       3409   stm32f4xx_hal_tim_ex.o
       104         30          0          0          0       8850   stm32f4xx_it.o
        16          4         24          4          0       1207   system_stm32f4xx.o
      1060         72          0          0        288       5187   tim.o

    ----------------------------------------------------------------------
     15146        960        456        192       1760    1555056   Object Totals
         0          0         32          0          0          0   (incl. Generated)
        40          0          0          0          4          0   (incl. Padding)

    ----------------------------------------------------------------------

      Code (inc. data)   RO Data    RW Data    ZI Data      Debug   Library Member Name

         0          0          0          0          0          0   entry.o
         0          0          0          0          0          0   entry10a.o
         0          0          0          0          0          0   entry11a.o
         4          0          0          0          0          0   entry12b.o
         8          4          0          0          0          0   entry2.o
         4          0          0          0          0          0   entry5.o
         0          0          0          0          0          0   entry7b.o
         0          0          0          0          0          0   entry8b.o
         8          4          0          0          0          0   entry9a.o
        30          0          0          0          0          0   handlers.o
        36          8          0          0          0         68   init.o
         0          0          0          0          0          0   iusefp.o
        30          0          0          0          0         68   llshl.o
        32          0          0          0          0         68   llushr.o
        36          0          0          0          0        108   memseta.o
        98          0          0          0          0         92   uldiv.o
        48          0          0          0          0         68   cdrcmple.o
       222          0          0          0          0        100   ddiv.o
       186          0          0          0          0        176   depilogue.o
        50          0          0          0          0         76   dfixui.o
        26          0          0          0          0         76   dfltui.o
       228          0          0          0          0         96   dmul.o

    ----------------------------------------------------------------------
      1046         16          0          0          0        996   Library Totals
         0          0          0          0          0          0   (incl. Padding)

    ----------------------------------------------------------------------

      Code (inc. data)   RO Data    RW Data    ZI Data      Debug   Library Name

       286         16          0          0          0        404   mc_w.l
       760          0          0          0          0        592   mf_w.l

    ----------------------------------------------------------------------
      1046         16          0          0          0        996   Library Totals

    ----------------------------------------------------------------------

==============================================================================


      Code (inc. data)   RO Data    RW Data    ZI Data      Debug   

     16192        976        456        192       1760    1541888   Grand Totals
     16192        976        456        192       1760    1541888   ELF Image Totals
     16192        976        456        192          0          0   ROM Totals

==============================================================================

    Total RO  Size (Code + RO Data)                16648 (  16.26kB)
    Total RW  Size (RW Data + ZI Data)              1952 (   1.91kB)
    Total ROM Size (Code + RO Data + RW Data)      16840 (  16.45kB)

==============================================================================

