Component: ARM Compiler 5.06 update 7 (build 960) Tool: armlink [4d3601]

==============================================================================

Section Cross References

    startup_stm32f407xx.o(RESET) refers to startup_stm32f407xx.o(STACK) for __initial_sp
    startup_stm32f407xx.o(RESET) refers to startup_stm32f407xx.o(.text) for Reset_Handler
    startup_stm32f407xx.o(RESET) refers to stm32f4xx_it.o(i.NMI_Handler) for NMI_Handler
    startup_stm32f407xx.o(RESET) refers to stm32f4xx_it.o(i.HardFault_Handler) for HardFault_Handler
    startup_stm32f407xx.o(RESET) refers to stm32f4xx_it.o(i.MemManage_Handler) for MemManage_Handler
    startup_stm32f407xx.o(RESET) refers to stm32f4xx_it.o(i.BusFault_Handler) for BusFault_Handler
    startup_stm32f407xx.o(RESET) refers to stm32f4xx_it.o(i.UsageFault_Handler) for UsageFault_Handler
    startup_stm32f407xx.o(RESET) refers to stm32f4xx_it.o(i.SVC_Handler) for SVC_Handler
    startup_stm32f407xx.o(RESET) refers to stm32f4xx_it.o(i.DebugMon_Handler) for DebugMon_Handler
    startup_stm32f407xx.o(RESET) refers to stm32f4xx_it.o(i.PendSV_Handler) for PendSV_Handler
    startup_stm32f407xx.o(RESET) refers to stm32f4xx_it.o(i.SysTick_Handler) for SysTick_Handler
    startup_stm32f407xx.o(RESET) refers to stm32f4xx_it.o(i.EXTI2_IRQHandler) for EXTI2_IRQHandler
    startup_stm32f407xx.o(RESET) refers to stm32f4xx_it.o(i.EXTI3_IRQHandler) for EXTI3_IRQHandler
    startup_stm32f407xx.o(RESET) refers to stm32f4xx_it.o(i.EXTI4_IRQHandler) for EXTI4_IRQHandler
    startup_stm32f407xx.o(RESET) refers to stm32f4xx_it.o(i.CAN1_RX0_IRQHandler) for CAN1_RX0_IRQHandler
    startup_stm32f407xx.o(RESET) refers to stm32f4xx_it.o(i.EXTI9_5_IRQHandler) for EXTI9_5_IRQHandler
    startup_stm32f407xx.o(RESET) refers to stm32f4xx_it.o(i.TIM2_IRQHandler) for TIM2_IRQHandler
    startup_stm32f407xx.o(RESET) refers to stm32f4xx_it.o(i.TIM3_IRQHandler) for TIM3_IRQHandler
    startup_stm32f407xx.o(RESET) refers to stm32f4xx_it.o(i.TIM4_IRQHandler) for TIM4_IRQHandler
    startup_stm32f407xx.o(RESET) refers to stm32f4xx_it.o(i.DMA2_Stream0_IRQHandler) for DMA2_Stream0_IRQHandler
    startup_stm32f407xx.o(.text) refers to system_stm32f4xx.o(i.SystemInit) for SystemInit
    startup_stm32f407xx.o(.text) refers to entry.o(.ARM.Collect$$$$00000000) for __main
    main.o(i.CAN_Txsetup) refers to stm32f4xx_hal_can.o(i.HAL_CAN_Start) for HAL_CAN_Start
    main.o(i.CAN_Txsetup) refers to can.o(.bss) for hcan1
    main.o(i.CAN_Txsetup) refers to main.o(.bss) for .bss
    main.o(i.CAN_Txsetup) refers to main.o(.data) for .data
    main.o(i.CAN_filterConfig) refers to stm32f4xx_hal_can.o(i.HAL_CAN_ConfigFilter) for HAL_CAN_ConfigFilter
    main.o(i.CAN_filterConfig) refers to stm32f4xx_hal_can.o(i.HAL_CAN_ActivateNotification) for HAL_CAN_ActivateNotification
    main.o(i.CAN_filterConfig) refers to can.o(.bss) for hcan1
    main.o(i.HAL_CAN_RxFifo0MsgPendingCallback) refers to stm32f4xx_hal_can.o(i.HAL_CAN_GetRxMessage) for HAL_CAN_GetRxMessage
    main.o(i.HAL_CAN_RxFifo0MsgPendingCallback) refers to stm32f4xx_hal_gpio.o(i.HAL_GPIO_WritePin) for HAL_GPIO_WritePin
    main.o(i.HAL_CAN_RxFifo0MsgPendingCallback) refers to main.o(.data) for .data
    main.o(i.HAL_CAN_RxFifo0MsgPendingCallback) refers to main.o(.bss) for .bss
    main.o(i.HAL_TIM_IC_CaptureCallback) refers to stm32f4xx_hal_tim.o(i.HAL_TIM_ReadCapturedValue) for HAL_TIM_ReadCapturedValue
    main.o(i.HAL_TIM_IC_CaptureCallback) refers to stm32f4xx_hal_rcc.o(i.HAL_RCC_GetPCLK1Freq) for HAL_RCC_GetPCLK1Freq
    main.o(i.HAL_TIM_IC_CaptureCallback) refers to main.o(.data) for .data
    main.o(i.HAL_TIM_PeriodElapsedCallback) refers to main.o(i.a11) for a11
    main.o(i.HAL_TIM_PeriodElapsedCallback) refers to main.o(i.a12) for a12
    main.o(i.HAL_TIM_PeriodElapsedCallback) refers to main.o(i.a22) for a22
    main.o(i.HAL_TIM_PeriodElapsedCallback) refers to main.o(i.b11) for b11
    main.o(i.HAL_TIM_PeriodElapsedCallback) refers to dfltui.o(.text) for __aeabi_ui2d
    main.o(i.HAL_TIM_PeriodElapsedCallback) refers to main.o(i.map_double) for map_double
    main.o(i.HAL_TIM_PeriodElapsedCallback) refers to main.o(i.beta_diff) for beta_diff
    main.o(i.HAL_TIM_PeriodElapsedCallback) refers to main.o(i.gamma_diff) for gamma_diff
    main.o(i.HAL_TIM_PeriodElapsedCallback) refers to stm32f4xx_hal.o(i.HAL_GetTick) for HAL_GetTick
    main.o(i.HAL_TIM_PeriodElapsedCallback) refers to dadd.o(.text) for __aeabi_dsub
    main.o(i.HAL_TIM_PeriodElapsedCallback) refers to dmul.o(.text) for __aeabi_dmul
    main.o(i.HAL_TIM_PeriodElapsedCallback) refers to ddiv.o(.text) for __aeabi_ddiv
    main.o(i.HAL_TIM_PeriodElapsedCallback) refers to main.o(i.adxl_read) for adxl_read
    main.o(i.HAL_TIM_PeriodElapsedCallback) refers to dflti.o(.text) for __aeabi_i2d
    main.o(i.HAL_TIM_PeriodElapsedCallback) refers to d2f.o(.text) for __aeabi_d2f
[...]
    ..\Drivers\STM32F4xx_HAL_Driver\Src\stm32f4xx_hal_cortex.c 0x00000000   Number         0  stm32f4xx_hal_cortex.o ABSOLUTE
    ..\Drivers\STM32F4xx_HAL_Driver\Src\stm32f4xx_hal_dma.c 0x00000000   Number         0  stm32f4xx_hal_dma.o ABSOLUTE
    ..\Drivers\STM32F4xx_HAL_Driver\Src\stm32f4xx_hal_dma_ex.c 0x00000000   Number         0  stm32f4xx_hal_dma_ex.o ABSOLUTE
    ..\Drivers\STM32F4xx_HAL_Driver\Src\stm32f4xx_hal_exti.c 0x00000000   Number         0  stm32f4xx_hal_exti.o ABSOLUTE
    ..\Drivers\STM32F4xx_HAL_Driver\Src\stm32f4xx_hal_flash.c 0x00000000   Number         0  stm32f4xx_hal_flash.o ABSOLUTE
    ..\Drivers\STM32F4xx_HAL_Driver\Src\stm32f4xx_hal_flash_ex.c 0x00000000   Number         0  stm32f4xx_hal_flash_ex.o ABSOLUTE
    ..\Drivers\STM32F4xx_HAL_Driver\Src\stm32f4xx_hal_flash_ramfunc.c 0x00000000   Number         0  stm32f4xx_hal_flash_ramfunc.o ABSOLUTE
    ..\Drivers\STM32F4xx_HAL_Driver\Src\stm32f4xx_hal_gpio.c 0x00000000   Number         0  stm32f4xx_hal_gpio.o ABSOLUTE
    ..\Drivers\STM32F4xx_HAL_Driver\Src\stm32f4xx_hal_iwdg.c 0x00000000   Number         0  stm32f4xx_hal_iwdg.o ABSOLUTE
    ..\Drivers\STM32F4xx_HAL_Driver\Src\stm32f4xx_hal_pwr.c 0x00000000   Number         0  stm32f4xx_hal_pwr.o ABSOLUTE
    ..\Drivers\STM32F4xx_HAL_Driver\Src\stm32f4xx_hal_pwr_ex.c 0x00000000   Number         0  stm32f4xx_hal_pwr_ex.o ABSOLUTE
    ..\Drivers\STM32F4xx_HAL_Driver\Src\stm32f4xx_hal_rcc.c 0x00000000   Number         0  stm32f4xx_hal_rcc.o ABSOLUTE
    ..\Drivers\STM32F4xx_HAL_Driver\Src\stm32f4xx_hal_rcc_ex.c 0x00000000   Number         0  stm32f4xx_hal_rcc_ex.o ABSOLUTE
    ..\Drivers\STM32F4xx_HAL_Driver\Src\stm32f4xx_hal_spi.c 0x00000000   Number         0  stm32f4xx_hal_spi.o ABSOLUTE
    ..\Drivers\STM32F4xx_HAL_Driver\Src\stm32f4xx_hal_tim.c 0x00000000   Number         0  stm32f4xx_hal_tim.o ABSOLUTE
    ..\Drivers\STM32F4xx_HAL_Driver\Src\stm32f4xx_hal_tim_ex.c 0x00000000   Number         0  stm32f4xx_hal_tim_ex.o ABSOLUTE
    cdrcmple.s                               0x00000000   Number         0  cdrcmple.o ABSOLUTE
    dc.s                                     0x00000000   Number         0  dc.o ABSOLUTE
    handlers.s                               0x00000000   Number         0  handlers.o ABSOLUTE
    init.s                                   0x00000000   Number         0  init.o ABSOLUTE
    startup_stm32f407xx.s                    0x00000000   Number         0  startup_stm32f407xx.o ABSOLUTE
    RESET                                    0x08000000   Section      392  startup_stm32f407xx.o(RESET)
    .ARM.Collect$$$$00000000                 0x08000188   Section        0  entry.o(.ARM.Collect$$$$00000000)
    .ARM.Collect$$$$00000001                 0x08000188   Section        4  entry2.o(.ARM.Collect$$$$00000001)
    .ARM.Collect$$$$00000004                 0x0800018c   Section        4  entry5.o(.ARM.Collect$$$$00000004)
    .ARM.Collect$$$$00000008                 0x08000190   Section        0  entry7b.o(.ARM.Collect$$$$00000008)
    .ARM.Collect$$$$0000000A                 0x08000190   Section        0  entry8b.o(.ARM.Collect$$$$0000000A)
    .ARM.Collect$$$$0000000B                 0x08000190   Section        8  entry9a.o(.ARM.Collect$$$$0000000B)
    .ARM.Collect$$$$0000000E                 0x08000198   Section        4  entry12b.o(.ARM.Collect$$$$0000000E)
    .ARM.Collect$$$$0000000F                 0x0800019c   Section        0  entry10a.o(.ARM.Collect$$$$0000000F)
    .ARM.Collect$$$$00000011                 0x0800019c   Section        0  entry11a.o(.ARM.Collect$$$$00000011)
    .ARM.Collect$$$$00002712                 0x0800019c   Section        4  entry2.o(.ARM.Collect$$$$00002712)
    __lit__00000000                          0x0800019c   Data           4  entry2.o(.ARM.Collect$$$$00002712)
    .text                                    0x080001a0   Section       36  startup_stm32f407xx.o(.text)
    $v0                                      0x080001a0   Number         0  startup_stm32f407xx.o(.text)
    .text                                    0x080001c4   Section        0  uldiv.o(.text)
    .text                                    0x08000226   Section        0  memseta.o(.text)
    .text                                    0x0800024a   Section        0  dadd.o(.text)
    .text                                    0x08000398   Section        0  dmul.o(.text)
    .text                                    0x0800047c   Section        0  ddiv.o(.text)
    .text                                    0x0800055a   Section        0  dflti.o(.text)
    .text                                    0x0800057c   Section        0  dfltui.o(.text)
    .text                                    0x08000596   Section        0  dfixui.o(.text)
    .text                                    0x080005c8   Section       48  cdrcmple.o(.text)
    .text                                    0x080005f8   Section        0  d2f.o(.text)
    .text                                    0x08000630   Section        0  llshl.o(.text)
    .text                                    0x0800064e   Section        0  llushr.o(.text)
    .text                                    0x0800066e   Section        0  llsshr.o(.text)
    .text                                    0x08000692   Section        0  fepilogue.o(.text)
    .text                                    0x08000692   Section        0  iusefp.o(.text)
    .text                                    0x08000700   Section        0  depilogue.o(.text)
    .text                                    0x080007bc   Section       36  init.o(.text)
    i.ADC_DMAConvCplt                        0x080007e0   Section        0  stm32f4xx_hal_adc.o(i.ADC_DMAConvCplt)
    ADC_DMAConvCplt                          0x080007e1   Thumb Code   110  stm32f4xx_hal_adc.o(i.ADC_DMAConvCplt)
    i.ADC_DMAError                           0x0800084e   Section        0  stm32f4xx_hal_adc.o(i.ADC_DMAError)
    ADC_DMAError                             0x0800084f   Thumb Code    22  stm32f4xx_hal_adc.o(i.ADC_DMAError)
    i.ADC_DMAHalfConvCplt                    0x08000864   Section        0  stm32f4xx_hal_adc.o(i.ADC_DMAHalfConvCplt)
    ADC_DMAHalfConvCplt                      0x08000865   Thumb Code    10  stm32f4xx_hal_adc.o(i.ADC_DMAHalfConvCplt)
    i.ADC_Init                               0x08000870   Section        0  stm32f4xx_hal_adc.o(i.ADC_Init)
    ADC_Init                                 0x08000871   Thumb Code   284  stm32f4xx_hal_adc.o(i.ADC_Init)
    i.BusFault_Handler                       0x08000998   Section        0  stm32f4xx_it.o(i.BusFault_Handler)
    i.CAN1_RX0_IRQHandler                    0x0800099c   Section        0  stm32f4xx_it.o(i.CAN1_RX0_IRQHandler)
    i.CAN_Txsetup                            0x080009a8   Section        0  main.o(i.CAN_Txsetup)
    i.CAN_filterConfig                       0x08000a50   Section        0  main.o(i.CAN_filterConfig)
    i.DMA2_Stream0_IRQHandler                0x08000a94   Section        0  stm32f4xx_it.o(i.DMA2_Stream0_IRQHandler)
    i.DMA_CalcBaseAndBitshift                0x08000aa0   Section        0  stm32f4xx_hal_dma.o(i.DMA_CalcBaseAndBitshift)
    DMA_CalcBaseAndBitshift                  0x08000aa1   Thumb Code    34  stm32f4xx_hal_dma.o(i.DMA_CalcBaseAndBitshift)
    i.DMA_CheckFifoParam                     0x08000ac8   Section        0  stm32f4xx_hal_dma.o(i.DMA_CheckFifoParam)
    DMA_CheckFifoParam                       0x08000ac9   Thumb Code    84  stm32f4xx_hal_dma.o(i.DMA_CheckFifoParam)
    i.DMA_SetConfig                          0x08000b1c   Section        0  stm32f4xx_hal_dma.o(i.DMA_SetConfig)
    DMA_SetConfig                            0x08000b1d   Thumb Code    40  stm32f4xx_hal_dma.o(i.DMA_SetConfig)
    i.DebugMon_Handler                       0x08000b44   Section        0  stm32f4xx_it.o(i.DebugMon_Handler)
    i.EXTI2_IRQHandler                       0x08000b46   Section        0  stm32f4xx_it.o(i.EXTI2_IRQHandler)
    i.EXTI3_IRQHandler                       0x08000b4c   Section        0  stm32f4xx_it.o(i.EXTI3_IRQHandler)
    i.EXTI4_IRQHandler                       0x08000b52   Section        0  stm32f4xx_it.o(i.EXTI4_IRQHandler)
    i.EXTI9_5_IRQHandler                     0x08000b58   Section        0  stm32f4xx_it.o(i.EXTI9_5_IRQHandler)
    i.Error_Handler                          0x08000b5e   Section        0  main.o(i.Error_Handler)
    i.HAL_ADC_ConfigChannel                  0x08000b64   Section        0  stm32f4xx_hal_adc.o(i.HAL_ADC_ConfigChannel)
    i.HAL_ADC_ConvCpltCallback               0x08000cb0   Section        0  stm32f4xx_hal_adc.o(i.HAL_ADC_ConvCpltCallback)
    i.HAL_ADC_ConvHalfCpltCallback           0x08000cb2   Section        0  stm32f4xx_hal_adc.o(i.HAL_ADC_ConvHalfCpltCallback)
    i.HAL_ADC_ErrorCallback                  0x08000cb4   Section        0  stm32f4xx_hal_adc.o(i.HAL_ADC_ErrorCallback)
    i.HAL_ADC_Init                           0x08000cb6   Section        0  stm32f4xx_hal_adc.o(i.HAL_ADC_Init)
    i.HAL_ADC_MspInit                        0x08000d0c   Section        0  adc.o(i.HAL_ADC_MspInit)
    i.HAL_ADC_Start_DMA                      0x08000dc4   Section        0  stm32f4xx_hal_adc.o(i.HAL_ADC_Start_DMA)
    i.HAL_CAN_ActivateNotification           0x08000f18   Section        0  stm32f4xx_hal_can.o(i.HAL_CAN_ActivateNotification)
    i.HAL_CAN_AddTxMessage                   0x08000f3c   Section        0  stm32f4xx_hal_can.o(i.HAL_CAN_AddTxMessage)
    i.HAL_CAN_ConfigFilter                   0x08001018   Section        0  stm32f4xx_hal_can.o(i.HAL_CAN_ConfigFilter)
    i.HAL_CAN_ErrorCallback                  0x08001124   Section        0  stm32f4xx_hal_can.o(i.HAL_CAN_ErrorCallback)
    i.HAL_CAN_GetRxMessage                   0x08001126   Section        0  stm32f4xx_hal_can.o(i.HAL_CAN_GetRxMessage)
    i.HAL_CAN_IRQHandler                     0x0800120e   Section        0  stm32f4xx_hal_can.o(i.HAL_CAN_IRQHandler)
    i.HAL_CAN_Init                           0x0800140a   Section        0  stm32f4xx_hal_can.o(i.HAL_CAN_Init)
    i.HAL_CAN_MspInit                        0x08001524   Section        0  can.o(i.HAL_CAN_MspInit)
    i.HAL_CAN_RxFifo0FullCallback            0x0800158c   Section        0  stm32f4xx_hal_can.o(i.HAL_CAN_RxFifo0FullCallback)
    i.HAL_CAN_RxFifo0MsgPendingCallback      0x08001590   Section        0  main.o(i.HAL_CAN_RxFifo0MsgPendingCallback)
    i.HAL_CAN_RxFifo1FullCallback            0x08001654   Section        0  stm32f4xx_hal_can.o(i.HAL_CAN_RxFifo1FullCallback)
    i.HAL_CAN_RxFifo1MsgPendingCallback      0x08001656   Section        0  stm32f4xx_hal_can.o(i.HAL_CAN_RxFifo1MsgPendingCallback)
    i.HAL_CAN_SleepCallback                  0x08001658   Section        0  stm32f4xx_hal_can.o(i.HAL_CAN_SleepCallback)
    i.HAL_CAN_Start                          0x0800165c   Section        0  stm32f4xx_hal_can.o(i.HAL_CAN_Start)
    i.HAL_CAN_TxMailbox0AbortCallback        0x080016b4   Section        0  stm32f4xx_hal_can.o(i.HAL_CAN_TxMailbox0AbortCallback)
    i.HAL_CAN_TxMailbox0CompleteCallback     0x080016b6   Section        0  stm32f4xx_hal_can.o(i.HAL_CAN_TxMailbox0CompleteCallback)
    i.HAL_CAN_TxMailbox1AbortCallback        0x080016b8   Section        0  stm32f4xx_hal_can.o(i.HAL_CAN_TxMailbox1AbortCallback)
    i.HAL_CAN_TxMailbox1CompleteCallback     0x080016ba   Section        0  stm32f4xx_hal_can.o(i.HAL_CAN_TxMailbox1CompleteCallback)
    i.HAL_CAN_TxMailbox2AbortCallback        0x080016bc   Section        0  stm32f4xx_hal_can.o(i.HAL_CAN_TxMailbox2AbortCallback)
    i.HAL_CAN_TxMailbox2CompleteCallback     0x080016be   Section        0  stm32f4xx_hal_can.o(i.HAL_CAN_TxMailbox2CompleteCallback)
    i.HAL_CAN_WakeUpFromRxMsgCallback        0x080016c0   Section        0  stm32f4xx_hal_can.o(i.HAL_CAN_WakeUpFromRxMsgCallback)
    i.HAL_DMA_IRQHandler                     0x080016c4   Section        0  stm32f4xx_hal_dma.o(i.HAL_DMA_IRQHandler)
    i.HAL_DMA_Init                           0x08001864   Section        0  stm32f4xx_hal_dma.o(i.HAL_DMA_Init)
    i.HAL_DMA_Start_IT                       0x08001938   Section        0  stm32f4xx_hal_dma.o(i.HAL_DMA_Start_IT)
    i.HAL_Delay                              0x080019a8   Section        0  stm32f4xx_hal.o(i.HAL_Delay)
    i.HAL_GPIO_EXTI_Callback                 0x080019cc   Section        0  gpio.o(i.HAL_GPIO_EXTI_Callback)
    i.HAL_GPIO_EXTI_IRQHandler               0x08001a9c   Section        0  stm32f4xx_hal_gpio.o(i.HAL_GPIO_EXTI_IRQHandler)
    i.HAL_GPIO_Init                          0x08001ab4   Section        0  stm32f4xx_hal_gpio.o(i.HAL_GPIO_Init)
    i.HAL_GPIO_ReadPin                       0x08001ca0   Section        0  stm32f4xx_hal_gpio.o(i.HAL_GPIO_ReadPin)
    i.HAL_GPIO_TogglePin                     0x08001caa   Section        0  stm32f4xx_hal_gpio.o(i.HAL_GPIO_TogglePin)
    i.HAL_GPIO_WritePin                      0x08001cba   Section        0  stm32f4xx_hal_gpio.o(i.HAL_GPIO_WritePin)
    i.HAL_GetTick                            0x08001cc4   Section        0  stm32f4xx_hal.o(i.HAL_GetTick)
    i.HAL_IWDG_Init                          0x08001cd0   Section        0  stm32f4xx_hal_iwdg.o(i.HAL_IWDG_Init)
    i.HAL_IWDG_Refresh                       0x08001d2a   Section        0  stm32f4xx_hal_iwdg.o(i.HAL_IWDG_Refresh)
    i.HAL_IncTick                            0x08001d38   Section        0  stm32f4xx_hal.o(i.HAL_IncTick)
    i.HAL_Init                               0x08001d48   Section        0  stm32f4xx_hal.o(i.HAL_Init)
    i.HAL_InitTick                           0x08001d7c   Section        0  stm32f4xx_hal.o(i.HAL_InitTick)
    i.HAL_MspInit                            0x08001dbc   Section        0  stm32f4xx_hal_msp.o(i.HAL_MspInit)
    i.HAL_NVIC_EnableIRQ                     0x08001df0   Section        0  stm32f4xx_hal_cortex.o(i.HAL_NVIC_EnableIRQ)
    i.HAL_NVIC_SetPriority                   0x08001e0c   Section        0  stm32f4xx_hal_cortex.o(i.HAL_NVIC_SetPriority)
    i.HAL_NVIC_SetPriorityGrouping           0x08001e4c   Section        0  stm32f4xx_hal_cortex.o(i.HAL_NVIC_SetPriorityGrouping)
    i.HAL_RCC_ClockConfig                    0x08001e70   Section        0  stm32f4xx_hal_rcc.o(i.HAL_RCC_ClockConfig)
    i.HAL_RCC_GetPCLK1Freq                   0x08001fa4   Section        0  stm32f4xx_hal_rcc.o(i.HAL_RCC_GetPCLK1Freq)
    i.HAL_RCC_GetSysClockFreq                0x08001fc4   Section        0  stm32f4xx_hal_rcc.o(i.HAL_RCC_GetSysClockFreq)
    i.HAL_RCC_OscConfig                      0x08002024   Section        0  stm32f4xx_hal_rcc.o(i.HAL_RCC_OscConfig)
    i.HAL_SPI_Init                           0x08002390   Section        0  stm32f4xx_hal_spi.o(i.HAL_SPI_Init)
    i.HAL_SPI_MspInit                        0x0800244c   Section        0  spi.o(i.HAL_SPI_MspInit)
    i.HAL_SPI_Receive                        0x080024dc   Section        0  stm32f4xx_hal_spi.o(i.HAL_SPI_Receive)
    i.HAL_SPI_Transmit                       0x08002636   Section        0  stm32f4xx_hal_spi.o(i.HAL_SPI_Transmit)
    i.HAL_SPI_TransmitReceive                0x0800279c   Section        0  stm32f4xx_hal_spi.o(i.HAL_SPI_TransmitReceive)
    i.HAL_SYSTICK_Config                     0x0800297e   Section        0  stm32f4xx_hal_cortex.o(i.HAL_SYSTICK_Config)
    i.HAL_TIMEx_BreakCallback                0x080029a6   Section        0  stm32f4xx_hal_tim_ex.o(i.HAL_TIMEx_BreakCallback)
    i.HAL_TIMEx_CommutCallback               0x080029a8   Section        0  stm32f4xx_hal_tim_ex.o(i.HAL_TIMEx_CommutCallback)
    i.HAL_TIMEx_ConfigBreakDeadTime          0x080029aa   Section        0  stm32f4xx_hal_tim_ex.o(i.HAL_TIMEx_ConfigBreakDeadTime)
    i.HAL_TIMEx_MasterConfigSynchronization  0x08002a00   Section        0  stm32f4xx_hal_tim_ex.o(i.HAL_TIMEx_MasterConfigSynchronization)
    i.HAL_TIM_Base_Init                      0x08002a90   Section        0  stm32f4xx_hal_tim.o(i.HAL_TIM_Base_Init)
    i.HAL_TIM_Base_MspInit                   0x08002aec   Section        0  tim.o(i.HAL_TIM_Base_MspInit)
    i.HAL_TIM_Base_Start_IT                  0x08002bdc   Section        0  stm32f4xx_hal_tim.o(i.HAL_TIM_Base_Start_IT)
    i.HAL_TIM_ConfigClockSource              0x08002c5c   Section        0  stm32f4xx_hal_tim.o(i.HAL_TIM_ConfigClockSource)
    i.HAL_TIM_IC_CaptureCallback             0x08002d34   Section        0  main.o(i.HAL_TIM_IC_CaptureCallback)
    i.HAL_TIM_IC_ConfigChannel               0x08002e4c   Section        0  stm32f4xx_hal_tim.o(i.HAL_TIM_IC_ConfigChannel)
    i.HAL_TIM_IC_Init                        0x08002f5a   Section        0  stm32f4xx_hal_tim.o(i.HAL_TIM_IC_Init)
    i.HAL_TIM_IC_MspInit                     0x08002fb4   Section        0  stm32f4xx_hal_tim.o(i.HAL_TIM_IC_MspInit)
    i.HAL_TIM_IC_Start_IT                    0x08002fb8   Section        0  stm32f4xx_hal_tim.o(i.HAL_TIM_IC_Start_IT)
    i.HAL_TIM_IRQHandler                     0x080030c0   Section        0  stm32f4xx_hal_tim.o(i.HAL_TIM_IRQHandler)
    i.HAL_TIM_MspPostInit                    0x08003228   Section        0  tim.o(i.HAL_TIM_MspPostInit)
    i.HAL_TIM_OC_DelayElapsedCallback        0x0800327c   Section        0  stm32f4xx_hal_tim.o(i.HAL_TIM_OC_DelayElapsedCallback)
    i.HAL_TIM_PWM_ConfigChannel              0x0800327e   Section        0  stm32f4xx_hal_tim.o(i.HAL_TIM_PWM_ConfigChannel)
    i.HAL_TIM_PWM_Init                       0x08003344   Section        0  stm32f4xx_hal_tim.o(i.HAL_TIM_PWM_Init)
    i.HAL_TIM_PWM_MspInit                    0x0800339e   Section        0  stm32f4xx_hal_tim.o(i.HAL_TIM_PWM_MspInit)
    i.HAL_TIM_PWM_PulseFinishedCallback      0x080033a0   Section        0  stm32f4xx_hal_tim.o(i.HAL_TIM_PWM_PulseFinishedCallback)
    i.HAL_TIM_PWM_Start                      0x080033a4   Section        0  stm32f4xx_hal_tim.o(i.HAL_TIM_PWM_Start)
    i.HAL_TIM_PeriodElapsedCallback          0x0800346c   Section        0  main.o(i.HAL_TIM_PeriodElapsedCallback)
    i.HAL_TIM_ReadCapturedValue              0x08003718   Section        0  stm32f4xx_hal_tim.o(i.HAL_TIM_ReadCapturedValue)
    i.HAL_TIM_SlaveConfigSynchro             0x08003742   Section        0  stm32f4xx_hal_tim.o(i.HAL_TIM_SlaveConfigSynchro)
    i.HAL_TIM_TriggerCallback                0x08003798   Section        0  stm32f4xx_hal_tim.o(i.HAL_TIM_TriggerCallback)
    i.HardFault_Handler                      0x0800379a   Section        0  stm32f4xx_it.o(i.HardFault_Handler)
    i.MX_ADC1_Init                           0x0800379c   Section        0  adc.o(i.MX_ADC1_Init)
    i.MX_CAN1_Init                           0x08003854   Section        0  can.o(i.MX_CAN1_Init)
    i.MX_DMA_Init                            0x08003898   Section        0  dma.o(i.MX_DMA_Init)
    i.MX_GPIO_Init                           0x080038b4   Section        0  gpio.o(i.MX_GPIO_Init)
    i.MX_IWDG_Init                           0x080039e8   Section        0  iwdg.o(i.MX_IWDG_Init)
    i.MX_NVIC_Init                           0x08003a14   Section        0  main.o(i.MX_NVIC_Init)
    MX_NVIC_Init                             0x08003a15   Thumb Code   118  main.o(i.MX_NVIC_Init)
    i.MX_SPI2_Init                           0x08003a8c   Section        0  spi.o(i.MX_SPI2_Init)
    i.MX_TIM1_Init                           0x08003ad4   Section        0  tim.o(i.MX_TIM1_Init)
    i.MX_TIM2_Init                           0x08003b9c   Section        0  tim.o(i.MX_TIM2_Init)
    i.MX_TIM3_Init                           0x08003c04   Section        0  tim.o(i.MX_TIM3_Init)
    i.MX_TIM4_Init                           0x08003cdc   Section        0  tim.o(i.MX_TIM4_Init)
    i.MemManage_Handler                      0x08003db4   Section        0  stm32f4xx_it.o(i.MemManage_Handler)
    i.NMI_Handler                            0x08003db6   Section        0  stm32f4xx_it.o(i.NMI_Handler)
    i.PendSV_Handler                         0x08003db8   Section        0  stm32f4xx_it.o(i.PendSV_Handler)
    i.SPI_EndRxTransaction                   0x08003dba   Section        0  stm32f4xx_hal_spi.o(i.SPI_EndRxTransaction)
    SPI_EndRxTransaction                     0x08003dbb   Thumb Code    92  stm32f4xx_hal_spi.o(i.SPI_EndRxTransaction)
    i.SPI_EndRxTxTransaction                 0x08003e18   Section        0  stm32f4xx_hal_spi.o(i.SPI_EndRxTxTransaction)
    SPI_EndRxTxTransaction                   0x08003e19   Thumb Code    80  stm32f4xx_hal_spi.o(i.SPI_EndRxTxTransaction)
    i.SPI_WaitFlagStateUntilTimeout          0x08003e70   Section        0  stm32f4xx_hal_spi.o(i.SPI_WaitFlagStateUntilTimeout)
    SPI_WaitFlagStateUntilTimeout            0x08003e71   Thumb Code   180  stm32f4xx_hal_spi.o(i.SPI_WaitFlagStateUntilTimeout)
    i.SVC_Handler                            0x08003f28   Section        0  stm32f4xx_it.o(i.SVC_Handler)
    i.SysTick_Handler                        0x08003f2a   Section        0  stm32f4xx_it.o(i.SysTick_Handler)
    i.SystemClock_Config                     0x08003f30   Section        0  main.o(i.SystemClock_Config)
    i.SystemInit                             0x08003fc8   Section        0  system_stm32f4xx.o(i.SystemInit)
    i.TIM2_IRQHandler                        0x08003fd8   Section        0  stm32f4xx_it.o(i.TIM2_IRQHandler)
    i.TIM3_IRQHandler                        0x08003fe4   Section        0  stm32f4xx_it.o(i.TIM3_IRQHandler)
    i.TIM4_IRQHandler                        0x08003ff0   Section        0  stm32f4xx_it.o(i.TIM4_IRQHandler)
    i.TIM_Base_SetConfig                     0x08003ffc   Section        0  stm32f4xx_hal_tim.o(i.TIM_Base_SetConfig)
    i.TIM_CCxChannelCmd                      0x080040c4   Section        0  stm32f4xx_hal_tim.o(i.TIM_CCxChannelCmd)
    i.TIM_ETR_SetConfig                      0x080040de   Section        0  stm32f4xx_hal_tim.o(i.TIM_ETR_SetConfig)
    i.TIM_ITRx_SetConfig                     0x080040f2   Section        0  stm32f4xx_hal_tim.o(i.TIM_ITRx_SetConfig)
    TIM_ITRx_SetConfig                       0x080040f3   Thumb Code    16  stm32f4xx_hal_tim.o(i.TIM_ITRx_SetConfig)
    i.TIM_OC1_SetConfig                      0x08004104   Section        0  stm32f4xx_hal_tim.o(i.TIM_OC1_SetConfig)
    TIM_OC1_SetConfig                        0x08004105   Thumb Code    88  stm32f4xx_hal_tim.o(i.TIM_OC1_SetConfig)
    i.TIM_OC2_SetConfig                      0x08004164   Section        0  stm32f4xx_hal_tim.o(i.TIM_OC2_SetConfig)
    i.TIM_OC3_SetConfig                      0x080041d0   Section        0  stm32f4xx_hal_tim.o(i.TIM_OC3_SetConfig)
    TIM_OC3_SetConfig                        0x080041d1   Thumb Code    96  stm32f4xx_hal_tim.o(i.TIM_OC3_SetConfig)
    i.TIM_OC4_SetConfig                      0x08004238   Section        0  stm32f4xx_hal_tim.o(i.TIM_OC4_SetConfig)
    TIM_OC4_SetConfig                        0x08004239   Thumb Code    70  stm32f4xx_hal_tim.o(i.TIM_OC4_SetConfig)
    i.TIM_SlaveTimer_SetConfig               0x08004288   Section        0  stm32f4xx_hal_tim.o(i.TIM_SlaveTimer_SetConfig)
    TIM_SlaveTimer_SetConfig                 0x08004289   Thumb Code   134  stm32f4xx_hal_tim.o(i.TIM_SlaveTimer_SetConfig)
    i.TIM_TI1_ConfigInputStage               0x0800430e   Section        0  stm32f4xx_hal_tim.o(i.TIM_TI1_ConfigInputStage)
    TIM_TI1_ConfigInputStage                 0x0800430f   Thumb Code    34  stm32f4xx_hal_tim.o(i.TIM_TI1_ConfigInputStage)
    i.TIM_TI1_SetConfig                      0x08004330   Section        0  stm32f4xx_hal_tim.o(i.TIM_TI1_SetConfig)
    i.TIM_TI2_ConfigInputStage               0x080043b0   Section        0  stm32f4xx_hal_tim.o(i.TIM_TI2_ConfigInputStage)
    TIM_TI2_ConfigInputStage                 0x080043b1   Thumb Code    36  stm32f4xx_hal_tim.o(i.TIM_TI2_ConfigInputStage)
    i.TIM_TI2_SetConfig                      0x080043d4   Section        0  stm32f4xx_hal_tim.o(i.TIM_TI2_SetConfig)
    TIM_TI2_SetConfig                        0x080043d5   Thumb Code    54  stm32f4xx_hal_tim.o(i.TIM_TI2_SetConfig)
    i.UsageFault_Handler                     0x0800440a   Section        0  stm32f4xx_it.o(i.UsageFault_Handler)
    i.__NVIC_SetPriority                     0x0800440c   Section        0  stm32f4xx_hal_cortex.o(i.__NVIC_SetPriority)
    __NVIC_SetPriority                       0x0800440d   Thumb Code    32  stm32f4xx_hal_cortex.o(i.__NVIC_SetPriority)
    i.__scatterload_copy                     0x0800442c   Section       14  handlers.o(i.__scatterload_copy)
    i.__scatterload_null                     0x0800443a   Section        2  handlers.o(i.__scatterload_null)
    i.__scatterload_zeroinit                 0x0800443c   Section       14  handlers.o(i.__scatterload_zeroinit)
    i.a11                                    0x0800444c   Section        0  main.o(i.a11)
    i.a12                                    0x08004494   Section        0  main.o(i.a12)
    i.a22                                    0x08004500   Section        0  main.o(i.a22)
    i.adxl_init                              0x08004548   Section        0  main.o(i.adxl_init)
    i.adxl_read                              0x08004568   Section        0  main.o(i.adxl_read)
    i.adxl_write                             0x080045b8   Section        0  main.o(i.adxl_write)
    i.b11                                    0x080045f8   Section        0  main.o(i.b11)
    i.beta_diff                              0x08004640   Section        0  main.o(i.beta_diff)
    i.check_safety                           0x080046ac   Section        0  main.o(i.check_safety)
    i.driving_mode                           0x0800473c   Section        0  main.o(i.driving_mode)
    i.gamma_diff                             0x080047c0   Section        0  main.o(i.gamma_diff)
    i.main                                   0x0800483c   Section        0  main.o(i.main)
    i.map                                    0x080049e8   Section        0  main.o(i.map)
    i.map_double                             0x08004a06   Section        0  main.o(i.map_double)
    i.torque_command                         0x08004a98   Section        0  main.o(i.torque_command)
    i.torque_to_can                          0x08004adc   Section        0  main.o(i.torque_to_can)
    .constdata                               0x08004b54   Section        8  stm32f4xx_hal_dma.o(.constdata)
    flagBitshiftOffset                       0x08004b54   Data           8  stm32f4xx_hal_dma.o(.constdata)
    .constdata                               0x08004b5c   Section       16  system_stm32f4xx.o(.constdata)
    .constdata                               0x08004b6c   Section        8  system_stm32f4xx.o(.constdata)
    .data                                    0x20000000   Section      272  main.o(.data)
    .data                                    0x20000110   Section       12  stm32f4xx_hal.o(.data)
    .data                                    0x2000011c   Section        4  system_stm32f4xx.o(.data)
    .bss                                     0x20000120   Section      136  main.o(.bss)
    TxMessage_right                          0x2000012c   Data          24  main.o(.bss)
    TxMessage_left                           0x20000144   Data          24  main.o(.bss)
    TxMessage_R_clear                        0x2000015c   Data          24  main.o(.bss)
    TxMessage_L_clear                        0x20000174   Data          24  main.o(.bss)
    RxMessage                                0x2000018c   Data          28  main.o(.bss)
    .bss                                     0x200001a8   Section      168  adc.o(.bss)
    .bss                                     0x20000250   Section       40  can.o(.bss)
    .bss                                     0x20000278   Section       12  iwdg.o(.bss)
    .bss                                     0x20000284   Section       88  spi.o(.bss)
    .bss                                     0x200002dc   Section      288  tim.o(.bss)
    STACK                                    0x20000400   Section     1024  startup_stm32f407xx.o(STACK)

    Global Symbols

    Symbol Name                              Value     Ov Type        Size  Object(Section)

    BuildAttributes$$THM_ISAv4$E$P$D$K$B$S$7EM$VFPi3$EXTD16$VFPS$VFMA$PE$A:L22UL41UL21$X:L11$S22US41US21$IEEE1$IW$USESV6$~STKCKD$USESV7$~SHL$OTIME$ROPI$EBA8$MICROLIB$REQ8$PRES8$EABIv2 0x00000000   Number         0  anon$$obj.o ABSOLUTE
    __ARM_use_no_argv                        0x00000000   Number         0  main.o ABSOLUTE
    __arm_fini_                               - Undefined Weak Reference
    __cpp_initialize__aeabi_                  - Undefined Weak Reference
    __cxa_finalize                            - Undefined Weak Reference
    __decompress                              - Undefined Weak Reference
    _clock_init                               - Undefined Weak Reference
    _microlib_exit                            - Undefined Weak Reference
    __Vectors_Size                           0x00000188   Number         0  startup_stm32f407xx.o ABSOLUTE
    __Vectors                                0x08000000   Data           4  startup_stm32f407xx.o(RESET)
    __Vectors_End                            0x08000188   Data           0  startup_stm32f407xx.o(RESET)
    __main                                   0x08000189   Thumb Code     0  entry.o(.ARM.Collect$$$$00000000)
    _main_stk                                0x08000189   Thumb Code     0  entry2.o(.ARM.Collect$$$$00000001)
    _main_scatterload                        0x0800018d   Thumb Code     0  entry5.o(.ARM.Collect$$$$00000004)
    __main_after_scatterload                 0x08000191   Thumb Code     0  entry5.o(.ARM.Collect$$$$00000004)
    _main_clock                              0x08000191   Thumb Code     0  entry7b.o(.ARM.Collect$$$$00000008)
    _main_cpp_init                           0x08000191   Thumb Code     0  entry8b.o(.ARM.Collect$$$$0000000A)
    _main_init                               0x08000191   Thumb Code     0  entry9a.o(.ARM.Collect$$$$0000000B)
    __rt_lib_shutdown_fini                   0x08000199   Thumb Code     0  entry12b.o(.ARM.Collect$$$$0000000E)
    __rt_final_cpp                           0x0800019d   Thumb Code     0  entry10a.o(.ARM.Collect$$$$0000000F)
    __rt_final_exit                          0x0800019d   Thumb Code     0  entry11a.o(.ARM.Collect$$$$00000011)
    Reset_Handler                            0x080001a1   Thumb Code     8  startup_stm32f407xx.o(.text)
    ADC_IRQHandler                           0x080001bb   Thumb Code     0  startup_stm32f407xx.o(.text)
    CAN1_RX1_IRQHandler                      0x080001bb   Thumb Code     0  startup_stm32f407xx.o(.text)
    CAN1_SCE_IRQHandler                      0x080001bb   Thumb Code     0  startup_stm32f407xx.o(.text)
    CAN1_TX_IRQHandler                       0x080001bb   Thumb Code     0  startup_stm32f407xx.o(.text)
    CAN2_RX0_IRQHandler                      0x080001bb   Thumb Code     0  startup_stm32f407xx.o(.text)
    CAN2_RX1_IRQHandler                      0x080001bb   Thumb Code     0  startup_stm32f407xx.o(.text)
    CAN2_SCE_IRQHandler                      0x080001bb   Thumb Code     0  startup_stm32f407xx.o(.text)
    CAN2_TX_IRQHandler                       0x080001bb   Thumb Code     0  startup_stm32f407xx.o(.text)
    DCMI_IRQHandler                          0x080001bb   Thumb Code     0  startup_stm32f407xx.o(.text)
    DMA1_Stream0_IRQHandler                  0x080001bb   Thumb Code     0  startup_stm32f407xx.o(.text)
    DMA1_Stream1_IRQHandler                  0x080001bb   Thumb Code     0  startup_stm32f407xx.o(.text)
    DMA1_Stream2_IRQHandler                  0x080001bb   Thumb Code     0  startup_stm32f407xx.o(.text)
    DMA1_Stream3_IRQHandler                  0x080001bb   Thumb Code     0  startup_stm32f407xx.o(.text)
    DMA1_Stream4_IRQHandler                  0x080001bb   Thumb Code     0  startup_stm32f407xx.o(.text)
    DMA1_Stream5_IRQHandler                  0x080001bb   Thumb Code     0  startup_stm32f407xx.o(.text)
    DMA1_Stream6_IRQHandler                  0x080001bb   Thumb Code     0  startup_stm32f407xx.o(.text)
    DMA1_Stream7_IRQHandler                  0x080001bb   Thumb Code     0  startup_stm32f407xx.o(.text)
    DMA2_Stream1_IRQHandler                  0x080001bb   Thumb Code     0  startup_stm32f407xx.o(.text)
    DMA2_Stream2_IRQHandler                  0x080001bb   Thumb Code     0  startup_stm32f407xx.o(.text)
    DMA2_Stream3_IRQHandler                  0x080001bb   Thumb Code     0  startup_stm32f407xx.o(.text)
    DMA2_Stream4_IRQHandler                  0x080001bb   Thumb Code     0  startup_stm32f407xx.o(.text)
    DMA2_Stream5_IRQHandler                  0x080001bb   Thumb Code     0  startup_stm32f407xx.o(.text)
    DMA2_Stream6_IRQHandler                  0x080001bb   Thumb Code     0  startup_stm32f407xx.o(.text)
    DMA2_Stream7_IRQHandler                  0x080001bb   Thumb Code     0  startup_stm32f407xx.o(.text)
    ETH_IRQHandler                           0x080001bb   Thumb Code     0  startup_stm32f407xx.o(.text)
    ETH_WKUP_IRQHandler                      0x080001bb   Thumb Code     0  startup_stm32f407xx.o(.text)
    EXTI0_IRQHandler                         0x080001bb   Thumb Code     0  startup_stm32f407xx.o(.text)
    EXTI15_10_IRQHandler                     0x080001bb   Thumb Code     0  startup_stm32f407xx.o(.text)
    EXTI1_IRQHandler                         0x080001bb   Thumb Code     0  startup_stm32f407xx.o(.text)
    FLASH_IRQHandler                         0x080001bb   Thumb Code     0  startup_stm32f407xx.o(.text)
    FMC_IRQHandler                           0x080001bb   Thumb Code     0  startup_stm32f407xx.o(.text)
    FPU_IRQHandler                           0x080001bb   Thumb Code     0  startup_stm32f407xx.o(.text)
    HASH_RNG_IRQHandler                      0x080001bb   Thumb Code     0  startup_stm32f407xx.o(.text)
    I2C1_ER_IRQHandler                       0x080001bb   Thumb Code     0  startup_stm32f407xx.o(.text)
    I2C1_EV_IRQHandler                       0x080001bb   Thumb Code     0  startup_stm32f407xx.o(.text)
    I2C2_ER_IRQHandler                       0x080001bb   Thumb Code     0  startup_stm32f407xx.o(.text)
    I2C2_EV_IRQHandler                       0x080001bb   Thumb Code     0  startup_stm32f407xx.o(.text)
    I2C3_ER_IRQHandler                       0x080001bb   Thumb Code     0  startup_stm32f407xx.o(.text)
    I2C3_EV_IRQHandler                       0x080001bb   Thumb Code     0  startup_stm32f407xx.o(.text)
    OTG_FS_IRQHandler                        0x080001bb   Thumb Code     0  startup_stm32f407xx.o(.text)
    OTG_FS_WKUP_IRQHandler                   0x080001bb   Thumb Code     0  startup_stm32f407xx.o(.text)
    OTG_HS_EP1_IN_IRQHandler                 0x080001bb   Thumb Code     0  startup_stm32f407xx.o(.text)
    OTG_HS_EP1_OUT_IRQHandler                0x080001bb   Thumb Code     0  startup_stm32f407xx.o(.text)
    OTG_HS_IRQHandler                        0x080001bb   Thumb Code     0  startup_stm32f407xx.o(.text)
    OTG_HS_WKUP_IRQHandler                   0x080001bb   Thumb Code     0  startup_stm32f407xx.o(.text)
    PVD_IRQHandler                           0x080001bb   Thumb Code     0  startup_stm32f407xx.o(.text)
    RCC_IRQHandler                           0x080001bb   Thumb Code     0  startup_stm32f407xx.o(.text)
    RTC_Alarm_IRQHandler                     0x080001bb   Thumb Code     0  startup_stm32f407xx.o(.text)
    RTC_WKUP_IRQHandler                      0x080001bb   Thumb Code     0  startup_stm32f407xx.o(.text)
    SDIO_IRQHandler                          0x080001bb   Thumb Code     0  startup_stm32f407xx.o(.text)
    SPI1_IRQHandler                          0x080001bb   Thumb Code     0  startup_stm32f407xx.o(.text)
    SPI2_IRQHandler                          0x080001bb   Thumb Code     0  startup_stm32f407xx.o(.text)
    SPI3_IRQHandler                          0x080001bb   Thumb Code     0  startup_stm32f407xx.o(.text)
    TAMP_STAMP_IRQHandler                    0x080001bb   Thumb Code     0  startup_stm32f407xx.o(.text)
    TIM1_BRK_TIM9_IRQHandler                 0x080001bb   Thumb Code     0  startup_stm32f407xx.o(.text)
    TIM1_CC_IRQHandler                       0x080001bb   Thumb Code     0  startup_stm32f407xx.o(.text)
    TIM1_TRG_COM_TIM11_IRQHandler            0x080001bb   Thumb Code     0  startup_stm32f407xx.o(.text)
    TIM1_UP_TIM10_IRQHandler                 0x080001bb   Thumb Code     0  startup_stm32f407xx.o(.text)
    TIM5_IRQHandler                          0x080001bb   Thumb Code     0  startup_stm32f407xx.o(.text)
    TIM6_DAC_IRQHandler                      0x080001bb   Thumb Code     0  startup_stm32f407xx.o(.text)
    TIM7_IRQHandler                          0x080001bb   Thumb Code     0  startup_stm32f407xx.o(.text)
    TIM8_BRK_TIM12_IRQHandler                0x080001bb   Thumb Code     0  startup_stm32f407xx.o(.text)
    TIM8_CC_IRQHandler                       0x080001bb   Thumb Code     0  startup_stm32f407xx.o(.text)
    TIM8_TRG_COM_TIM14_IRQHandler            0x080001bb   Thumb Code     0  startup_stm32f407xx.o(.text)
    TIM8_UP_TIM13_IRQHandler                 0x080001bb   Thumb Code     0  startup_stm32f407xx.o(.text)
    UART4_IRQHandler                         0x080001bb   Thumb Code     0  startup_stm32f407xx.o(.text)
    UART5_IRQHandler                         0x080001bb   Thumb Code     0  startup_stm32f407xx.o(.text)
    USART1_IRQHandler                        0x080001bb   Thumb Code     0  startup_stm32f407xx.o(.text)
    USART2_IRQHandler                        0x080001bb   Thumb Code     0  startup_stm32f407xx.o(.text)
    USART3_IRQHandler                        0x080001bb   Thumb Code     0  startup_stm32f407xx.o(.text)
    USART6_IRQHandler                        0x080001bb   Thumb Code     0  startup_stm32f407xx.o(.text)
    WWDG_IRQHandler                          0x080001bb   Thumb Code     0  startup_stm32f407xx.o(.text)
    __aeabi_uldivmod                         0x080001c5   Thumb Code    98  uldiv.o(.text)
    __aeabi_memset                           0x08000227   Thumb Code    14  memseta.o(.text)
    __aeabi_memset4                          0x08000227   Thumb Code     0  memseta.o(.text)
    __aeabi_memset8                          0x08000227   Thumb Code     0  memseta.o(.text)
    __aeabi_memclr                           0x08000235   Thumb Code     4  memseta.o(.text)
    __aeabi_memclr4                          0x08000235   Thumb Code     0  memseta.o(.text)
    __aeabi_memclr8                          0x08000235   Thumb Code     0  memseta.o(.text)
    _memset$wrapper                          0x08000239   Thumb Code    18  memseta.o(.text)
    __aeabi_dadd                             0x0800024b   Thumb Code   322  dadd.o(.text)
    __aeabi_dsub                             0x0800038d   Thumb Code     6  dadd.o(.text)
    __aeabi_drsub                            0x08000393   Thumb Code     6  dadd.o(.text)
    __aeabi_dmul                             0x08000399   Thumb Code   228  dmul.o(.text)
    __aeabi_ddiv                             0x0800047d   Thumb Code   222  ddiv.o(.text)
    __aeabi_i2d                              0x0800055b   Thumb Code    34  dflti.o(.text)
    __aeabi_ui2d                             0x0800057d   Thumb Code    26  dfltui.o(.text)
    __aeabi_d2uiz                            0x08000597   Thumb Code    50  dfixui.o(.text)
    __aeabi_cdrcmple                         0x080005c9   Thumb Code    48  cdrcmple.o(.text)
    __aeabi_d2f                              0x080005f9   Thumb Code    56  d2f.o(.text)
    __aeabi_llsl                             0x08000631   Thumb Code    30  llshl.o(.text)
    _ll_shift_l                              0x08000631   Thumb Code     0  llshl.o(.text)
    __aeabi_llsr                             0x0800064f   Thumb Code    32  llushr.o(.text)
    _ll_ushift_r                             0x0800064f   Thumb Code     0  llushr.o(.text)
    __aeabi_lasr                             0x0800066f   Thumb Code    36  llsshr.o(.text)
    _ll_sshift_r                             0x0800066f   Thumb Code     0  llsshr.o(.text)
    __I$use$fp                               0x08000693   Thumb Code     0  iusefp.o(.text)
    _float_round                             0x08000693   Thumb Code    18  fepilogue.o(.text)
    _float_epilogue                          0x080006a5   Thumb Code    92  fepilogue.o(.text)
    _double_round                            0x08000701   Thumb Code    30  depilogue.o(.text)
    _double_epilogue                         0x0800071f   Thumb Code   156  depilogue.o(.text)
    __scatterload                            0x080007bd   Thumb Code    28  init.o(.text)
    __scatterload_rt2                        0x080007bd   Thumb Code     0  init.o(.text)
    BusFault_Handler                         0x08000999   Thumb Code     2  stm32f4xx_it.o(i.BusFault_Handler)
    CAN1_RX0_IRQHandler                      0x0800099d   Thumb Code     6  stm32f4xx_it.o(i.CAN1_RX0_IRQHandler)
    CAN_Txsetup                              0x080009a9   Thumb Code   156  main.o(i.CAN_Txsetup)
    CAN_filterConfig                         0x08000a51   Thumb Code    64  main.o(i.CAN_filterConfig)
    DMA2_Stream0_IRQHandler                  0x08000a95   Thumb Code     6  stm32f4xx_it.o(i.DMA2_Stream0_IRQHandler)
    DebugMon_Handler                         0x08000b45   Thumb Code     2  stm32f4xx_it.o(i.DebugMon_Handler)
    EXTI2_IRQHandler                         0x08000b47   Thumb Code     6  stm32f4xx_it.o(i.EXTI2_IRQHandler)
    EXTI3_IRQHandler                         0x08000b4d   Thumb Code     6  stm32f4xx_it.o(i.EXTI3_IRQHandler)
    EXTI4_IRQHandler                         0x08000b53   Thumb Code     6  stm32f4xx_it.o(i.EXTI4_IRQHandler)
    EXTI9_5_IRQHandler                       0x08000b59   Thumb Code     6  stm32f4xx_it.o(i.EXTI9_5_IRQHandler)
    Error_Handler                            0x08000b5f   Thumb Code     4  main.o(i.Error_Handler)
    HAL_ADC_ConfigChannel                    0x08000b65   Thumb Code   316  stm32f4xx_hal_adc.o(i.HAL_ADC_ConfigChannel)
    HAL_ADC_ConvCpltCallback                 0x08000cb1   Thumb Code     2  stm32f4xx_hal_adc.o(i.HAL_ADC_ConvCpltCallback)
    HAL_ADC_ConvHalfCpltCallback             0x08000cb3   Thumb Code     2  stm32f4xx_hal_adc.o(i.HAL_ADC_ConvHalfCpltCallback)
    HAL_ADC_ErrorCallback                    0x08000cb5   Thumb Code     2  stm32f4xx_hal_adc.o(i.HAL_ADC_ErrorCallback)
    HAL_ADC_Init                             0x08000cb7   Thumb Code    84  stm32f4xx_hal_adc.o(i.HAL_ADC_Init)
    HAL_ADC_MspInit                          0x08000d0d   Thumb Code   160  adc.o(i.HAL_ADC_MspInit)
    HAL_ADC_Start_DMA                        0x08000dc5   Thumb Code   302  stm32f4xx_hal_adc.o(i.HAL_ADC_Start_DMA)
    HAL_CAN_ActivateNotification             0x08000f19   Thumb Code    36  stm32f4xx_hal_can.o(i.HAL_CAN_ActivateNotification)
    HAL_CAN_AddTxMessage                     0x08000f3d   Thumb Code   220  stm32f4xx_hal_can.o(i.HAL_CAN_AddTxMessage)
    HAL_CAN_ConfigFilter                     0x08001019   Thumb Code   262  stm32f4xx_hal_can.o(i.HAL_CAN_ConfigFilter)
    HAL_CAN_ErrorCallback                    0x08001125   Thumb Code     2  stm32f4xx_hal_can.o(i.HAL_CAN_ErrorCallback)
    HAL_CAN_GetRxMessage                     0x08001127   Thumb Code   232  stm32f4xx_hal_can.o(i.HAL_CAN_GetRxMessage)
    HAL_CAN_IRQHandler                       0x0800120f   Thumb Code   508  stm32f4xx_hal_can.o(i.HAL_CAN_IRQHandler)
    HAL_CAN_Init                             0x0800140b   Thumb Code   282  stm32f4xx_hal_can.o(i.HAL_CAN_Init)
    HAL_CAN_MspInit                          0x08001525   Thumb Code    90  can.o(i.HAL_CAN_MspInit)
    HAL_CAN_RxFifo0FullCallback              0x0800158d   Thumb Code     2  stm32f4xx_hal_can.o(i.HAL_CAN_RxFifo0FullCallback)
    HAL_CAN_RxFifo0MsgPendingCallback        0x08001591   Thumb Code   182  main.o(i.HAL_CAN_RxFifo0MsgPendingCallback)
    HAL_CAN_RxFifo1FullCallback              0x08001655   Thumb Code     2  stm32f4xx_hal_can.o(i.HAL_CAN_RxFifo1FullCallback)
    HAL_CAN_RxFifo1MsgPendingCallback        0x08001657   Thumb Code     2  stm32f4xx_hal_can.o(i.HAL_CAN_RxFifo1MsgPendingCallback)
    HAL_CAN_SleepCallback                    0x08001659   Thumb Code     2  stm32f4xx_hal_can.o(i.HAL_CAN_SleepCallback)
    HAL_CAN_Start                            0x0800165d   Thumb Code    88  stm32f4xx_hal_can.o(i.HAL_CAN_Start)
    HAL_CAN_TxMailbox0AbortCallback          0x080016b5   Thumb Code     2  stm32f4xx_hal_can.o(i.HAL_CAN_TxMailbox0AbortCallback)
    HAL_CAN_TxMailbox0CompleteCallback       0x080016b7   Thumb Code     2  stm32f4xx_hal_can.o(i.HAL_CAN_TxMailbox0CompleteCallback)
    HAL_CAN_TxMailbox1AbortCallback          0x080016b9   Thumb Code     2  stm32f4xx_hal_can.o(i.HAL_CAN_TxMailbox1AbortCallback)
    HAL_CAN_TxMailbox1CompleteCallback       0x080016bb   Thumb Code     2  stm32f4xx_hal_can.o(i.HAL_CAN_TxMailbox1CompleteCallback)
    HAL_CAN_TxMailbox2AbortCallback          0x080016bd   Thumb Code     2  stm32f4xx_hal_can.o(i.HAL_CAN_TxMailbox2AbortCallback)
    HAL_CAN_TxMailbox2CompleteCallback       0x080016bf   Thumb Code     2  stm32f4xx_hal_can.o(i.HAL_CAN_TxMailbox2CompleteCallback)
    HAL_CAN_WakeUpFromRxMsgCallback          0x080016c1   Thumb Code     2  stm32f4xx_hal_can.o(i.HAL_CAN_WakeUpFromRxMsgCallback)
    HAL_DMA_IRQHandler                       0x080016c5   Thumb Code   412  stm32f4xx_hal_dma.o(i.HAL_DMA_IRQHandler)
    HAL_DMA_Init                             0x08001865   Thumb Code   206  stm32f4xx_hal_dma.o(i.HAL_DMA_Init)
    HAL_DMA_Start_IT                         0x08001939   Thumb Code   110  stm32f4xx_hal_dma.o(i.HAL_DMA_Start_IT)
    HAL_Delay                                0x080019a9   Thumb Code    32  stm32f4xx_hal.o(i.HAL_Delay)
    HAL_GPIO_EXTI_Callback                   0x080019cd   Thumb Code   176  gpio.o(i.HAL_GPIO_EXTI_Callback)
    HAL_GPIO_EXTI_IRQHandler                 0x08001a9d   Thumb Code    18  stm32f4xx_hal_gpio.o(i.HAL_GPIO_EXTI_IRQHandler)
    HAL_GPIO_Init                            0x08001ab5   Thumb Code   448  stm32f4xx_hal_gpio.o(i.HAL_GPIO_Init)
    HAL_GPIO_ReadPin                         0x08001ca1   Thumb Code    10  stm32f4xx_hal_gpio.o(i.HAL_GPIO_ReadPin)
    HAL_GPIO_TogglePin                       0x08001cab   Thumb Code    16  stm32f4xx_hal_gpio.o(i.HAL_GPIO_TogglePin)
    HAL_GPIO_WritePin                        0x08001cbb   Thumb Code    10  stm32f4xx_hal_gpio.o(i.HAL_GPIO_WritePin)
    HAL_GetTick                              0x08001cc5   Thumb Code     6  stm32f4xx_hal.o(i.HAL_GetTick)
    HAL_IWDG_Init                            0x08001cd1   Thumb Code    90  stm32f4xx_hal_iwdg.o(i.HAL_IWDG_Init)
    HAL_IWDG_Refresh                         0x08001d2b   Thumb Code    12  stm32f4xx_hal_iwdg.o(i.HAL_IWDG_Refresh)
    HAL_IncTick                              0x08001d39   Thumb Code    12  stm32f4xx_hal.o(i.HAL_IncTick)
    HAL_Init                                 0x08001d49   Thumb Code    48  stm32f4xx_hal.o(i.HAL_Init)
    HAL_InitTick                             0x08001d7d   Thumb Code    54  stm32f4xx_hal.o(i.HAL_InitTick)
    HAL_MspInit                              0x08001dbd   Thumb Code    48  stm32f4xx_hal_msp.o(i.HAL_MspInit)
    HAL_NVIC_EnableIRQ                       0x08001df1   Thumb Code    26  stm32f4xx_hal_cortex.o(i.HAL_NVIC_EnableIRQ)
    HAL_NVIC_SetPriority                     0x08001e0d   Thumb Code    60  stm32f4xx_hal_cortex.o(i.HAL_NVIC_SetPriority)
    HAL_NVIC_SetPriorityGrouping             0x08001e4d   Thumb Code    26  stm32f4xx_hal_cortex.o(i.HAL_NVIC_SetPriorityGrouping)
    HAL_RCC_ClockConfig                      0x08001e71   Thumb Code   288  stm32f4xx_hal_rcc.o(i.HAL_RCC_ClockConfig)
    HAL_RCC_GetPCLK1Freq                     0x08001fa5   Thumb Code    20  stm32f4xx_hal_rcc.o(i.HAL_RCC_GetPCLK1Freq)
    HAL_RCC_GetSysClockFreq                  0x08001fc5   Thumb Code    88  stm32f4xx_hal_rcc.o(i.HAL_RCC_GetSysClockFreq)
    HAL_RCC_OscConfig                        0x08002025   Thumb Code   856  stm32f4xx_hal_rcc.o(i.HAL_RCC_OscConfig)
    HAL_SPI_Init                             0x08002391   Thumb Code   188  stm32f4xx_hal_spi.o(i.HAL_SPI_Init)
    HAL_SPI_MspInit                          0x0800244d   Thumb Code   128  spi.o(i.HAL_SPI_MspInit)
    HAL_SPI_Receive                          0x080024dd   Thumb Code   346  stm32f4xx_hal_spi.o(i.HAL_SPI_Receive)
    HAL_SPI_Transmit                         0x08002637   Thumb Code   358  stm32f4xx_hal_spi.o(i.HAL_SPI_Transmit)
    HAL_SPI_TransmitReceive                  0x0800279d   Thumb Code   482  stm32f4xx_hal_spi.o(i.HAL_SPI_TransmitReceive)
    HAL_SYSTICK_Config                       0x0800297f   Thumb Code    40  stm32f4xx_hal_cortex.o(i.HAL_SYSTICK_Config)
    HAL_TIMEx_BreakCallback                  0x080029a7   Thumb Code     2  stm32f4xx_hal_tim_ex.o(i.HAL_TIMEx_BreakCallback)
    HAL_TIMEx_CommutCallback                 0x080029a9   Thumb Code     2  stm32f4xx_hal_tim_ex.o(i.HAL_TIMEx_CommutCallback)
    HAL_TIMEx_ConfigBreakDeadTime            0x080029ab   Thumb Code    84  stm32f4xx_hal_tim_ex.o(i.HAL_TIMEx_ConfigBreakDeadTime)
    HAL_TIMEx_MasterConfigSynchronization    0x08002a01   Thumb Code   116  stm32f4xx_hal_tim_ex.o(i.HAL_TIMEx_MasterConfigSynchronization)
    HAL_TIM_Base_Init                        0x08002a91   Thumb Code    90  stm32f4xx_hal_tim.o(i.HAL_TIM_Base_Init)
    HAL_TIM_Base_MspInit                     0x08002aed   Thumb Code   214  tim.o(i.HAL_TIM_Base_MspInit)
    HAL_TIM_Base_Start_IT                    0x08002bdd   Thumb Code   100  stm32f4xx_hal_tim.o(i.HAL_TIM_Base_Start_IT)
    HAL_TIM_ConfigClockSource                0x08002c5d   Thumb Code   214  stm32f4xx_hal_tim.o(i.HAL_TIM_ConfigClockSource)
    HAL_TIM_IC_CaptureCallback               0x08002d35   Thumb Code   266  main.o(i.HAL_TIM_IC_CaptureCallback)
    HAL_TIM_IC_ConfigChannel                 0x08002e4d   Thumb Code   270  stm32f4xx_hal_tim.o(i.HAL_TIM_IC_ConfigChannel)
    HAL_TIM_IC_Init                          0x08002f5b   Thumb Code    90  stm32f4xx_hal_tim.o(i.HAL_TIM_IC_Init)
    HAL_TIM_IC_MspInit                       0x08002fb5   Thumb Code     2  stm32f4xx_hal_tim.o(i.HAL_TIM_IC_MspInit)
    HAL_TIM_IC_Start_IT                      0x08002fb9   Thumb Code   236  stm32f4xx_hal_tim.o(i.HAL_TIM_IC_Start_IT)
    HAL_TIM_IRQHandler                       0x080030c1   Thumb Code   358  stm32f4xx_hal_tim.o(i.HAL_TIM_IRQHandler)
    HAL_TIM_MspPostInit                      0x08003229   Thumb Code    72  tim.o(i.HAL_TIM_MspPostInit)
    HAL_TIM_OC_DelayElapsedCallback          0x0800327d   Thumb Code     2  stm32f4xx_hal_tim.o(i.HAL_TIM_OC_DelayElapsedCallback)
    HAL_TIM_PWM_ConfigChannel                0x0800327f   Thumb Code   198  stm32f4xx_hal_tim.o(i.HAL_TIM_PWM_ConfigChannel)
    HAL_TIM_PWM_Init                         0x08003345   Thumb Code    90  stm32f4xx_hal_tim.o(i.HAL_TIM_PWM_Init)
    HAL_TIM_PWM_MspInit                      0x0800339f   Thumb Code     2  stm32f4xx_hal_tim.o(i.HAL_TIM_PWM_MspInit)
    HAL_TIM_PWM_PulseFinishedCallback        0x080033a1   Thumb Code     2  stm32f4xx_hal_tim.o(i.HAL_TIM_PWM_PulseFinishedCallback)
    HAL_TIM_PWM_Start                        0x080033a5   Thumb Code   172  stm32f4xx_hal_tim.o(i.HAL_TIM_PWM_Start)
    HAL_TIM_PeriodElapsedCallback            0x0800346d   Thumb Code   580  main.o(i.HAL_TIM_PeriodElapsedCallback)
    HAL_TIM_ReadCapturedValue                0x08003719   Thumb Code    42  stm32f4xx_hal_tim.o(i.HAL_TIM_ReadCapturedValue)
    HAL_TIM_SlaveConfigSynchro               0x08003743   Thumb Code    86  stm32f4xx_hal_tim.o(i.HAL_TIM_SlaveConfigSynchro)
    HAL_TIM_TriggerCallback                  0x08003799   Thumb Code     2  stm32f4xx_hal_tim.o(i.HAL_TIM_TriggerCallback)
    HardFault_Handler                        0x0800379b   Thumb Code     2  stm32f4xx_it.o(i.HardFault_Handler)
    MX_ADC1_Init                             0x0800379d   Thumb Code   172  adc.o(i.MX_ADC1_Init)
    MX_CAN1_Init                             0x08003855   Thumb Code    60  can.o(i.MX_CAN1_Init)
    MX_DMA_Init                              0x08003899   Thumb Code    22  dma.o(i.MX_DMA_Init)
    MX_GPIO_Init                             0x080038b5   Thumb Code   284  gpio.o(i.MX_GPIO_Init)
    MX_IWDG_Init                             0x080039e9   Thumb Code    36  iwdg.o(i.MX_IWDG_Init)
    MX_SPI2_Init                             0x08003a8d   Thumb Code    64  spi.o(i.MX_SPI2_Init)
    MX_TIM1_Init                             0x08003ad5   Thumb Code   192  tim.o(i.MX_TIM1_Init)
    MX_TIM2_Init                             0x08003b9d   Thumb Code    98  tim.o(i.MX_TIM2_Init)
    MX_TIM3_Init                             0x08003c05   Thumb Code   206  tim.o(i.MX_TIM3_Init)
    MX_TIM4_Init                             0x08003cdd   Thumb Code   206  tim.o(i.MX_TIM4_Init)
    MemManage_Handler                        0x08003db5   Thumb Code     2  stm32f4xx_it.o(i.MemManage_Handler)
    NMI_Handler                              0x08003db7   Thumb Code     2  stm32f4xx_it.o(i.NMI_Handler)
    PendSV_Handler                           0x08003db9   Thumb Code     2  stm32f4xx_it.o(i.PendSV_Handler)
    SVC_Handler                              0x08003f29   Thumb Code     2  stm32f4xx_it.o(i.SVC_Handler)
    SysTick_Handler                          0x08003f2b   Thumb Code     4  stm32f4xx_it.o(i.SysTick_Handler)
    SystemClock_Config                       0x08003f31   Thumb Code   144  main.o(i.SystemClock_Config)
    SystemInit                               0x08003fc9   Thumb Code    12  system_stm32f4xx.o(i.SystemInit)
    TIM2_IRQHandler                          0x08003fd9   Thumb Code     6  stm32f4xx_it.o(i.TIM2_IRQHandler)
    TIM3_IRQHandler                          0x08003fe5   Thumb Code     6  stm32f4xx_it.o(i.TIM3_IRQHandler)
    TIM4_IRQHandler                          0x08003ff1   Thumb Code     6  stm32f4xx_it.o(i.TIM4_IRQHandler)
    TIM_Base_SetConfig                       0x08003ffd   Thumb Code   156  stm32f4xx_hal_tim.o(i.TIM_Base_SetConfig)
    TIM_CCxChannelCmd                        0x080040c5   Thumb Code    26  stm32f4xx_hal_tim.o(i.TIM_CCxChannelCmd)
    TIM_ETR_SetConfig                        0x080040df   Thumb Code    20  stm32f4xx_hal_tim.o(i.TIM_ETR_SetConfig)
    TIM_OC2_SetConfig                        0x08004165   Thumb Code    98  stm32f4xx_hal_tim.o(i.TIM_OC2_SetConfig)
    TIM_TI1_SetConfig                        0x08004331   Thumb Code   100  stm32f4xx_hal_tim.o(i.TIM_TI1_SetConfig)
    UsageFault_Handler                       0x0800440b   Thumb Code     2  stm32f4xx_it.o(i.UsageFault_Handler)
    __scatterload_copy                       0x0800442d   Thumb Code    14  handlers.o(i.__scatterload_copy)
    __scatterload_null                       0x0800443b   Thumb Code     2  handlers.o(i.__scatterload_null)
    __scatterload_zeroinit                   0x0800443d   Thumb Code    14  handlers.o(i.__scatterload_zeroinit)
    a11                                      0x0800444d   Thumb Code    50  main.o(i.a11)
    a12                                      0x08004495   Thumb Code    78  main.o(i.a12)
    a22                                      0x08004501   Thumb Code    50  main.o(i.a22)
    adxl_init                                0x08004549   Thumb Code    30  main.o(i.adxl_init)
    adxl_read                                0x08004569   Thumb Code    66  main.o(i.adxl_read)
    adxl_write                               0x080045b9   Thumb Code    54  main.o(i.adxl_write)
    b11                                      0x080045f9   Thumb Code    50  main.o(i.b11)
    beta_diff                                0x08004641   Thumb Code   102  main.o(i.beta_diff)
    check_safety                             0x080046ad   Thumb Code   126  main.o(i.check_safety)
    driving_mode                             0x0800473d   Thumb Code   120  main.o(i.driving_mode)
    gamma_diff                               0x080047c1   Thumb Code   102  main.o(i.gamma_diff)
    main                                     0x0800483d   Thumb Code   382  main.o(i.main)
    map                                      0x080049e9   Thumb Code    30  main.o(i.map)
    map_double                               0x08004a07   Thumb Code   144  main.o(i.map_double)
    torque_command                           0x08004a99   Thumb Code    60  main.o(i.torque_command)
    torque_to_can                            0x08004add   Thumb Code   100  main.o(i.torque_to_can)
    AHBPrescTable                            0x08004b5c   Data          16  system_stm32f4xx.o(.constdata)
    APBPrescTable                            0x08004b6c   Data           8  system_stm32f4xx.o(.constdata)
    Region$$Table$$Base                      0x08004b74   Number         0  anon$$obj.o(Region$$Table)
    Region$$Table$$Limit                     0x08004b94   Number         0  anon$$obj.o(Region$$Table)
    torque_ub                                0x20000000   Data           1  main.o(.data)
    cycle                                    0x20000001   Data           1  main.o(.data)
    pedals                                   0x20000002   Data           1  main.o(.data)
    rtd_io                                   0x20000003   Data           1  main.o(.data)
    error                                    0x20000004   Data           1  main.o(.data)
    inverter_error_L                         0x20000005   Data           1  main.o(.data)
    inverter_error_R                         0x20000006   Data           1  main.o(.data)
    rtd_start                                0x20000007   Data           1  main.o(.data)
    precharge_io                             0x20000008   Data           1  main.o(.data)
    reset_io                                 0x20000009   Data           1  main.o(.data)
    clear_fault_io                           0x2000000a   Data           1  main.o(.data)
    direction                                0x2000000b   Data           1  main.o(.data)
    errorNumber                              0x2000000c   Data           1  main.o(.data)
    rpm_right                                0x2000000e   Data           2  main.o(.data)
    rpm_left                                 0x20000010   Data           2  main.o(.data)
    torque_right                             0x20000012   Data           2  main.o(.data)
    torque_left                              0x20000014   Data           2  main.o(.data)
    Received_ID                              0x20000016   Data           2  main.o(.data)
    x                                        0x20000018   Data           2  main.o(.data)
    y                                        0x2000001a   Data           2  main.o(.data)
    z                                        0x2000001c   Data           2  main.o(.data)
    duration                                 0x20000020   Data           4  main.o(.data)
    TxMailbox                                0x20000024   Data           4  main.o(.data)
    startTime                                0x20000028   Data           4  main.o(.data)
    xg                                       0x2000002c   Data           4  main.o(.data)
    yg                                       0x20000030   Data           4  main.o(.data)
    zg                                       0x20000034   Data           4  main.o(.data)
    IC_Val1                                  0x20000038   Data           4  main.o(.data)
    IC_Val2                                  0x2000003c   Data           4  main.o(.data)
    Frequency_3                              0x20000040   Data           4  main.o(.data)
    Duty_Cycle_3                             0x20000044   Data           4  main.o(.data)
    Frequency_3_                             0x20000048   Data           4  main.o(.data)
    Duty_Cycle_3_                            0x2000004c   Data           4  main.o(.data)
    Frequency_4                              0x20000050   Data           4  main.o(.data)
    Duty_Cycle_4                             0x20000054   Data           4  main.o(.data)
    Frequency_4_                             0x20000058   Data           4  main.o(.data)
    Duty_Cycle_4_                            0x2000005c   Data           4  main.o(.data)
    data_rec                                 0x20000060   Data           6  main.o(.data)
    TxData_R                                 0x20000066   Data           8  main.o(.data)
    TxData_L                                 0x2000006e   Data           8  main.o(.data)
    RxData_R                                 0x20000076   Data           8  main.o(.data)
    RxData_L                                 0x2000007e   Data           8  main.o(.data)
    TxData_clear                             0x20000086   Data           8  main.o(.data)
    RxData                                   0x2000008e   Data           8  main.o(.data)
    beta_diff_cur                            0x20000098   Data           8  main.o(.data)
    gamma_diff_cur                           0x200000a0   Data           8  main.o(.data)
    beta                                     0x200000a8   Data           8  main.o(.data)
    gamma                                    0x200000b0   Data           8  main.o(.data)
    steer_map                                0x200000b8   Data           8  main.o(.data)
    speed_map                                0x200000c0   Data           8  main.o(.data)
    counter_cur                              0x200000c8   Data           8  main.o(.data)
    counter_pre                              0x200000d0   Data           8  main.o(.data)
    period                                   0x200000d8   Data           8  main.o(.data)
    a11_var                                  0x200000e0   Data           8  main.o(.data)
    a12_var                                  0x200000e8   Data           8  main.o(.data)
    a21_var                                  0x200000f0   Data           8  main.o(.data)
    a22_var                                  0x200000f8   Data           8  main.o(.data)
    b11_var                                  0x20000100   Data           8  main.o(.data)
    b12_var                                  0x20000108   Data           8  main.o(.data)
    uwTickFreq                               0x20000110   Data           1  stm32f4xx_hal.o(.data)
    uwTickPrio                               0x20000114   Data           4  stm32f4xx_hal.o(.data)
    uwTick                                   0x20000118   Data           4  stm32f4xx_hal.o(.data)
    SystemCoreClock                          0x2000011c   Data           4  system_stm32f4xx.o(.data)
    adcArr                                   0x20000120   Data          10  main.o(.bss)
    hadc1                                    0x200001a8   Data          72  adc.o(.bss)
    hdma_adc1                                0x200001f0   Data          96  adc.o(.bss)
    hcan1                                    0x20000250   Data          40  can.o(.bss)
    hiwdg                                    0x20000278   Data          12  iwdg.o(.bss)
    hspi2                                    0x20000284   Data          88  spi.o(.bss)
    htim1                                    0x200002dc   Data          72  tim.o(.bss)
    htim2                                    0x20000324   Data          72  tim.o(.bss)
    htim3                                    0x2000036c   Data          72  tim.o(.bss)
    htim4                                    0x200003b4   Data          72  tim.o(.bss)
    __initial_sp                             0x20000800   Data           0  startup_stm32f407xx.o(STACK)



==============================================================================

Memory Map of the image

  Image Entry point : 0x08000189

  Load Region LR_IROM1 (Base: 0x08000000, Size: 0x00004cb4, Max: 0x00100000, ABSOLUTE)

    Execution Region ER_IROM1 (Exec base: 0x08000000, Load base: 0x08000000, Size: 0x00004b94, Max: 0x00100000, ABSOLUTE)

    Exec Addr    Load Addr    Size         Type   Attr      Idx    E Section Name        Object

    0x08000000   0x08000000   0x00000188   Data   RO            3    RESET               startup_stm32f407xx.o
    0x08000188   0x08000188   0x00000000   Code   RO         3892  * .ARM.Collect$$$$00000000  mc_w.l(entry.o)
    0x08000188   0x08000188   0x00000004   Code   RO         3915    .ARM.Collect$$$$00000001  mc_w.l(entry2.o)
    0x0800018c   0x0800018c   0x00000004   Code   RO         3918    .ARM.Collect$$$$00000004  mc_w.l(entry5.o)
    0x08000190   0x08000190   0x00000000   Code   RO         3920    .ARM.Collect$$$$00000008  mc_w.l(entry7b.o)
    0x08000190   0x08000190   0x00000000   Code   RO         3922    .ARM.Collect$$$$0000000A  mc_w.l(entry8b.o)
    0x08000190   0x08000190   0x00000008   Code   RO         3923    .ARM.Collect$$$$0000000B  mc_w.l(entry9a.o)
    0x08000198   0x08000198   0x00000004   Code   RO         3930    .ARM.Collect$$$$0000000E  mc_w.l(entry12b.o)
    0x0800019c   0x0800019c   0x00000000   Code   RO         3925    .ARM.Collect$$$$0000000F  mc_w.l(entry10a.o)
    0x0800019c   0x0800019c   0x00000000   Code   RO         3927    .ARM.Collect$$$$00000011  mc_w.l(entry11a.o)
    0x0800019c   0x0800019c   0x00000004   Code   RO         3916    .ARM.Collect$$$$00002712  mc_w.l(entry2.o)
    0x080001a0   0x080001a0   0x00000024   Code   RO            4    .text               startup_stm32f407xx.o
    0x080001c4   0x080001c4   0x00000062   Code   RO         3895    .text               mc_w.l(uldiv.o)
    0x08000226   0x08000226   0x00000024   Code   RO         3897    .text               mc_w.l(memseta.o)
    0x0800024a   0x0800024a   0x0000014e   Code   RO         3899    .text               mf_w.l(dadd.o)
    0x08000398   0x08000398   0x000000e4   Code   RO         3901    .text               mf_w.l(dmul.o)
    0x0800047c   0x0800047c   0x000000de   Code   RO         3903    .text               mf_w.l(ddiv.o)
    0x0800055a   0x0800055a   0x00000022   Code   RO         3905    .text               mf_w.l(dflti.o)
    0x0800057c   0x0800057c   0x0000001a   Code   RO         3907    .text               mf_w.l(dfltui.o)
    0x08000596   0x08000596   0x00000032   Code   RO         3909    .text               mf_w.l(dfixui.o)
    0x080005c8   0x080005c8   0x00000030   Code   RO         3911    .text               mf_w.l(cdrcmple.o)
    0x080005f8   0x080005f8   0x00000038   Code   RO         3913    .text               mf_w.l(d2f.o)
    0x08000630   0x08000630   0x0000001e   Code   RO         3931    .text               mc_w.l(llshl.o)
    0x0800064e   0x0800064e   0x00000020   Code   RO         3933    .text               mc_w.l(llushr.o)
    0x0800066e   0x0800066e   0x00000024   Code   RO         3935    .text               mc_w.l(llsshr.o)
    0x08000692   0x08000692   0x00000000   Code   RO         3937    .text               mc_w.l(iusefp.o)
    0x08000692   0x08000692   0x0000006e   Code   RO         3938    .text               mf_w.l(fepilogue.o)
    0x08000700   0x08000700   0x000000ba   Code   RO         3940    .text               mf_w.l(depilogue.o)
    0x080007ba   0x080007ba   0x00000002   PAD
    0x080007bc   0x080007bc   0x00000024   Code   RO         3942    .text               mc_w.l(init.o)
    0x080007e0   0x080007e0   0x0000006e   Code   RO          888    i.ADC_DMAConvCplt   stm32f4xx_hal_adc.o
    0x0800084e   0x0800084e   0x00000016   Code   RO          889    i.ADC_DMAError      stm32f4xx_hal_adc.o
    0x08000864   0x08000864   0x0000000a   Code   RO          890    i.ADC_DMAHalfConvCplt  stm32f4xx_hal_adc.o
    0x0800086e   0x0800086e   0x00000002   PAD
    0x08000870   0x08000870   0x00000128   Code   RO          891    i.ADC_Init          stm32f4xx_hal_adc.o
    0x08000998   0x08000998   0x00000002   Code   RO          734    i.BusFault_Handler  stm32f4xx_it.o
    0x0800099a   0x0800099a   0x00000002   PAD
    0x0800099c   0x0800099c   0x0000000c   Code   RO          735    i.CAN1_RX0_IRQHandler  stm32f4xx_it.o
    0x080009a8   0x080009a8   0x000000a8   Code   RO           13    i.CAN_Txsetup       main.o
    0x08000a50   0x08000a50   0x00000044   Code   RO           14    i.CAN_filterConfig  main.o
    0x08000a94   0x08000a94   0x0000000c   Code   RO          736    i.DMA2_Stream0_IRQHandler  stm32f4xx_it.o
    0x08000aa0   0x08000aa0   0x00000028   Code   RO         1625    i.DMA_CalcBaseAndBitshift  stm32f4xx_hal_dma.o
    0x08000ac8   0x08000ac8   0x00000054   Code   RO         1626    i.DMA_CheckFifoParam  stm32f4xx_hal_dma.o
    0x08000b1c   0x08000b1c   0x00000028   Code   RO         1627    i.DMA_SetConfig     stm32f4xx_hal_dma.o
    0x08000b44   0x08000b44   0x00000002   Code   RO          737    i.DebugMon_Handler  stm32f4xx_it.o
    0x08000b46   0x08000b46   0x00000006   Code   RO          738    i.EXTI2_IRQHandler  stm32f4xx_it.o
    0x08000b4c   0x08000b4c   0x00000006   Code   RO          739    i.EXTI3_IRQHandler  stm32f4xx_it.o
    0x08000b52   0x08000b52   0x00000006   Code   RO          740    i.EXTI4_IRQHandler  stm32f4xx_it.o
    0x08000b58   0x08000b58   0x00000006   Code   RO          741    i.EXTI9_5_IRQHandler  stm32f4xx_it.o
    0x08000b5e   0x08000b5e   0x00000004   Code   RO           15    i.Error_Handler     main.o
    0x08000b62   0x08000b62   0x00000002   PAD
    0x08000b64   0x08000b64   0x0000014c   Code   RO          893    i.HAL_ADC_ConfigChannel  stm32f4xx_hal_adc.o
    0x08000cb0   0x08000cb0   0x00000002   Code   RO          894    i.HAL_ADC_ConvCpltCallback  stm32f4xx_hal_adc.o
    0x08000cb2   0x08000cb2   0x00000002   Code   RO          895    i.HAL_ADC_ConvHalfCpltCallback  stm32f4xx_hal_adc.o
    0x08000cb4   0x08000cb4   0x00000002   Code   RO          897    i.HAL_ADC_ErrorCallback  stm32f4xx_hal_adc.o
    0x08000cb6   0x08000cb6   0x00000054   Code   RO          902    i.HAL_ADC_Init      stm32f4xx_hal_adc.o
    0x08000d0a   0x08000d0a   0x00000002   PAD
    0x08000d0c   0x08000d0c   0x000000b8   Code   RO          486    i.HAL_ADC_MspInit   adc.o
    0x08000dc4   0x08000dc4   0x00000154   Code   RO          909    i.HAL_ADC_Start_DMA  stm32f4xx_hal_adc.o
    0x08000f18   0x08000f18   0x00000024   Code   RO         2299    i.HAL_CAN_ActivateNotification  stm32f4xx_hal_can.o
    0x08000f3c   0x08000f3c   0x000000dc   Code   RO         2300    i.HAL_CAN_AddTxMessage  stm32f4xx_hal_can.o
    0x08001018   0x08001018   0x0000010c   Code   RO         2301    i.HAL_CAN_ConfigFilter  stm32f4xx_hal_can.o
    0x08001124   0x08001124   0x00000002   Code   RO         2304    i.HAL_CAN_ErrorCallback  stm32f4xx_hal_can.o
    0x08001126   0x08001126   0x000000e8   Code   RO         2307    i.HAL_CAN_GetRxMessage  stm32f4xx_hal_can.o
    0x0800120e   0x0800120e   0x000001fc   Code   RO         2311    i.HAL_CAN_IRQHandler  stm32f4xx_hal_can.o
    0x0800140a   0x0800140a   0x0000011a   Code   RO         2312    i.HAL_CAN_Init      stm32f4xx_hal_can.o
    0x08001524   0x08001524   0x00000068   Code   RO          528    i.HAL_CAN_MspInit   can.o
    0x0800158c   0x0800158c   0x00000002   Code   RO         2319    i.HAL_CAN_RxFifo0FullCallback  stm32f4xx_hal_can.o
    0x0800158e   0x0800158e   0x00000002   PAD
    0x08001590   0x08001590   0x000000c4   Code   RO           16    i.HAL_CAN_RxFifo0MsgPendingCallback  main.o
    0x08001654   0x08001654   0x00000002   Code   RO         2321    i.HAL_CAN_RxFifo1FullCallback  stm32f4xx_hal_can.o
    0x08001656   0x08001656   0x00000002   Code   RO         2322    i.HAL_CAN_RxFifo1MsgPendingCallback  stm32f4xx_hal_can.o
    0x08001658   0x08001658   0x00000002   Code   RO         2323    i.HAL_CAN_SleepCallback  stm32f4xx_hal_can.o
    0x0800165a   0x0800165a   0x00000002   PAD
    0x0800165c   0x0800165c   0x00000058   Code   RO         2324    i.HAL_CAN_Start     stm32f4xx_hal_can.o
    0x080016b4   0x080016b4   0x00000002   Code   RO         2326    i.HAL_CAN_TxMailbox0AbortCallback  stm32f4xx_hal_can.o
    0x080016b6   0x080016b6   0x00000002   Code   RO         2327    i.HAL_CAN_TxMailbox0CompleteCallback  stm32f4xx_hal_can.o
    0x080016b8   0x080016b8   0x00000002   Code   RO         2328    i.HAL_CAN_TxMailbox1AbortCallback  stm32f4xx_hal_can.o
    0x080016ba   0x080016ba   0x00000002   Code   RO         2329    i.HAL_CAN_TxMailbox1CompleteCallback  stm32f4xx_hal_can.o
    0x080016bc   0x080016bc   0x00000002   Code   RO         2330    i.HAL_CAN_TxMailbox2AbortCallback  stm32f4xx_hal_can.o
    0x080016be   0x080016be   0x00000002   Code   RO         2331    i.HAL_CAN_TxMailbox2CompleteCallback  stm32f4xx_hal_can.o
    0x080016c0   0x080016c0   0x00000002   Code   RO         2333    i.HAL_CAN_WakeUpFromRxMsgCallback  stm32f4xx_hal_can.o
    0x080016c2   0x080016c2   0x00000002   PAD
    0x080016c4   0x080016c4   0x000001a0   Code   RO         1633    i.HAL_DMA_IRQHandler  stm32f4xx_hal_dma.o
    0x08001864   0x08001864   0x000000d4   Code   RO         1634    i.HAL_DMA_Init      stm32f4xx_hal_dma.o
    0x08001938   0x08001938   0x0000006e   Code   RO         1638    i.HAL_DMA_Start_IT  stm32f4xx_hal_dma.o
    0x080019a6   0x080019a6   0x00000002   PAD
    0x080019a8   0x080019a8   0x00000024   Code   RO         2047    i.HAL_Delay         stm32f4xx_hal.o
    0x080019cc   0x080019cc   0x000000d0   Code   RO          346    i.HAL_GPIO_EXTI_Callback  gpio.o
    0x08001a9c   0x08001a9c   0x00000018   Code   RO         1520    i.HAL_GPIO_EXTI_IRQHandler  stm32f4xx_hal_gpio.o
    0x08001ab4   0x08001ab4   0x000001ec   Code   RO         1521    i.HAL_GPIO_Init     stm32f4xx_hal_gpio.o
    0x08001ca0   0x08001ca0   0x0000000a   Code   RO         1523    i.HAL_GPIO_ReadPin  stm32f4xx_hal_gpio.o
    0x08001caa   0x08001caa   0x00000010   Code   RO         1524    i.HAL_GPIO_TogglePin  stm32f4xx_hal_gpio.o
    0x08001cba   0x08001cba   0x0000000a   Code   RO         1525    i.HAL_GPIO_WritePin  stm32f4xx_hal_gpio.o
    0x08001cc4   0x08001cc4   0x0000000c   Code   RO         2053    i.HAL_GetTick       stm32f4xx_hal.o
    0x08001cd0   0x08001cd0   0x0000005a   Code   RO         2532    i.HAL_IWDG_Init     stm32f4xx_hal_iwdg.o
    0x08001d2a   0x08001d2a   0x0000000c   Code   RO         2533    i.HAL_IWDG_Refresh  stm32f4xx_hal_iwdg.o
    0x08001d36   0x08001d36   0x00000002   PAD
    0x08001d38   0x08001d38   0x00000010   Code   RO         2059    i.HAL_IncTick       stm32f4xx_hal.o
    0x08001d48   0x08001d48   0x00000034   Code   RO         2060    i.HAL_Init          stm32f4xx_hal.o
    0x08001d7c   0x08001d7c   0x00000040   Code   RO         2061    i.HAL_InitTick      stm32f4xx_hal.o
    0x08001dbc   0x08001dbc   0x00000034   Code   RO          864    i.HAL_MspInit       stm32f4xx_hal_msp.o
    0x08001df0   0x08001df0   0x0000001a   Code   RO         1910    i.HAL_NVIC_EnableIRQ  stm32f4xx_hal_cortex.o
    0x08001e0a   0x08001e0a   0x00000002   PAD
    0x08001e0c   0x08001e0c   0x00000040   Code   RO         1916    i.HAL_NVIC_SetPriority  stm32f4xx_hal_cortex.o
    0x08001e4c   0x08001e4c   0x00000024   Code   RO         1917    i.HAL_NVIC_SetPriorityGrouping  stm32f4xx_hal_cortex.o
    0x08001e70   0x08001e70   0x00000134   Code   RO         1167    i.HAL_RCC_ClockConfig  stm32f4xx_hal_rcc.o
    0x08001fa4   0x08001fa4   0x00000020   Code   RO         1174    i.HAL_RCC_GetPCLK1Freq  stm32f4xx_hal_rcc.o
    0x08001fc4   0x08001fc4   0x00000060   Code   RO         1176    i.HAL_RCC_GetSysClockFreq  stm32f4xx_hal_rcc.o
    0x08002024   0x08002024   0x0000036c   Code   RO         1179    i.HAL_RCC_OscConfig  stm32f4xx_hal_rcc.o
    0x08002390   0x08002390   0x000000bc   Code   RO         2573    i.HAL_SPI_Init      stm32f4xx_hal_spi.o
    0x0800244c   0x0800244c   0x00000090   Code   RO          627    i.HAL_SPI_MspInit   spi.o
    0x080024dc   0x080024dc   0x0000015a   Code   RO         2576    i.HAL_SPI_Receive   stm32f4xx_hal_spi.o
    0x08002636   0x08002636   0x00000166   Code   RO         2581    i.HAL_SPI_Transmit  stm32f4xx_hal_spi.o
    0x0800279c   0x0800279c   0x000001e2   Code   RO         2582    i.HAL_SPI_TransmitReceive  stm32f4xx_hal_spi.o
    0x0800297e   0x0800297e   0x00000028   Code   RO         1921    i.HAL_SYSTICK_Config  stm32f4xx_hal_cortex.o
    0x080029a6   0x080029a6   0x00000002   Code   RO         3590    i.HAL_TIMEx_BreakCallback  stm32f4xx_hal_tim_ex.o
    0x080029a8   0x080029a8   0x00000002   Code   RO         3591    i.HAL_TIMEx_CommutCallback  stm32f4xx_hal_tim_ex.o
    0x080029aa   0x080029aa   0x00000054   Code   RO         3593    i.HAL_TIMEx_ConfigBreakDeadTime  stm32f4xx_hal_tim_ex.o
    0x080029fe   0x080029fe   0x00000002   PAD
    0x08002a00   0x08002a00   0x00000090   Code   RO         3609    i.HAL_TIMEx_MasterConfigSynchronization  stm32f4xx_hal_tim_ex.o
    0x08002a90   0x08002a90   0x0000005a   Code   RO         2886    i.HAL_TIM_Base_Init  stm32f4xx_hal_tim.o
    0x08002aea   0x08002aea   0x00000002   PAD
    0x08002aec   0x08002aec   0x000000f0   Code   RO          669    i.HAL_TIM_Base_MspInit  tim.o
    0x08002bdc   0x08002bdc   0x00000080   Code   RO         2891    i.HAL_TIM_Base_Start_IT  stm32f4xx_hal_tim.o
    0x08002c5c   0x08002c5c   0x000000d6   Code   RO         2895    i.HAL_TIM_ConfigClockSource  stm32f4xx_hal_tim.o
    0x08002d32   0x08002d32   0x00000002   PAD
    0x08002d34   0x08002d34   0x00000118   Code   RO           17    i.HAL_TIM_IC_CaptureCallback  main.o
    0x08002e4c   0x08002e4c   0x0000010e   Code   RO         2922    i.HAL_TIM_IC_ConfigChannel  stm32f4xx_hal_tim.o
    0x08002f5a   0x08002f5a   0x0000005a   Code   RO         2925    i.HAL_TIM_IC_Init   stm32f4xx_hal_tim.o
    0x08002fb4   0x08002fb4   0x00000002   Code   RO         2927    i.HAL_TIM_IC_MspInit  stm32f4xx_hal_tim.o
    0x08002fb6   0x08002fb6   0x00000002   PAD
    0x08002fb8   0x08002fb8   0x00000108   Code   RO         2930    i.HAL_TIM_IC_Start_IT  stm32f4xx_hal_tim.o
    0x080030c0   0x080030c0   0x00000166   Code   RO         2934    i.HAL_TIM_IRQHandler  stm32f4xx_hal_tim.o
    0x08003226   0x08003226   0x00000002   PAD
    0x08003228   0x08003228   0x00000054   Code   RO          670    i.HAL_TIM_MspPostInit  tim.o
    0x0800327c   0x0800327c   0x00000002   Code   RO         2937    i.HAL_TIM_OC_DelayElapsedCallback  stm32f4xx_hal_tim.o
    0x0800327e   0x0800327e   0x000000c6   Code   RO         2958    i.HAL_TIM_PWM_ConfigChannel  stm32f4xx_hal_tim.o
    0x08003344   0x08003344   0x0000005a   Code   RO         2961    i.HAL_TIM_PWM_Init  stm32f4xx_hal_tim.o
    0x0800339e   0x0800339e   0x00000002   Code   RO         2963    i.HAL_TIM_PWM_MspInit  stm32f4xx_hal_tim.o
    0x080033a0   0x080033a0   0x00000002   Code   RO         2964    i.HAL_TIM_PWM_PulseFinishedCallback  stm32f4xx_hal_tim.o
    0x080033a2   0x080033a2   0x00000002   PAD
    0x080033a4   0x080033a4   0x000000c8   Code   RO         2966    i.HAL_TIM_PWM_Start  stm32f4xx_hal_tim.o
    0x0800346c   0x0800346c   0x000002ac   Code   RO           18    i.HAL_TIM_PeriodElapsedCallback  main.o
    0x08003718   0x08003718   0x0000002a   Code   RO         2974    i.HAL_TIM_ReadCapturedValue  stm32f4xx_hal_tim.o
    0x08003742   0x08003742   0x00000056   Code   RO         2975    i.HAL_TIM_SlaveConfigSynchro  stm32f4xx_hal_tim.o
    0x08003798   0x08003798   0x00000002   Code   RO         2977    i.HAL_TIM_TriggerCallback  stm32f4xx_hal_tim.o
    0x0800379a   0x0800379a   0x00000002   Code   RO          742    i.HardFault_Handler  stm32f4xx_it.o
    0x0800379c   0x0800379c   0x000000b8   Code   RO          487    i.MX_ADC1_Init      adc.o
    0x08003854   0x08003854   0x00000044   Code   RO          529    i.MX_CAN1_Init      can.o
    0x08003898   0x08003898   0x0000001c   Code   RO          569    i.MX_DMA_Init       dma.o
    0x080038b4   0x080038b4   0x00000134   Code   RO          347    i.MX_GPIO_Init      gpio.o
    0x080039e8   0x080039e8   0x0000002c   Code   RO          596    i.MX_IWDG_Init      iwdg.o
    0x08003a14   0x08003a14   0x00000076   Code   RO           19    i.MX_NVIC_Init      main.o
    0x08003a8a   0x08003a8a   0x00000002   PAD
    0x08003a8c   0x08003a8c   0x00000048   Code   RO          628    i.MX_SPI2_Init      spi.o
    0x08003ad4   0x08003ad4   0x000000c8   Code   RO          671    i.MX_TIM1_Init      tim.o
    0x08003b9c   0x08003b9c   0x00000068   Code   RO          672    i.MX_TIM2_Init      tim.o
    0x08003c04   0x08003c04   0x000000d8   Code   RO          673    i.MX_TIM3_Init      tim.o
    0x08003cdc   0x08003cdc   0x000000d8   Code   RO          674    i.MX_TIM4_Init      tim.o
    0x08003db4   0x08003db4   0x00000002   Code   RO          743    i.MemManage_Handler  stm32f4xx_it.o
    0x08003db6   0x08003db6   0x00000002   Code   RO          744    i.NMI_Handler       stm32f4xx_it.o
    0x08003db8   0x08003db8   0x00000002   Code   RO          745    i.PendSV_Handler    stm32f4xx_it.o
    0x08003dba   0x08003dba   0x0000005c   Code   RO         2610    i.SPI_EndRxTransaction  stm32f4xx_hal_spi.o
    0x08003e16   0x08003e16   0x00000002   PAD
    0x08003e18   0x08003e18   0x00000058   Code   RO         2611    i.SPI_EndRxTxTransaction  stm32f4xx_hal_spi.o
    0x08003e70   0x08003e70   0x000000b8   Code   RO         2616    i.SPI_WaitFlagStateUntilTimeout  stm32f4xx_hal_spi.o
    0x08003f28   0x08003f28   0x00000002   Code   RO          746    i.SVC_Handler       stm32f4xx_it.o
    0x08003f2a   0x08003f2a   0x00000004   Code   RO          747    i.SysTick_Handler   stm32f4xx_it.o
    0x08003f2e   0x08003f2e   0x00000002   PAD
    0x08003f30   0x08003f30   0x00000098   Code   RO           20    i.SystemClock_Config  main.o
    0x08003fc8   0x08003fc8   0x00000010   Code   RO         3858    i.SystemInit        system_stm32f4xx.o
    0x08003fd8   0x08003fd8   0x0000000c   Code   RO          748    i.TIM2_IRQHandler   stm32f4xx_it.o
    0x08003fe4   0x08003fe4   0x0000000c   Code   RO          749    i.TIM3_IRQHandler   stm32f4xx_it.o
    0x08003ff0   0x08003ff0   0x0000000c   Code   RO          750    i.TIM4_IRQHandler   stm32f4xx_it.o
    0x08003ffc   0x08003ffc   0x000000c8   Code   RO         2979    i.TIM_Base_SetConfig  stm32f4xx_hal_tim.o
    0x080040c4   0x080040c4   0x0000001a   Code   RO         2980    i.TIM_CCxChannelCmd  stm32f4xx_hal_tim.o
    0x080040de   0x080040de   0x00000014   Code   RO         2990    i.TIM_ETR_SetConfig  stm32f4xx_hal_tim.o
    0x080040f2   0x080040f2   0x00000010   Code   RO         2991    i.TIM_ITRx_SetConfig  stm32f4xx_hal_tim.o
    0x08004102   0x08004102   0x00000002   PAD
    0x08004104   0x08004104   0x00000060   Code   RO         2992    i.TIM_OC1_SetConfig  stm32f4xx_hal_tim.o
    0x08004164   0x08004164   0x0000006c   Code   RO         2993    i.TIM_OC2_SetConfig  stm32f4xx_hal_tim.o
    0x080041d0   0x080041d0   0x00000068   Code   RO         2994    i.TIM_OC3_SetConfig  stm32f4xx_hal_tim.o
    0x08004238   0x08004238   0x00000050   Code   RO         2995    i.TIM_OC4_SetConfig  stm32f4xx_hal_tim.o
    0x08004288   0x08004288   0x00000086   Code   RO         2996    i.TIM_SlaveTimer_SetConfig  stm32f4xx_hal_tim.o
    0x0800430e   0x0800430e   0x00000022   Code   RO         2997    i.TIM_TI1_ConfigInputStage  stm32f4xx_hal_tim.o
    0x08004330   0x08004330   0x00000080   Code   RO         2998    i.TIM_TI1_SetConfig  stm32f4xx_hal_tim.o
    0x080043b0   0x080043b0   0x00000024   Code   RO         2999    i.TIM_TI2_ConfigInputStage  stm32f4xx_hal_tim.o
    0x080043d4   0x080043d4   0x00000036   Code   RO         3000    i.TIM_TI2_SetConfig  stm32f4xx_hal_tim.o
    0x0800440a   0x0800440a   0x00000002   Code   RO          751    i.UsageFault_Handler  stm32f4xx_it.o
    0x0800440c   0x0800440c   0x00000020   Code   RO         1923    i.__NVIC_SetPriority  stm32f4xx_hal_cortex.o
    0x0800442c   0x0800442c   0x0000000e   Code   RO         3946    i.__scatterload_copy  mc_w.l(handlers.o)
    0x0800443a   0x0800443a   0x00000002   Code   RO         3947    i.__scatterload_null  mc_w.l(handlers.o)
    0x0800443c   0x0800443c   0x0000000e   Code   RO         3948    i.__scatterload_zeroinit  mc_w.l(handlers.o)
    0x0800444a   0x0800444a   0x00000002   PAD
    0x0800444c   0x0800444c   0x00000048   Code   RO           21    i.a11               main.o
    0x08004494   0x08004494   0x0000006c   Code   RO           22    i.a12               main.o
    0x08004500   0x08004500   0x00000048   Code   RO           24    i.a22               main.o
    0x08004548   0x08004548   0x0000001e   Code   RO           25    i.adxl_init         main.o
    0x08004566   0x08004566   0x00000002   PAD
    0x08004568   0x08004568   0x00000050   Code   RO           26    i.adxl_read         main.o
    0x080045b8   0x080045b8   0x00000040   Code   RO           27    i.adxl_write        main.o
    0x080045f8   0x080045f8   0x00000048   Code   RO           28    i.b11               main.o
    0x08004640   0x08004640   0x0000006c   Code   RO           30    i.beta_diff         main.o
    0x080046ac   0x080046ac   0x00000090   Code   RO           31    i.check_safety      main.o
    0x0800473c   0x0800473c   0x00000084   Code   RO           32    i.driving_mode      main.o
    0x080047c0   0x080047c0   0x0000007c   Code   RO           33    i.gamma_diff        main.o
    0x0800483c   0x0800483c   0x000001ac   Code   RO           34    i.main              main.o
    0x080049e8   0x080049e8   0x0000001e   Code   RO           35    i.map               main.o
    0x08004a06   0x08004a06   0x00000090   Code   RO           36    i.map_double        main.o
    0x08004a96   0x08004a96   0x00000002   PAD
    0x08004a98   0x08004a98   0x00000044   Code   RO           38    i.torque_command    main.o
    0x08004adc   0x08004adc   0x00000078   Code   RO           39    i.torque_to_can     main.o
    0x08004b54   0x08004b54   0x00000008   Data   RO         1640    .constdata          stm32f4xx_hal_dma.o
    0x08004b5c   0x08004b5c   0x00000010   Data   RO         3859    .constdata          system_stm32f4xx.o
    0x08004b6c   0x08004b6c   0x00000008   Data   RO         3860    .constdata          system_stm32f4xx.o
    0x08004b74   0x08004b74   0x00000020   Data   RO         3944    Region$$Table       anon$$obj.o


    Execution Region RW_IRAM2 (Exec base: 0x10000000, Load base: 0x08004cb4, Size: 0x00000000, Max: 0x00010000, ABSOLUTE)

    **** No section assigned to this execution region ****


    Execution Region RW_IRAM1 (Exec base: 0x20000000, Load base: 0x08004b94, Size: 0x00000800, Max: 0x00020000, ABSOLUTE)

    Exec Addr    Load Addr    Size         Type   Attr      Idx    E Section Name        Object

    0x20000000   0x08004b94   0x00000110   Data   RW           46    .data               main.o
    0x20000110   0x08004ca4   0x0000000c   Data   RW         2067    .data               stm32f4xx_hal.o
    0x2000011c   0x08004cb0   0x00000004   Data   RW         3861    .data               system_stm32f4xx.o
    0x20000120        -       0x00000088   Zero   RW           40    .bss                main.o
    0x200001a8        -       0x000000a8   Zero   RW          488    .bss                adc.o
    0x20000250        -       0x00000028   Zero   RW          530    .bss                can.o
    0x20000278        -       0x0000000c   Zero   RW          597    .bss                iwdg.o
    0x20000284        -       0x00000058   Zero   RW          629    .bss                spi.o
    0x200002dc        -       0x00000120   Zero   RW          675    .bss                tim.o
    0x200003fc   0x08004cb4   0x00000004   PAD
    0x20000400        -       0x00000400   Zero   RW            1    STACK               startup_stm32f407xx.o


==============================================================================

Image component sizes


      Code (inc. data)   RO Data    RW Data    ZI Data      Debug   Object Name

       368         36          0          0        168       2043   adc.o
       172         22          0          0         40       1829   can.o
        28          6          0          0          0        826   dma.o
       516         56          0          0          0     710764   gpio.o
        44          8          0          0         12        795   iwdg.o
      3466        414          0        272        136     705389   main.o
       216         24          0          0         88       1885   spi.o
        36          8        392          0       1024        872   startup_stm32f407xx.o
       180         28          0         12          0       9689   stm32f4xx_hal.o
      1200         66          0          0          0       7829   stm32f4xx_hal_adc.o
      1658          6          0          0          0      14963   stm32f4xx_hal_can.o
       198         14          0          0          0      34151   stm32f4xx_hal_cortex.o
       902         16          8          0          0       6047   stm32f4xx_hal_dma.o
       552         50          0          0          0       4335   stm32f4xx_hal_gpio.o
       102          0          0          0          0       1951   stm32f4xx_hal_iwdg.o
        52          4          0          0          0        938   stm32f4xx_hal_msp.o
      1312         60          0          0          0       4817   stm32f4xx_hal_rcc.o
      1738         12          0          0          0       8758   stm32f4xx_hal_spi.o
      3076        200          0          0          0      24750   stm32f4xx_hal_tim.o
       232         28          0          0          0       3449   stm32f4xx_hal_tim_ex.o
       104         30          0          0          0       8994   stm32f4xx_it.o
        16          4         24          4          0       1235   system_stm32f4xx.o
      1060         72          0          0        288       5267   tim.o

    ----------------------------------------------------------------------
     17272       1164        456        288       1760    1561576   Object Totals
         0          0         32          0          0          0   (incl. Generated)
        44          0          0          0          4          0   (incl. Padding)

    ----------------------------------------------------------------------

      Code (inc. data)   RO Data    RW Data    ZI Data      Debug   Library Member Name

         0          0          0          0          0          0   entry.o
         0          0          0          0          0          0   entry10a.o
         0          0          0          0          0          0   entry11a.o
         4          0          0          0          0          0   entry12b.o
         8          4          0          0          0          0   entry2.o
         4          0          0          0          0          0   entry5.o
         0          0          0          0          0          0   entry7b.o
         0          0          0          0          0          0   entry8b.o
         8          4          0          0          0          0   entry9a.o
        30          0          0          0          0          0   handlers.o
        36          8          0          0          0         68   init.o
         0          0          0          0          0          0   iusefp.o
        30          0          0          0          0         68   llshl.o
        36          0          0          0          0         68   llsshr.o
        32          0          0          0          0         68   llushr.o
        36          0          0          0          0        108   memseta.o
        98          0          0          0          0         92   uldiv.o
        48          0          0          0          0         68   cdrcmple.o
        56          0          0          0          0         88   d2f.o
       334          0          0          0          0        148   dadd.o
       222          0          0          0          0        100   ddiv.o
       186          0          0          0          0        176   depilogue.o
        50          0          0          0          0         76   dfixui.o
        34          0          0          0          0         76   dflti.o
        26          0          0          0          0         76   dfltui.o
       228          0          0          0          0         96   dmul.o
       110          0          0          0          0        168   fepilogue.o

    ----------------------------------------------------------------------
      1620         16          0          0          0       1544   Library Totals
         4          0          0          0          0          0   (incl. Padding)

    ----------------------------------------------------------------------

      Code (inc. data)   RO Data    RW Data    ZI Data      Debug   Library Name

       322         16          0          0          0        472   mc_w.l
      1294          0          0          0          0       1072   mf_w.l

    ----------------------------------------------------------------------
      1620         16          0          0          0       1544   Library Totals

    ----------------------------------------------------------------------

==============================================================================


      Code (inc. data)   RO Data    RW Data    ZI Data      Debug   

     18892       1180        456        288       1760    1547596   Grand Totals
     18892       1180        456        288       1760    1547596   ELF Image Totals
     18892       1180        456        288          0          0   ROM Totals

==============================================================================

    Total RO  Size (Code + RO Data)                19348 (  18.89kB)
    Total RW  Size (RW Data + ZI Data)              2048 (   2.00kB)
    Total ROM Size (Code + RO Data + RW Data)      19636 (  19.18kB)

==============================================================================

